#
# There is insufficient memory for the Java Runtime Environment to continue.
# Native memory allocation (malloc) failed to allocate 1154736 bytes. Error detail: Chunk::new
# Possible reasons:
#   The system is out of physical RAM or swap space
#   This process is running with CompressedOops enabled, and the Java Heap may be blocking the growth of the native heap
# Possible solutions:
#   Reduce memory load on the system
#   Increase physical memory or swap space
#   Check if swap backing store is full
#   Decrease Java heap size (-Xmx/-Xms)
#   Decrease number of Java threads
#   Decrease Java thread stack sizes (-Xss)
#   Set larger code cache with -XX:ReservedCodeCacheSize=
#   JVM is running with Zero Based Compressed Oops mode in which the Java heap is
#     placed in the first 32GB address space. The Java Heap base address is the
#     maximum limit for the native heap growth. Please use -XX:HeapBaseMinAddress
#     to set the Java Heap base and to place the Java Heap above 32GB virtual address.
# This output file may be truncated or incomplete.
#
#  Out of Memory Error (arena.cpp:168), pid=28588, tid=9136
#
# JRE version: OpenJDK Runtime Environment Temurin-21.0.10+7 (21.0.10+7) (build 21.0.10+7-LTS)
# Java VM: OpenJDK 64-Bit Server VM Temurin-21.0.10+7 (21.0.10+7-LTS, mixed mode, sharing, tiered, compressed oops, compressed class ptrs, parallel gc, windows-amd64)
# No core dump will be written. Minidumps are not enabled by default on client versions of Windows
#

---------------  S U M M A R Y ------------

Command Line: --add-modules=ALL-SYSTEM --add-opens=java.base/java.util=ALL-UNNAMED --add-opens=java.base/java.lang=ALL-UNNAMED --add-opens=java.base/sun.nio.fs=ALL-UNNAMED -Declipse.application=org.eclipse.jdt.ls.core.id1 -Dosgi.bundles.defaultStartLevel=4 -Declipse.product=org.eclipse.jdt.ls.core.product -Djava.import.generatesMetadataFilesAtProjectRoot=false -Dfile.encoding=utf8 -Xverify:none -XX:+UseParallelGC -XX:GCTimeRatio=4 -XX:AdaptiveSizePolicyWeight=90 -Dsun.zip.disableMemoryMapping=true -Djava.lsp.joinOnCompletion=true -Xmx3G -Xms100m -Xlog:disable -Dlog.level=ALL -javaagent:C:\Users\aqwsd\.serena\language_servers\static\EclipseJDTLS\vscode-java-1.54.0-923\extension\lombok\lombok-1.18.39-4050.jar -Djdt.core.sharedIndexLocation=C:\Users\aqwsd\.serena\language_servers\static\lsp\EclipseJDTLS\sharedIndex C:\Users\aqwsd\.serena\language_servers\static\EclipseJDTLS\vscode-java-1.54.0-923\extension\server\plugins\org.eclipse.equinox.launcher_1.7.100.v20251111-0406.jar -configuration C:\Users\aqwsd\.serena\language_servers\static\EclipseJDTLS\workspaces\fb766bf42144c95c9ec203e42adba588\config_path -data C:\Users\aqwsd\.serena\language_servers\static\EclipseJDTLS\workspaces\fb766bf42144c95c9ec203e42adba588\data_dir

Host: Intel(R) Core(TM) i9-14900HX, 32 cores, 31G,  Windows 11 , 64 bit Build 26100 (10.0.26100.8328)
Time: Mon Jun  8 19:36:58 2026 elapsed time: 99.980505 seconds (0d 0h 1m 39s)

---------------  T H R E A D  ---------------

Current thread (0x000001c28f51c730):  JavaThread "C2 CompilerThread0" daemon [_thread_in_native, id=9136, stack(0x000000ae7c300000,0x000000ae7c400000) (1024K)]


Current CompileTask:
C2:99982 15280       4       org.eclipse.jdt.internal.compiler.lookup.PackageBinding::hasCompilationUnit (101 bytes)

Stack: [0x000000ae7c300000,0x000000ae7c400000]
Native frames: (J=compiled Java code, j=interpreted, Vv=VM code, C=native code)
V  [jvm.dll+0x6d7a39]
V  [jvm.dll+0x8b4b26]
V  [jvm.dll+0x8b70de]
V  [jvm.dll+0x8b77c3]
V  [jvm.dll+0x284346]
V  [jvm.dll+0xc66ed]
V  [jvm.dll+0xc6c31]
V  [jvm.dll+0x3bec01]
V  [jvm.dll+0x38b162]
V  [jvm.dll+0x38a5aa]
V  [jvm.dll+0x24c560]
V  [jvm.dll+0x24bb40]
V  [jvm.dll+0x1cb34e]
V  [jvm.dll+0x25b85d]
V  [jvm.dll+0x259dea]
V  [jvm.dll+0x3f857e]
V  [jvm.dll+0x85f59d]
V  [jvm.dll+0x6d626d]
C  [ucrtbase.dll+0x37b0]
C  [KERNEL32.DLL+0x2e957]
C  [ntdll.dll+0x427c]


---------------  P R O C E S S  ---------------

Threads class SMR info:
_java_thread_list=0x000001c2a5ec3b90, length=109, elements={
0x000001c231bb6ae0, 0x000001c24ce22e60, 0x000001c28f4eee30, 0x000001c28f4f2f90,
0x000001c28f4f39f0, 0x000001c28f4f5340, 0x000001c28f4f9b00, 0x000001c28f51c730,
0x000001c28f51e530, 0x000001c29703f850, 0x000001c29719a140, 0x000001c297a7ea30,
0x000001c2978ee880, 0x000001c297736470, 0x000001c2977373a0, 0x000001c2985107d0,
0x000001c2983ef8b0, 0x000001c2987b6fc0, 0x000001c29876fdb0, 0x000001c298770ad0,
0x000001c298771160, 0x000001c298772510, 0x000001c298771e80, 0x000001c2980fa720,
0x000001c2980f9a00, 0x000001c2980fa090, 0x000001c2980fadb0, 0x000001c2980f8ce0,
0x000001c2980f7fc0, 0x000001c2980fbad0, 0x000001c29b0180b0, 0x000001c29b018740,
0x000001c29b01aea0, 0x000001c29b017a20, 0x000001c29b01c250, 0x000001c29b018dd0,
0x000001c29b01cf70, 0x000001c29c92ea50, 0x000001c29b01a810, 0x000001c29b019af0,
0x000001c29b01e9b0, 0x000001c29b01d600, 0x000001c29b01dc90, 0x000001c29b01e320,
0x000001c29876f090, 0x000001c2980f9370, 0x000001c297611730, 0x000001c297610380,
0x000001c2976110a0, 0x000001c29760efd0, 0x000001c297610a10, 0x000001c29760fcf0,
0x000001c297611dc0, 0x000001c29760e940, 0x000001c297612450, 0x000001c297612ae0,
0x000001c29760f660, 0x000001c297614bb0, 0x000001c297615240, 0x000001c2976158d0,
0x000001c297613170, 0x000001c297613800, 0x000001c297613e90, 0x000001c297614520,
0x000001c298770440, 0x000001c29b01a180, 0x000001c29ba11480, 0x000001c29ba11b10,
0x000001c29ba0fa40, 0x000001c29ba121a0, 0x000001c29ba0f3b0, 0x000001c29ba12830,
0x000001c29ba13550, 0x000001c29ba12ec0, 0x000001c29ba10760, 0x000001c29ba10df0,
0x000001c29ba100d0, 0x000001c29ba14270, 0x000001c29ba14900, 0x000001c29ba14f90,
0x000001c29ba13be0, 0x000001c29ba15620, 0x000001c29ba15cb0, 0x000001c29ba16340,
0x000001c29ba169d0, 0x000001c29ca6d8b0, 0x000001c29ca6ec60, 0x000001c29ca6df40,
0x000001c29ca6be70, 0x000001c29ca6cb90, 0x000001c29ca6c500, 0x000001c29ca6e5d0,
0x000001c29ca6d220, 0x000001c29ca6b7e0, 0x000001c29ca713c0, 0x000001c29ca71a50,
0x000001c29ca706a0, 0x000001c29ca70d30, 0x000001c29ca720e0, 0x000001c29ca72770,
0x000001c29ca6f2f0, 0x000001c29ca72e00, 0x000001c29ca6f980, 0x000001c29ca70010,
0x000001c2a4bd07c0, 0x000001c2a4bcf410, 0x000001c2a4bd0e50, 0x000001c29c92f7f0,
0x000001c29c92c840
}

Java Threads: ( => current thread )
  0x000001c231bb6ae0 JavaThread "main"                              [_thread_blocked, id=52616, stack(0x000000ae7b900000,0x000000ae7ba00000) (1024K)]
  0x000001c24ce22e60 JavaThread "Reference Handler"          daemon [_thread_blocked, id=17820, stack(0x000000ae7bd00000,0x000000ae7be00000) (1024K)]
  0x000001c28f4eee30 JavaThread "Finalizer"                  daemon [_thread_blocked, id=51864, stack(0x000000ae7be00000,0x000000ae7bf00000) (1024K)]
  0x000001c28f4f2f90 JavaThread "Signal Dispatcher"          daemon [_thread_blocked, id=49640, stack(0x000000ae7bf00000,0x000000ae7c000000) (1024K)]
  0x000001c28f4f39f0 JavaThread "Attach Listener"            daemon [_thread_blocked, id=53152, stack(0x000000ae7c000000,0x000000ae7c100000) (1024K)]
  0x000001c28f4f5340 JavaThread "Service Thread"             daemon [_thread_blocked, id=49592, stack(0x000000ae7c100000,0x000000ae7c200000) (1024K)]
  0x000001c28f4f9b00 JavaThread "Monitor Deflation Thread"   daemon [_thread_blocked, id=7012, stack(0x000000ae7c200000,0x000000ae7c300000) (1024K)]
=>0x000001c28f51c730 JavaThread "C2 CompilerThread0"         daemon [_thread_in_native, id=9136, stack(0x000000ae7c300000,0x000000ae7c400000) (1024K)]
  0x000001c28f51e530 JavaThread "C1 CompilerThread0"         daemon [_thread_blocked, id=52548, stack(0x000000ae7c400000,0x000000ae7c500000) (1024K)]
  0x000001c29703f850 JavaThread "Common-Cleaner"             daemon [_thread_blocked, id=50980, stack(0x000000ae7c800000,0x000000ae7c900000) (1024K)]
  0x000001c29719a140 JavaThread "Notification Thread"        daemon [_thread_blocked, id=22524, stack(0x000000ae7cb00000,0x000000ae7cc00000) (1024K)]
  0x000001c297a7ea30 JavaThread "Active Thread: Equinox Container: 26ad2621-e4df-4573-a175-636bf763bc08"        [_thread_blocked, id=46876, stack(0x000000ae7d500000,0x000000ae7d600000) (1024K)]
  0x000001c2978ee880 JavaThread "Refresh Thread: Equinox Container: 26ad2621-e4df-4573-a175-636bf763bc08" daemon [_thread_blocked, id=7984, stack(0x000000ae7d600000,0x000000ae7d700000) (1024K)]
  0x000001c297736470 JavaThread "Framework Event Dispatcher: Equinox Container: 26ad2621-e4df-4573-a175-636bf763bc08" daemon [_thread_blocked, id=47268, stack(0x000000ae7d800000,0x000000ae7d900000) (1024K)]
  0x000001c2977373a0 JavaThread "Start Level: Equinox Container: 26ad2621-e4df-4573-a175-636bf763bc08" daemon [_thread_blocked, id=31252, stack(0x000000ae7d900000,0x000000ae7da00000) (1024K)]
  0x000001c2985107d0 JavaThread "Bundle File Closer"         daemon [_thread_blocked, id=47840, stack(0x000000ae7dd00000,0x000000ae7de00000) (1024K)]
  0x000001c2983ef8b0 JavaThread "SCR Component Actor"        daemon [_thread_blocked, id=39256, stack(0x000000ae7d400000,0x000000ae7d500000) (1024K)]
  0x000001c2987b6fc0 JavaThread "Worker-JM"                         [_thread_blocked, id=53816, stack(0x000000ae7df00000,0x000000ae7e000000) (1024K)]
  0x000001c29876fdb0 JavaThread "JNA Cleaner"                daemon [_thread_blocked, id=42060, stack(0x000000ae7c700000,0x000000ae7c800000) (1024K)]
  0x000001c298770ad0 JavaThread "Worker-1"                          [_thread_blocked, id=20848, stack(0x000000ae7e500000,0x000000ae7e600000) (1024K)]
  0x000001c298771160 JavaThread "Worker-2"                          [_thread_blocked, id=46492, stack(0x000000ae7e600000,0x000000ae7e700000) (1024K)]
  0x000001c298772510 JavaThread "Java indexing"              daemon [_thread_in_Java, id=52060, stack(0x000000ae7ea00000,0x000000ae7eb00000) (1024K)]
  0x000001c298771e80 JavaThread "Worker-3: Building"                [_thread_in_Java, id=40196, stack(0x000000ae7eb00000,0x000000ae7ec00000) (1024K)]
  0x000001c2980fa720 JavaThread "Worker-4"                          [_thread_blocked, id=42412, stack(0x000000ae7f300000,0x000000ae7f400000) (1024K)]
  0x000001c2980f9a00 JavaThread "Worker-6"                          [_thread_blocked, id=53340, stack(0x000000ae7f500000,0x000000ae7f600000) (1024K)]
  0x000001c2980fa090 JavaThread "Worker-7: Java indexing... "        [_thread_blocked, id=46536, stack(0x000000ae7f800000,0x000000ae7f900000) (1024K)]
  0x000001c2980fadb0 JavaThread "pool-2-thread-1"                   [_thread_blocked, id=37072, stack(0x000000ae7f900000,0x000000ae7fa00000) (1024K)]
  0x000001c2980f8ce0 JavaThread "Worker-8: Initialize workspace"        [_thread_blocked, id=45800, stack(0x000000ae7fd00000,0x000000ae7fe00000) (1024K)]
  0x000001c2980f7fc0 JavaThread "WorkspaceEventsHandler"            [_thread_blocked, id=44696, stack(0x000000ae7fe00000,0x000000ae7ff00000) (1024K)]
  0x000001c2980fbad0 JavaThread "pool-1-thread-1"                   [_thread_in_native, id=41632, stack(0x000000ae7ff00000,0x000000ae80000000) (1024K)]
  0x000001c29b0180b0 JavaThread "Timer-0"                           [_thread_blocked, id=30300, stack(0x000000ae7ef00000,0x000000ae7f000000) (1024K)]
  0x000001c29b018740 JavaThread "Timer-1"                           [_thread_blocked, id=52276, stack(0x000000ae7fb00000,0x000000ae7fc00000) (1024K)]
  0x000001c29b01aea0 JavaThread "Timer-2"                           [_thread_blocked, id=3932, stack(0x000000ae7c500000,0x000000ae7c600000) (1024K)]
  0x000001c29b017a20 JavaThread "Timer-3"                           [_thread_blocked, id=51108, stack(0x000000ae7c600000,0x000000ae7c700000) (1024K)]
  0x000001c29b01c250 JavaThread "Timer-4"                           [_thread_blocked, id=55824, stack(0x000000ae00300000,0x000000ae00400000) (1024K)]
  0x000001c29b018dd0 JavaThread "Timer-5"                           [_thread_blocked, id=55836, stack(0x000000ae00400000,0x000000ae00500000) (1024K)]
  0x000001c29b01cf70 JavaThread "Timer-6"                           [_thread_blocked, id=55536, stack(0x000000ae00500000,0x000000ae00600000) (1024K)]
  0x000001c29c92ea50 JavaThread "C1 CompilerThread1"         daemon [_thread_blocked, id=55208, stack(0x000000ae00100000,0x000000ae00200000) (1024K)]
  0x000001c29b01a810 JavaThread "ForkJoinPool.commonPool-worker-1" daemon [_thread_blocked, id=56312, stack(0x000000ae00200000,0x000000ae00300000) (1024K)]
  0x000001c29b019af0 JavaThread "Timer-7"                           [_thread_blocked, id=55696, stack(0x000000ae00700000,0x000000ae00800000) (1024K)]
  0x000001c29b01e9b0 JavaThread "ForkJoinPool.commonPool-worker-2" daemon [_thread_blocked, id=55472, stack(0x000000ae00800000,0x000000ae00900000) (1024K)]
  0x000001c29b01d600 JavaThread "ForkJoinPool.commonPool-worker-3" daemon [_thread_blocked, id=54308, stack(0x000000ae00a00000,0x000000ae00b00000) (1024K)]
  0x000001c29b01dc90 JavaThread "ForkJoinPool.commonPool-worker-4" daemon [_thread_blocked, id=54880, stack(0x000000ae00b00000,0x000000ae00c00000) (1024K)]
  0x000001c29b01e320 JavaThread "ForkJoinPool.commonPool-worker-5" daemon [_thread_blocked, id=56188, stack(0x000000ae00c00000,0x000000ae00d00000) (1024K)]
  0x000001c29876f090 JavaThread "ForkJoinPool.commonPool-worker-6" daemon [_thread_blocked, id=54284, stack(0x000000ae00d00000,0x000000ae00e00000) (1024K)]
  0x000001c2980f9370 JavaThread "ForkJoinPool.commonPool-worker-7" daemon [_thread_blocked, id=40328, stack(0x000000ae00e00000,0x000000ae00f00000) (1024K)]
  0x000001c297611730 JavaThread "ForkJoinPool.commonPool-worker-8" daemon [_thread_blocked, id=56140, stack(0x000000ae00f00000,0x000000ae01000000) (1024K)]
  0x000001c297610380 JavaThread "ForkJoinPool.commonPool-worker-9" daemon [_thread_blocked, id=56040, stack(0x000000ae01000000,0x000000ae01100000) (1024K)]
  0x000001c2976110a0 JavaThread "ForkJoinPool.commonPool-worker-10" daemon [_thread_blocked, id=56340, stack(0x000000ae01100000,0x000000ae01200000) (1024K)]
  0x000001c29760efd0 JavaThread "ForkJoinPool.commonPool-worker-11" daemon [_thread_blocked, id=55032, stack(0x000000ae01200000,0x000000ae01300000) (1024K)]
  0x000001c297610a10 JavaThread "ForkJoinPool.commonPool-worker-12" daemon [_thread_blocked, id=5544, stack(0x000000ae01300000,0x000000ae01400000) (1024K)]
  0x000001c29760fcf0 JavaThread "ForkJoinPool.commonPool-worker-13" daemon [_thread_blocked, id=55864, stack(0x000000ae01400000,0x000000ae01500000) (1024K)]
  0x000001c297611dc0 JavaThread "ForkJoinPool.commonPool-worker-14" daemon [_thread_blocked, id=50564, stack(0x000000ae01500000,0x000000ae01600000) (1024K)]
  0x000001c29760e940 JavaThread "ForkJoinPool.commonPool-worker-15" daemon [_thread_blocked, id=55280, stack(0x000000ae01600000,0x000000ae01700000) (1024K)]
  0x000001c297612450 JavaThread "ForkJoinPool.commonPool-worker-16" daemon [_thread_blocked, id=55724, stack(0x000000ae01700000,0x000000ae01800000) (1024K)]
  0x000001c297612ae0 JavaThread "ForkJoinPool.commonPool-worker-17" daemon [_thread_blocked, id=52628, stack(0x000000ae01800000,0x000000ae01900000) (1024K)]
  0x000001c29760f660 JavaThread "ForkJoinPool.commonPool-worker-19" daemon [_thread_blocked, id=55640, stack(0x000000ae01900000,0x000000ae01a00000) (1024K)]
  0x000001c297614bb0 JavaThread "ForkJoinPool.commonPool-worker-18" daemon [_thread_blocked, id=54724, stack(0x000000ae01a00000,0x000000ae01b00000) (1024K)]
  0x000001c297615240 JavaThread "ForkJoinPool.commonPool-worker-20" daemon [_thread_blocked, id=54840, stack(0x000000ae01b00000,0x000000ae01c00000) (1024K)]
  0x000001c2976158d0 JavaThread "ForkJoinPool.commonPool-worker-21" daemon [_thread_blocked, id=56352, stack(0x000000ae01c00000,0x000000ae01d00000) (1024K)]
  0x000001c297613170 JavaThread "LocalFile Deleter"          daemon [_thread_blocked, id=54740, stack(0x000000ae00900000,0x000000ae00a00000) (1024K)]
  0x000001c297613800 JavaThread "LocalFile Deleter"          daemon [_thread_blocked, id=52476, stack(0x000000ae01d00000,0x000000ae01e00000) (1024K)]
  0x000001c297613e90 JavaThread "LocalFile Deleter"          daemon [_thread_blocked, id=55948, stack(0x000000ae01e00000,0x000000ae01f00000) (1024K)]
  0x000001c297614520 JavaThread "LocalFile Deleter"          daemon [_thread_blocked, id=19960, stack(0x000000ae01f00000,0x000000ae02000000) (1024K)]
  0x000001c298770440 JavaThread "LocalFile Deleter"          daemon [_thread_blocked, id=56328, stack(0x000000ae02000000,0x000000ae02100000) (1024K)]
  0x000001c29b01a180 JavaThread "LocalFile Deleter"          daemon [_thread_blocked, id=45536, stack(0x000000ae02100000,0x000000ae02200000) (1024K)]
  0x000001c29ba11480 JavaThread "LocalFile Deleter"          daemon [_thread_blocked, id=53352, stack(0x000000ae02200000,0x000000ae02300000) (1024K)]
  0x000001c29ba11b10 JavaThread "LocalFile Deleter"          daemon [_thread_blocked, id=56044, stack(0x000000ae02300000,0x000000ae02400000) (1024K)]
  0x000001c29ba0fa40 JavaThread "LocalFile Deleter"          daemon [_thread_blocked, id=56144, stack(0x000000ae02400000,0x000000ae02500000) (1024K)]
  0x000001c29ba121a0 JavaThread "LocalFile Deleter"          daemon [_thread_blocked, id=55676, stack(0x000000ae02500000,0x000000ae02600000) (1024K)]
  0x000001c29ba0f3b0 JavaThread "LocalFile Deleter"          daemon [_thread_blocked, id=55720, stack(0x000000ae02600000,0x000000ae02700000) (1024K)]
  0x000001c29ba12830 JavaThread "LocalFile Deleter"          daemon [_thread_blocked, id=56068, stack(0x000000ae02700000,0x000000ae02800000) (1024K)]
  0x000001c29ba13550 JavaThread "LocalFile Deleter"          daemon [_thread_blocked, id=54820, stack(0x000000ae02800000,0x000000ae02900000) (1024K)]
  0x000001c29ba12ec0 JavaThread "LocalFile Deleter"          daemon [_thread_blocked, id=55248, stack(0x000000ae02900000,0x000000ae02a00000) (1024K)]
  0x000001c29ba10760 JavaThread "LocalFile Deleter"          daemon [_thread_blocked, id=56376, stack(0x000000ae02a00000,0x000000ae02b00000) (1024K)]
  0x000001c29ba10df0 JavaThread "LocalFile Deleter"          daemon [_thread_blocked, id=55636, stack(0x000000ae02b00000,0x000000ae02c00000) (1024K)]
  0x000001c29ba100d0 JavaThread "LocalFile Deleter"          daemon [_thread_blocked, id=38148, stack(0x000000ae02c00000,0x000000ae02d00000) (1024K)]
  0x000001c29ba14270 JavaThread "LocalFile Deleter"          daemon [_thread_blocked, id=55332, stack(0x000000ae02d00000,0x000000ae02e00000) (1024K)]
  0x000001c29ba14900 JavaThread "LocalFile Deleter"          daemon [_thread_blocked, id=55224, stack(0x000000ae02e00000,0x000000ae02f00000) (1024K)]
  0x000001c29ba14f90 JavaThread "LocalFile Deleter"          daemon [_thread_blocked, id=54824, stack(0x000000ae02f00000,0x000000ae03000000) (1024K)]
  0x000001c29ba13be0 JavaThread "LocalFile Deleter"          daemon [_thread_blocked, id=54992, stack(0x000000ae03000000,0x000000ae03100000) (1024K)]
  0x000001c29ba15620 JavaThread "LocalFile Deleter"          daemon [_thread_blocked, id=56028, stack(0x000000ae03100000,0x000000ae03200000) (1024K)]
  0x000001c29ba15cb0 JavaThread "LocalFile Deleter"          daemon [_thread_blocked, id=39300, stack(0x000000ae03200000,0x000000ae03300000) (1024K)]
  0x000001c29ba16340 JavaThread "LocalFile Deleter"          daemon [_thread_blocked, id=30144, stack(0x000000ae03300000,0x000000ae03400000) (1024K)]
  0x000001c29ba169d0 JavaThread "LocalFile Deleter"          daemon [_thread_blocked, id=29900, stack(0x000000ae03400000,0x000000ae03500000) (1024K)]
  0x000001c29ca6d8b0 JavaThread "LocalFile Deleter"          daemon [_thread_blocked, id=55740, stack(0x000000ae03500000,0x000000ae03600000) (1024K)]
  0x000001c29ca6ec60 JavaThread "LocalFile Deleter"          daemon [_thread_blocked, id=54744, stack(0x000000ae03600000,0x000000ae03700000) (1024K)]
  0x000001c29ca6df40 JavaThread "LocalFile Deleter"          daemon [_thread_blocked, id=25408, stack(0x000000ae03700000,0x000000ae03800000) (1024K)]
  0x000001c29ca6be70 JavaThread "LocalFile Deleter"          daemon [_thread_blocked, id=37532, stack(0x000000ae03800000,0x000000ae03900000) (1024K)]
  0x000001c29ca6cb90 JavaThread "LocalFile Deleter"          daemon [_thread_blocked, id=56400, stack(0x000000ae03900000,0x000000ae03a00000) (1024K)]
  0x000001c29ca6c500 JavaThread "LocalFile Deleter"          daemon [_thread_blocked, id=56392, stack(0x000000ae03a00000,0x000000ae03b00000) (1024K)]
  0x000001c29ca6e5d0 JavaThread "LocalFile Deleter"          daemon [_thread_blocked, id=54692, stack(0x000000ae03b00000,0x000000ae03c00000) (1024K)]
  0x000001c29ca6d220 JavaThread "Compiler Source File Reader" daemon [_thread_blocked, id=56916, stack(0x000000ae00000000,0x000000ae00100000) (1024K)]
  0x000001c29ca6b7e0 JavaThread "Compiler Source File Reader" daemon [_thread_blocked, id=56924, stack(0x000000ae00600000,0x000000ae00700000) (1024K)]
  0x000001c29ca713c0 JavaThread "Compiler Source File Reader" daemon [_thread_blocked, id=49372, stack(0x000000ae03c00000,0x000000ae03d00000) (1024K)]
  0x000001c29ca71a50 JavaThread "Compiler Source File Reader" daemon [_thread_blocked, id=56592, stack(0x000000ae03d00000,0x000000ae03e00000) (1024K)]
  0x000001c29ca706a0 JavaThread "Compiler Source File Reader" daemon [_thread_blocked, id=56928, stack(0x000000ae03e00000,0x000000ae03f00000) (1024K)]
  0x000001c29ca70d30 JavaThread "Compiler Source File Reader" daemon [_thread_blocked, id=56588, stack(0x000000ae03f00000,0x000000ae04000000) (1024K)]
  0x000001c29ca720e0 JavaThread "Compiler Source File Reader" daemon [_thread_blocked, id=56952, stack(0x000000ae04000000,0x000000ae04100000) (1024K)]
  0x000001c29ca72770 JavaThread "Compiler Source File Reader" daemon [_thread_blocked, id=56956, stack(0x000000ae04100000,0x000000ae04200000) (1024K)]
  0x000001c29ca6f2f0 JavaThread "Compiler Source File Reader" daemon [_thread_blocked, id=56960, stack(0x000000ae04200000,0x000000ae04300000) (1024K)]
  0x000001c29ca72e00 JavaThread "Compiler Source File Reader" daemon [_thread_blocked, id=52932, stack(0x000000ae04300000,0x000000ae04400000) (1024K)]
  0x000001c29ca6f980 JavaThread "Compiler Source File Reader" daemon [_thread_blocked, id=55820, stack(0x000000ae04400000,0x000000ae04500000) (1024K)]
  0x000001c29ca70010 JavaThread "Compiler Source File Reader" daemon [_thread_blocked, id=56948, stack(0x000000ae04500000,0x000000ae04600000) (1024K)]
  0x000001c2a4bd07c0 JavaThread "Compiler Source File Reader" daemon [_thread_blocked, id=56968, stack(0x000000ae04600000,0x000000ae04700000) (1024K)]
  0x000001c2a4bcf410 JavaThread "Compiler Source File Reader" daemon [_thread_blocked, id=56972, stack(0x000000ae04700000,0x000000ae04800000) (1024K)]
  0x000001c2a4bd0e50 JavaThread "Compiler Source File Reader" daemon [_thread_blocked, id=56584, stack(0x000000ae04800000,0x000000ae04900000) (1024K)]
  0x000001c29c92f7f0 JavaThread "C1 CompilerThread2"         daemon [_thread_blocked, id=55256, stack(0x000000ae04a00000,0x000000ae04b00000) (1024K)]
  0x000001c29c92c840 JavaThread "C2 CompilerThread1"         daemon [_thread_in_native, id=54628, stack(0x000000ae04900000,0x000000ae04a00000) (1024K)]
Total: 109

Other Threads:
  0x000001c24ce13a70 VMThread "VM Thread"                           [id=3664, stack(0x000000ae7bc00000,0x000000ae7bd00000) (1024K)]
  0x000001c24cd0ca00 WatcherThread "VM Periodic Task Thread"        [id=48732, stack(0x000000ae7bb00000,0x000000ae7bc00000) (1024K)]
  0x000001c234057ae0 WorkerThread "GC Thread#0"                     [id=45012, stack(0x000000ae7ba00000,0x000000ae7bb00000) (1024K)]
  0x000001c297547270 WorkerThread "GC Thread#1"                     [id=8392, stack(0x000000ae7ce00000,0x000000ae7cf00000) (1024K)]
  0x000001c297547a20 WorkerThread "GC Thread#2"                     [id=20568, stack(0x000000ae7cf00000,0x000000ae7d000000) (1024K)]
  0x000001c297547fe0 WorkerThread "GC Thread#3"                     [id=52416, stack(0x000000ae7d000000,0x000000ae7d100000) (1024K)]
  0x000001c297548bb0 WorkerThread "GC Thread#4"                     [id=5124, stack(0x000000ae7d100000,0x000000ae7d200000) (1024K)]
  0x000001c2978c8580 WorkerThread "GC Thread#5"                     [id=47804, stack(0x000000ae7d200000,0x000000ae7d300000) (1024K)]
  0x000001c2978c8930 WorkerThread "GC Thread#6"                     [id=21616, stack(0x000000ae7d300000,0x000000ae7d400000) (1024K)]
  0x000001c29771ba50 WorkerThread "GC Thread#7"                     [id=48868, stack(0x000000ae7d700000,0x000000ae7d800000) (1024K)]
  0x000001c298048900 WorkerThread "GC Thread#8"                     [id=2844, stack(0x000000ae7da00000,0x000000ae7db00000) (1024K)]
  0x000001c298048cb0 WorkerThread "GC Thread#9"                     [id=42140, stack(0x000000ae7db00000,0x000000ae7dc00000) (1024K)]
  0x000001c297fadf60 WorkerThread "GC Thread#10"                    [id=5468, stack(0x000000ae7dc00000,0x000000ae7dd00000) (1024K)]
  0x000001c2987cdff0 WorkerThread "GC Thread#11"                    [id=50992, stack(0x000000ae7de00000,0x000000ae7df00000) (1024K)]
  0x000001c298140d00 WorkerThread "GC Thread#12"                    [id=50460, stack(0x000000ae7cd00000,0x000000ae7ce00000) (1024K)]
  0x000001c2981401f0 WorkerThread "GC Thread#13"                    [id=51956, stack(0x000000ae7e000000,0x000000ae7e100000) (1024K)]
  0x000001c298141460 WorkerThread "GC Thread#14"                    [id=32364, stack(0x000000ae7e100000,0x000000ae7e200000) (1024K)]
  0x000001c29813fe40 WorkerThread "GC Thread#15"                    [id=43828, stack(0x000000ae7e200000,0x000000ae7e300000) (1024K)]
  0x000001c29813fa90 WorkerThread "GC Thread#16"                    [id=53000, stack(0x000000ae7e700000,0x000000ae7e800000) (1024K)]
  0x000001c2981405a0 WorkerThread "GC Thread#17"                    [id=31760, stack(0x000000ae7e800000,0x000000ae7e900000) (1024K)]
  0x000001c298971d60 WorkerThread "GC Thread#18"                    [id=53336, stack(0x000000ae7e900000,0x000000ae7ea00000) (1024K)]
  0x000001c298972110 WorkerThread "GC Thread#19"                    [id=49180, stack(0x000000ae7ec00000,0x000000ae7ed00000) (1024K)]
  0x000001c29896f4d0 WorkerThread "GC Thread#20"                    [id=39860, stack(0x000000ae7f600000,0x000000ae7f700000) (1024K)]
  0x000001c29896fc30 WorkerThread "GC Thread#21"                    [id=16444, stack(0x000000ae7f700000,0x000000ae7f800000) (1024K)]
  0x000001c29896ffe0 WorkerThread "GC Thread#22"                    [id=48412, stack(0x000000ae7fa00000,0x000000ae7fb00000) (1024K)]
Total: 25

Threads with active compile tasks:
C2 CompilerThread0  100389 15280       4       org.eclipse.jdt.internal.compiler.lookup.PackageBinding::hasCompilationUnit (101 bytes)
C2 CompilerThread1  100390 15289       4       org.eclipse.jdt.internal.compiler.lookup.LookupEnvironment::getTypeFromTypeSignature (770 bytes)
Total: 2

VM state: not at safepoint (normal execution)

VM Mutex/Monitor currently owned by a thread: None

Heap address: 0x0000000740000000, size: 3072 MB, Compressed Oops mode: Zero based, Oop shift amount: 3

CDS archive(s) mapped at: [0x000001c24d000000-0x000001c24dba0000-0x000001c24dba0000), size 12189696, SharedBaseAddress: 0x000001c24d000000, ArchiveRelocationMode: 1.
Compressed class space mapped at: 0x000001c24e000000-0x000001c28e000000, reserved size: 1073741824
Narrow klass base: 0x000001c24d000000, Narrow klass shift: 0, Narrow klass range: 0x100000000

GC Precious Log:
 CardTable entry size: 512
 CPUs: 32 total, 32 available
 Memory: 32559M
 Large Page Support: Disabled
 NUMA Support: Disabled
 Compressed Oops: Enabled (Zero based)
 Alignments: Space 512K, Generation 512K, Heap 2M
 Heap Min Capacity: 100M
 Heap Initial Capacity: 100M
 Heap Max Capacity: 3G
 Pre-touch: Disabled
 Parallel Workers: 23

Heap:
 PSYoungGen      total 5632K, used 5312K [0x00000007c0000000, 0x00000007c0680000, 0x0000000800000000)
  eden space 4608K, 100% used [0x00000007c0000000,0x00000007c0480000,0x00000007c0480000)
  from space 1024K, 68% used [0x00000007c0480000,0x00000007c0530000,0x00000007c0580000)
  to   space 1024K, 0% used [0x00000007c0580000,0x00000007c0580000,0x00000007c0680000)
 ParOldGen       total 506880K, used 506503K [0x0000000740000000, 0x000000075ef00000, 0x00000007c0000000)
  object space 506880K, 99% used [0x0000000740000000,0x000000075eea1c38,0x000000075ef00000)
 Metaspace       used 75785K, committed 77568K, reserved 1179648K
  class space    used 8683K, committed 9472K, reserved 1048576K

Card table byte_map: [0x000001c2339d0000,0x000001c233fe0000] _byte_map_base: 0x000001c22ffd0000

Marking Bits: (ParMarkBitMap*) 0x00007ffd3adb3450
 Begin Bits: [0x000001c246630000, 0x000001c249630000)
 End Bits:   [0x000001c249630000, 0x000001c24c630000)

Polling page: 0x000001c231e90000

Metaspace:

Usage:
  Non-class:     65.53 MB used.
      Class:      8.48 MB used.
       Both:     74.01 MB used.

Virtual space:
  Non-class space:      128.00 MB reserved,      66.50 MB ( 52%) committed,  2 nodes.
      Class space:        1.00 GB reserved,       9.25 MB ( <1%) committed,  1 nodes.
             Both:        1.12 GB reserved,      75.75 MB (  7%) committed. 

Chunk freelists:
   Non-Class:  13.03 MB
       Class:  6.75 MB
        Both:  19.78 MB

MaxMetaspaceSize: unlimited
CompressedClassSpaceSize: 1.00 GB
Initial GC threshold: 21.00 MB
Current GC threshold: 97.31 MB
CDS: on
 - commit_granule_bytes: 65536.
 - commit_granule_words: 8192.
 - virtual_space_node_default_size: 8388608.
 - enlarge_chunks_in_place: 1.
 - use_allocation_guard: 0.


Internal statistics:

num_allocs_failed_limit: 9.
num_arena_births: 1594.
num_arena_deaths: 42.
num_vsnodes_births: 3.
num_vsnodes_deaths: 0.
num_space_committed: 1212.
num_space_uncommitted: 0.
num_chunks_returned_to_freelist: 57.
num_chunks_taken_from_freelist: 5225.
num_chunk_merges: 10.
num_chunk_splits: 3189.
num_chunks_enlarged: 1794.
num_inconsistent_stats: 0.

CodeHeap 'non-profiled nmethods': size=118848Kb used=13322Kb max_used=13322Kb free=105526Kb
 bounds [0x000001c23ee20000, 0x000001c23fb30000, 0x000001c246230000]
CodeHeap 'profiled nmethods': size=118848Kb used=34234Kb max_used=34234Kb free=84613Kb
 bounds [0x000001c237230000, 0x000001c2393a0000, 0x000001c23e640000]
CodeHeap 'non-nmethods': size=8064Kb used=2567Kb max_used=3753Kb free=5496Kb
 bounds [0x000001c23e640000, 0x000001c23ea00000, 0x000001c23ee20000]
CodeCache: size=245760Kb, used=50123Kb, max_used=51309Kb, free=195635Kb
 total_blobs=14923, nmethods=14170, adapters=655, full_count=0
Compilation: enabled, stopped_count=0, restarted_count=0

Compilation events (20 events):
Event: 99.744 Thread 0x000001c29c92c840 nmethod 15281 0x000001c23fb16010 code [0x000001c23fb16200, 0x000001c23fb16540]
Event: 99.744 Thread 0x000001c29c92c840 15283   !   4       org.eclipse.core.internal.jobs.JobManager::isBlocking (148 bytes)
Event: 99.750 Thread 0x000001c29c92c840 nmethod 15283 0x000001c23fb16890 code [0x000001c23fb16a40, 0x000001c23fb16e30]
Event: 99.750 Thread 0x000001c29c92c840 15271       4       org.eclipse.jdt.internal.compiler.lookup.LookupEnvironment::fromSplitPackageOrOracle (89 bytes)
Event: 99.811 Thread 0x000001c28f51e530 15284       3       org.eclipse.jdt.internal.compiler.lookup.ParameterizedMethodBinding$1::<init> (38 bytes)
Event: 99.812 Thread 0x000001c28f51e530 nmethod 15284 0x000001c23938fb90 code [0x000001c23938fd40, 0x000001c23938ff20]
Event: 99.885 Thread 0x000001c29c92c840 nmethod 15271 0x000001c23fb17110 code [0x000001c23fb17540, 0x000001c23fb1a2f0]
Event: 99.886 Thread 0x000001c29c92c840 15273       4       org.eclipse.jdt.internal.core.builder.BuildNotifier::checkCancel (104 bytes)
Event: 99.899 Thread 0x000001c29c92c840 nmethod 15273 0x000001c23fb1be10 code [0x000001c23fb1c020, 0x000001c23fb1c790]
Event: 99.899 Thread 0x000001c29c92c840 15278       4       org.eclipse.jdt.internal.compiler.lookup.BinaryTypeBinding::resolveType (207 bytes)
Event: 99.905 Thread 0x000001c29c92c840 nmethod 15278 0x000001c23fb1ce10 code [0x000001c23fb1d020, 0x000001c23fb1d3b8]
Event: 99.905 Thread 0x000001c29c92c840 15277       4       java.util.stream.ReferencePipeline$3::opWrapSink (10 bytes)
Event: 99.910 Thread 0x000001c29c92c840 nmethod 15277 0x000001c23fb1d710 code [0x000001c23fb1d8a0, 0x000001c23fb1da78]
Event: 99.910 Thread 0x000001c29c92c840 15266   !   4       org.eclipse.jdt.internal.core.builder.ClasspathJrt::findClass (79 bytes)
Event: 99.925 Thread 0x000001c29c92f7f0 15285       3       org.eclipse.jdt.internal.compiler.ast.CompilationUnitDeclaration::traverse (8 bytes)
Event: 99.926 Thread 0x000001c29c92f7f0 nmethod 15285 0x000001c239390010 code [0x000001c2393901c0, 0x000001c239390318]
Event: 99.957 Thread 0x000001c28f51e530 15286       3       org.eclipse.jdt.internal.compiler.apt.dispatch.AnnotationDiscoveryVisitor::visit (35 bytes)
Event: 99.957 Thread 0x000001c28f51e530 nmethod 15286 0x000001c239390410 code [0x000001c2393905c0, 0x000001c2393907a8]
Event: 99.960 Thread 0x000001c29c92c840 nmethod 15266 0x000001c23fb1dc10 code [0x000001c23fb1df20, 0x000001c23fb1ef40]
Event: 99.960 Thread 0x000001c29c92c840 15265       4       org.eclipse.jdt.internal.core.builder.NameEnvironment::findType (24 bytes)

GC Heap History (20 events):
Event: 99.257 GC heap before
{Heap before GC invocations=391 (full 3):
 PSYoungGen      total 4096K, used 3712K [0x00000007c0000000, 0x00000007c0580000, 0x0000000800000000)
  eden space 3072K, 100% used [0x00000007c0000000,0x00000007c0300000,0x00000007c0300000)
  from space 1024K, 62% used [0x00000007c0300000,0x00000007c03a0000,0x00000007c0400000)
  to   space 1024K, 0% used [0x00000007c0480000,0x00000007c0480000,0x00000007c0580000)
 ParOldGen       total 502784K, used 502395K [0x0000000740000000, 0x000000075eb00000, 0x00000007c0000000)
  object space 502784K, 99% used [0x0000000740000000,0x000000075ea9edc8,0x000000075eb00000)
 Metaspace       used 75670K, committed 77440K, reserved 1179648K
  class space    used 8682K, committed 9472K, reserved 1048576K
}
Event: 99.260 GC heap after
{Heap after GC invocations=391 (full 3):
 PSYoungGen      total 4096K, used 640K [0x00000007c0000000, 0x00000007c0580000, 0x0000000800000000)
  eden space 3072K, 0% used [0x00000007c0000000,0x00000007c0000000,0x00000007c0300000)
  from space 1024K, 62% used [0x00000007c0480000,0x00000007c0520000,0x00000007c0580000)
  to   space 1024K, 0% used [0x00000007c0300000,0x00000007c0300000,0x00000007c0400000)
 ParOldGen       total 502784K, used 502587K [0x0000000740000000, 0x000000075eb00000, 0x00000007c0000000)
  object space 502784K, 99% used [0x0000000740000000,0x000000075eacedd8,0x000000075eb00000)
 Metaspace       used 75670K, committed 77440K, reserved 1179648K
  class space    used 8682K, committed 9472K, reserved 1048576K
}
Event: 99.267 GC heap before
{Heap before GC invocations=392 (full 3):
 PSYoungGen      total 4096K, used 3712K [0x00000007c0000000, 0x00000007c0580000, 0x0000000800000000)
  eden space 3072K, 100% used [0x00000007c0000000,0x00000007c0300000,0x00000007c0300000)
  from space 1024K, 62% used [0x00000007c0480000,0x00000007c0520000,0x00000007c0580000)
  to   space 1024K, 0% used [0x00000007c0300000,0x00000007c0300000,0x00000007c0400000)
 ParOldGen       total 502784K, used 502587K [0x0000000740000000, 0x000000075eb00000, 0x00000007c0000000)
  object space 502784K, 99% used [0x0000000740000000,0x000000075eacedd8,0x000000075eb00000)
 Metaspace       used 75678K, committed 77440K, reserved 1179648K
  class space    used 8682K, committed 9472K, reserved 1048576K
}
Event: 99.269 GC heap after
{Heap after GC invocations=392 (full 3):
 PSYoungGen      total 4096K, used 544K [0x00000007c0000000, 0x00000007c0600000, 0x0000000800000000)
  eden space 3072K, 0% used [0x00000007c0000000,0x00000007c0000000,0x00000007c0300000)
  from space 1024K, 53% used [0x00000007c0300000,0x00000007c0388000,0x00000007c0400000)
  to   space 1024K, 0% used [0x00000007c0500000,0x00000007c0500000,0x00000007c0600000)
 ParOldGen       total 502784K, used 502763K [0x0000000740000000, 0x000000075eb00000, 0x00000007c0000000)
  object space 502784K, 99% used [0x0000000740000000,0x000000075eafadd8,0x000000075eb00000)
 Metaspace       used 75678K, committed 77440K, reserved 1179648K
  class space    used 8682K, committed 9472K, reserved 1048576K
}
Event: 99.292 GC heap before
{Heap before GC invocations=393 (full 3):
 PSYoungGen      total 4096K, used 3616K [0x00000007c0000000, 0x00000007c0600000, 0x0000000800000000)
  eden space 3072K, 100% used [0x00000007c0000000,0x00000007c0300000,0x00000007c0300000)
  from space 1024K, 53% used [0x00000007c0300000,0x00000007c0388000,0x00000007c0400000)
  to   space 1024K, 0% used [0x00000007c0500000,0x00000007c0500000,0x00000007c0600000)
 ParOldGen       total 502784K, used 502763K [0x0000000740000000, 0x000000075eb00000, 0x00000007c0000000)
  object space 502784K, 99% used [0x0000000740000000,0x000000075eafadd8,0x000000075eb00000)
 Metaspace       used 75686K, committed 77440K, reserved 1179648K
  class space    used 8682K, committed 9472K, reserved 1048576K
}
Event: 99.306 GC heap after
{Heap after GC invocations=393 (full 3):
 PSYoungGen      total 5120K, used 544K [0x00000007c0000000, 0x00000007c0600000, 0x0000000800000000)
  eden space 4096K, 0% used [0x00000007c0000000,0x00000007c0000000,0x00000007c0400000)
  from space 1024K, 53% used [0x00000007c0500000,0x00000007c0588000,0x00000007c0600000)
  to   space 1024K, 0% used [0x00000007c0400000,0x00000007c0400000,0x00000007c0500000)
 ParOldGen       total 503296K, used 502971K [0x0000000740000000, 0x000000075eb80000, 0x00000007c0000000)
  object space 503296K, 99% used [0x0000000740000000,0x000000075eb2edd8,0x000000075eb80000)
 Metaspace       used 75686K, committed 77440K, reserved 1179648K
  class space    used 8682K, committed 9472K, reserved 1048576K
}
Event: 99.320 GC heap before
{Heap before GC invocations=394 (full 3):
 PSYoungGen      total 5120K, used 4640K [0x00000007c0000000, 0x00000007c0600000, 0x0000000800000000)
  eden space 4096K, 100% used [0x00000007c0000000,0x00000007c0400000,0x00000007c0400000)
  from space 1024K, 53% used [0x00000007c0500000,0x00000007c0588000,0x00000007c0600000)
  to   space 1024K, 0% used [0x00000007c0400000,0x00000007c0400000,0x00000007c0500000)
 ParOldGen       total 503296K, used 502971K [0x0000000740000000, 0x000000075eb80000, 0x00000007c0000000)
  object space 503296K, 99% used [0x0000000740000000,0x000000075eb2edd8,0x000000075eb80000)
 Metaspace       used 75687K, committed 77440K, reserved 1179648K
  class space    used 8682K, committed 9472K, reserved 1048576K
}
Event: 99.335 GC heap after
{Heap after GC invocations=394 (full 3):
 PSYoungGen      total 5120K, used 863K [0x00000007c0000000, 0x00000007c0700000, 0x0000000800000000)
  eden space 4096K, 0% used [0x00000007c0000000,0x00000007c0000000,0x00000007c0400000)
  from space 1024K, 84% used [0x00000007c0400000,0x00000007c04d7c40,0x00000007c0500000)
  to   space 1024K, 0% used [0x00000007c0600000,0x00000007c0600000,0x00000007c0700000)
 ParOldGen       total 503296K, used 503171K [0x0000000740000000, 0x000000075eb80000, 0x00000007c0000000)
  object space 503296K, 99% used [0x0000000740000000,0x000000075eb60dd8,0x000000075eb80000)
 Metaspace       used 75687K, committed 77440K, reserved 1179648K
  class space    used 8682K, committed 9472K, reserved 1048576K
}
Event: 99.345 GC heap before
{Heap before GC invocations=395 (full 3):
 PSYoungGen      total 5120K, used 4959K [0x00000007c0000000, 0x00000007c0700000, 0x0000000800000000)
  eden space 4096K, 99% used [0x00000007c0000000,0x00000007c03ffff8,0x00000007c0400000)
  from space 1024K, 84% used [0x00000007c0400000,0x00000007c04d7c40,0x00000007c0500000)
  to   space 1024K, 0% used [0x00000007c0600000,0x00000007c0600000,0x00000007c0700000)
 ParOldGen       total 503296K, used 503171K [0x0000000740000000, 0x000000075eb80000, 0x00000007c0000000)
  object space 503296K, 99% used [0x0000000740000000,0x000000075eb60dd8,0x000000075eb80000)
 Metaspace       used 75688K, committed 77440K, reserved 1179648K
  class space    used 8683K, committed 9472K, reserved 1048576K
}
Event: 99.347 GC heap after
{Heap after GC invocations=395 (full 3):
 PSYoungGen      total 5120K, used 672K [0x00000007c0000000, 0x00000007c0700000, 0x0000000800000000)
  eden space 4096K, 0% used [0x00000007c0000000,0x00000007c0000000,0x00000007c0400000)
  from space 1024K, 65% used [0x00000007c0600000,0x00000007c06a8000,0x00000007c0700000)
  to   space 1024K, 0% used [0x00000007c0400000,0x00000007c0400000,0x00000007c0500000)
 ParOldGen       total 503808K, used 503339K [0x0000000740000000, 0x000000075ec00000, 0x00000007c0000000)
  object space 503808K, 99% used [0x0000000740000000,0x000000075eb8add8,0x000000075ec00000)
 Metaspace       used 75688K, committed 77440K, reserved 1179648K
  class space    used 8683K, committed 9472K, reserved 1048576K
}
Event: 99.388 GC heap before
{Heap before GC invocations=396 (full 3):
 PSYoungGen      total 5120K, used 4768K [0x00000007c0000000, 0x00000007c0700000, 0x0000000800000000)
  eden space 4096K, 100% used [0x00000007c0000000,0x00000007c0400000,0x00000007c0400000)
  from space 1024K, 65% used [0x00000007c0600000,0x00000007c06a8000,0x00000007c0700000)
  to   space 1024K, 0% used [0x00000007c0400000,0x00000007c0400000,0x00000007c0500000)
 ParOldGen       total 503808K, used 503339K [0x0000000740000000, 0x000000075ec00000, 0x00000007c0000000)
  object space 503808K, 99% used [0x0000000740000000,0x000000075eb8add8,0x000000075ec00000)
 Metaspace       used 75700K, committed 77504K, reserved 1179648K
  class space    used 8683K, committed 9472K, reserved 1048576K
}
Event: 99.392 GC heap after
{Heap after GC invocations=396 (full 3):
 PSYoungGen      total 5120K, used 1024K [0x00000007c0000000, 0x00000007c0700000, 0x0000000800000000)
  eden space 4096K, 0% used [0x00000007c0000000,0x00000007c0000000,0x00000007c0400000)
  from space 1024K, 100% used [0x00000007c0400000,0x00000007c0500000,0x00000007c0500000)
  to   space 1536K, 0% used [0x00000007c0580000,0x00000007c0580000,0x00000007c0700000)
 ParOldGen       total 503808K, used 503555K [0x0000000740000000, 0x000000075ec00000, 0x00000007c0000000)
  object space 503808K, 99% used [0x0000000740000000,0x000000075ebc0dd8,0x000000075ec00000)
 Metaspace       used 75700K, committed 77504K, reserved 1179648K
  class space    used 8683K, committed 9472K, reserved 1048576K
}
Event: 99.437 GC heap before
{Heap before GC invocations=397 (full 3):
 PSYoungGen      total 5120K, used 5120K [0x00000007c0000000, 0x00000007c0700000, 0x0000000800000000)
  eden space 4096K, 100% used [0x00000007c0000000,0x00000007c0400000,0x00000007c0400000)
  from space 1024K, 100% used [0x00000007c0400000,0x00000007c0500000,0x00000007c0500000)
  to   space 1536K, 0% used [0x00000007c0580000,0x00000007c0580000,0x00000007c0700000)
 ParOldGen       total 503808K, used 503555K [0x0000000740000000, 0x000000075ec00000, 0x00000007c0000000)
  object space 503808K, 99% used [0x0000000740000000,0x000000075ebc0dd8,0x000000075ec00000)
 Metaspace       used 75733K, committed 77504K, reserved 1179648K
  class space    used 8683K, committed 9472K, reserved 1048576K
}
Event: 99.462 GC heap after
{Heap after GC invocations=397 (full 3):
 PSYoungGen      total 6144K, used 818K [0x00000007c0000000, 0x00000007c0700000, 0x0000000800000000)
  eden space 4608K, 0% used [0x00000007c0000000,0x00000007c0000000,0x00000007c0480000)
  from space 1536K, 53% used [0x00000007c0580000,0x00000007c064c948,0x00000007c0700000)
  to   space 1024K, 0% used [0x00000007c0480000,0x00000007c0480000,0x00000007c0580000)
 ParOldGen       total 504320K, used 504243K [0x0000000740000000, 0x000000075ec80000, 0x00000007c0000000)
  object space 504320K, 99% used [0x0000000740000000,0x000000075ec6cdd8,0x000000075ec80000)
 Metaspace       used 75733K, committed 77504K, reserved 1179648K
  class space    used 8683K, committed 9472K, reserved 1048576K
}
Event: 99.538 GC heap before
{Heap before GC invocations=398 (full 3):
 PSYoungGen      total 6144K, used 5426K [0x00000007c0000000, 0x00000007c0700000, 0x0000000800000000)
  eden space 4608K, 100% used [0x00000007c0000000,0x00000007c0480000,0x00000007c0480000)
  from space 1536K, 53% used [0x00000007c0580000,0x00000007c064c948,0x00000007c0700000)
  to   space 1024K, 0% used [0x00000007c0480000,0x00000007c0480000,0x00000007c0580000)
 ParOldGen       total 504320K, used 504243K [0x0000000740000000, 0x000000075ec80000, 0x00000007c0000000)
  object space 504320K, 99% used [0x0000000740000000,0x000000075ec6cdd8,0x000000075ec80000)
 Metaspace       used 75747K, committed 77504K, reserved 1179648K
  class space    used 8683K, committed 9472K, reserved 1048576K
}
Event: 99.555 GC heap after
{Heap after GC invocations=398 (full 3):
 PSYoungGen      total 5632K, used 768K [0x00000007c0000000, 0x00000007c0680000, 0x0000000800000000)
  eden space 4608K, 0% used [0x00000007c0000000,0x00000007c0000000,0x00000007c0480000)
  from space 1024K, 75% used [0x00000007c0480000,0x00000007c0540000,0x00000007c0580000)
  to   space 1024K, 0% used [0x00000007c0580000,0x00000007c0580000,0x00000007c0680000)
 ParOldGen       total 504832K, used 504739K [0x0000000740000000, 0x000000075ed00000, 0x00000007c0000000)
  object space 504832K, 99% used [0x0000000740000000,0x000000075ece8fd8,0x000000075ed00000)
 Metaspace       used 75747K, committed 77504K, reserved 1179648K
  class space    used 8683K, committed 9472K, reserved 1048576K
}
Event: 99.587 GC heap before
{Heap before GC invocations=399 (full 3):
 PSYoungGen      total 5632K, used 5376K [0x00000007c0000000, 0x00000007c0680000, 0x0000000800000000)
  eden space 4608K, 100% used [0x00000007c0000000,0x00000007c0480000,0x00000007c0480000)
  from space 1024K, 75% used [0x00000007c0480000,0x00000007c0540000,0x00000007c0580000)
  to   space 1024K, 0% used [0x00000007c0580000,0x00000007c0580000,0x00000007c0680000)
 ParOldGen       total 504832K, used 504739K [0x0000000740000000, 0x000000075ed00000, 0x00000007c0000000)
  object space 504832K, 99% used [0x0000000740000000,0x000000075ece8fd8,0x000000075ed00000)
 Metaspace       used 75757K, committed 77504K, reserved 1179648K
  class space    used 8683K, committed 9472K, reserved 1048576K
}
Event: 99.589 GC heap after
{Heap after GC invocations=399 (full 3):
 PSYoungGen      total 5632K, used 672K [0x00000007c0000000, 0x00000007c0680000, 0x0000000800000000)
  eden space 4608K, 0% used [0x00000007c0000000,0x00000007c0000000,0x00000007c0480000)
  from space 1024K, 65% used [0x00000007c0580000,0x00000007c0628000,0x00000007c0680000)
  to   space 1024K, 0% used [0x00000007c0480000,0x00000007c0480000,0x00000007c0580000)
 ParOldGen       total 505344K, used 505043K [0x0000000740000000, 0x000000075ed80000, 0x00000007c0000000)
  object space 505344K, 99% used [0x0000000740000000,0x000000075ed34fe8,0x000000075ed80000)
 Metaspace       used 75757K, committed 77504K, reserved 1179648K
  class space    used 8683K, committed 9472K, reserved 1048576K
}
Event: 99.627 GC heap before
{Heap before GC invocations=400 (full 3):
 PSYoungGen      total 5632K, used 5280K [0x00000007c0000000, 0x00000007c0680000, 0x0000000800000000)
  eden space 4608K, 100% used [0x00000007c0000000,0x00000007c0480000,0x00000007c0480000)
  from space 1024K, 65% used [0x00000007c0580000,0x00000007c0628000,0x00000007c0680000)
  to   space 1024K, 0% used [0x00000007c0480000,0x00000007c0480000,0x00000007c0580000)
 ParOldGen       total 505344K, used 505043K [0x0000000740000000, 0x000000075ed80000, 0x00000007c0000000)
  object space 505344K, 99% used [0x0000000740000000,0x000000075ed34fe8,0x000000075ed80000)
 Metaspace       used 75770K, committed 77568K, reserved 1179648K
  class space    used 8683K, committed 9472K, reserved 1048576K
}
Event: 99.631 GC heap after
{Heap after GC invocations=400 (full 3):
 PSYoungGen      total 5632K, used 672K [0x00000007c0000000, 0x00000007c0680000, 0x0000000800000000)
  eden space 4608K, 0% used [0x00000007c0000000,0x00000007c0000000,0x00000007c0480000)
  from space 1024K, 65% used [0x00000007c0480000,0x00000007c0528000,0x00000007c0580000)
  to   space 1024K, 0% used [0x00000007c0580000,0x00000007c0580000,0x00000007c0680000)
 ParOldGen       total 505344K, used 505308K [0x0000000740000000, 0x000000075ed80000, 0x00000007c0000000)
  object space 505344K, 99% used [0x0000000740000000,0x000000075ed77008,0x000000075ed80000)
 Metaspace       used 75770K, committed 77568K, reserved 1179648K
  class space    used 8683K, committed 9472K, reserved 1048576K
}

Dll operation events (14 events):
Event: 0.038 Loaded shared library C:\Users\aqwsd\.serena\language_servers\static\EclipseJDTLS\vscode-java-1.54.0-923\extension\jre\21.0.10-win32-x86_64\bin\java.dll
Event: 0.091 Loaded shared library C:\Users\aqwsd\.serena\language_servers\static\EclipseJDTLS\vscode-java-1.54.0-923\extension\jre\21.0.10-win32-x86_64\bin\zip.dll
Event: 0.201 Loaded shared library C:\Users\aqwsd\.serena\language_servers\static\EclipseJDTLS\vscode-java-1.54.0-923\extension\jre\21.0.10-win32-x86_64\bin\instrument.dll
Event: 0.214 Loaded shared library C:\Users\aqwsd\.serena\language_servers\static\EclipseJDTLS\vscode-java-1.54.0-923\extension\jre\21.0.10-win32-x86_64\bin\net.dll
Event: 0.222 Loaded shared library C:\Users\aqwsd\.serena\language_servers\static\EclipseJDTLS\vscode-java-1.54.0-923\extension\jre\21.0.10-win32-x86_64\bin\nio.dll
Event: 0.229 Loaded shared library C:\Users\aqwsd\.serena\language_servers\static\EclipseJDTLS\vscode-java-1.54.0-923\extension\jre\21.0.10-win32-x86_64\bin\zip.dll
Event: 0.253 Loaded shared library C:\Users\aqwsd\.serena\language_servers\static\EclipseJDTLS\vscode-java-1.54.0-923\extension\jre\21.0.10-win32-x86_64\bin\jimage.dll
Event: 2.299 Loaded shared library C:\Users\aqwsd\.serena\language_servers\static\EclipseJDTLS\workspaces\fb766bf42144c95c9ec203e42adba588\config_path\org.eclipse.equinox.launcher\org.eclipse.equinox.launcher.win32.win32.x86_64_1.3.0.v20260203-2149\eclipse_11919.dll
Event: 4.576 Loaded shared library C:\Users\aqwsd\AppData\Local\Temp\jna-93065944\jna1347127513444300681.dll
Event: 20.285 Loaded shared library C:\Users\aqwsd\.gradle\native\1def1411415f61bf3af743bc5b6707747c0891f09f0c88961ee8f79bc544acac\windows-amd64\native-platform.dll
Event: 24.007 Loaded shared library C:\Users\aqwsd\.serena\language_servers\static\EclipseJDTLS\vscode-java-1.54.0-923\extension\jre\21.0.10-win32-x86_64\bin\management.dll
Event: 24.027 Loaded shared library C:\Users\aqwsd\.serena\language_servers\static\EclipseJDTLS\vscode-java-1.54.0-923\extension\jre\21.0.10-win32-x86_64\bin\management_ext.dll
Event: 36.217 Loaded shared library C:\Users\aqwsd\.serena\language_servers\static\EclipseJDTLS\vscode-java-1.54.0-923\extension\jre\21.0.10-win32-x86_64\bin\extnet.dll
Event: 36.883 Loaded shared library C:\Users\aqwsd\.serena\language_servers\static\EclipseJDTLS\vscode-java-1.54.0-923\extension\jre\21.0.10-win32-x86_64\bin\sunmscapi.dll

Deoptimization events (20 events):
Event: 98.696 Thread 0x000001c298771e80 DEOPT PACKING pc=0x000001c23920955e sp=0x000000ae7ebf4d90
Event: 98.696 Thread 0x000001c298771e80 DEOPT UNPACKING pc=0x000001c23e694242 sp=0x000000ae7ebf4270 mode 0
Event: 98.957 Thread 0x000001c298771e80 Uncommon trap: trap_request=0xffffffec fr.pc=0x000001c23f351878 relative=0x0000000000000b18
Event: 98.958 Thread 0x000001c298771e80 Uncommon trap: reason=null_assert_or_unreached0 action=make_not_entrant pc=0x000001c23f351878 method=org.eclipse.jdt.internal.compiler.classfmt.FieldInfo.createField([B[IIJ)Lorg/eclipse/jdt/internal/compiler/classfmt/FieldInfo; @ 250 c2
Event: 98.958 Thread 0x000001c298771e80 DEOPT PACKING pc=0x000001c23f351878 sp=0x000000ae7ebfca60
Event: 98.958 Thread 0x000001c298771e80 DEOPT UNPACKING pc=0x000001c23e693aa2 sp=0x000000ae7ebfc9d8 mode 2
Event: 98.974 Thread 0x000001c298771e80 Uncommon trap: trap_request=0xffffff45 fr.pc=0x000001c23f28710c relative=0x00000000000000ec
Event: 98.974 Thread 0x000001c298771e80 Uncommon trap: reason=unstable_if action=reinterpret pc=0x000001c23f28710c method=org.eclipse.jdt.internal.compiler.classfmt.ClassFileReader.getModifiers()I @ 45 c2
Event: 98.974 Thread 0x000001c298771e80 DEOPT PACKING pc=0x000001c23f28710c sp=0x000000ae7ebfd020
Event: 98.974 Thread 0x000001c298771e80 DEOPT UNPACKING pc=0x000001c23e693aa2 sp=0x000000ae7ebfcfc0 mode 2
Event: 99.313 Thread 0x000001c298771e80 Uncommon trap: trap_request=0xffffff45 fr.pc=0x000001c23fae1f44 relative=0x00000000000076c4
Event: 99.313 Thread 0x000001c298771e80 Uncommon trap: reason=unstable_if action=reinterpret pc=0x000001c23fae1f44 method=org.eclipse.jdt.internal.compiler.lookup.BinaryTypeBinding.createMethod(Lorg/eclipse/jdt/internal/compiler/env/IBinaryMethod;Lorg/eclipse/jdt/internal/compiler/env/IBinaryTy
Event: 99.313 Thread 0x000001c298771e80 DEOPT PACKING pc=0x000001c23fae1f44 sp=0x000000ae7ebfc0d0
Event: 99.313 Thread 0x000001c298771e80 DEOPT UNPACKING pc=0x000001c23e693aa2 sp=0x000000ae7ebfc0b0 mode 2
Event: 99.406 Thread 0x000001c298771e80 DEOPT PACKING pc=0x000001c238f4e7ba sp=0x000000ae7ebfc770
Event: 99.406 Thread 0x000001c298771e80 DEOPT UNPACKING pc=0x000001c23e694242 sp=0x000000ae7ebfbce8 mode 0
Event: 99.427 Thread 0x000001c298771e80 Uncommon trap: trap_request=0xffffff45 fr.pc=0x000001c23faef53c relative=0x00000000000026fc
Event: 99.427 Thread 0x000001c298771e80 Uncommon trap: reason=unstable_if action=reinterpret pc=0x000001c23faef53c method=org.eclipse.jdt.internal.compiler.lookup.Scope.getTypeOrPackage([CIZ)Lorg/eclipse/jdt/internal/compiler/lookup/Binding; @ 1055 c2
Event: 99.427 Thread 0x000001c298771e80 DEOPT PACKING pc=0x000001c23faef53c sp=0x000000ae7ebfd8e0
Event: 99.427 Thread 0x000001c298771e80 DEOPT UNPACKING pc=0x000001c23e693aa2 sp=0x000000ae7ebfd918 mode 2

Classes loaded (20 events):
Event: 88.569 Loading class java/nio/channels/AsynchronousCloseException done
Event: 88.569 Loading class java/nio/channels/ClosedByInterruptException done
Event: 89.602 Loading class java/lang/StringLatin1$LinesSpliterator
Event: 89.603 Loading class java/lang/StringLatin1$LinesSpliterator done
Event: 92.891 Loading class java/util/stream/ReferencePipeline$4
Event: 92.894 Loading class java/util/stream/ReferencePipeline$4 done
Event: 92.898 Loading class java/util/stream/Nodes$IntFixedNodeBuilder
Event: 92.900 Loading class java/util/stream/Node$Builder$OfInt
Event: 92.900 Loading class java/util/stream/Node$Builder$OfInt done
Event: 92.900 Loading class java/util/stream/Nodes$IntArrayNode
Event: 92.901 Loading class java/util/stream/Nodes$IntArrayNode done
Event: 92.901 Loading class java/util/stream/Nodes$IntFixedNodeBuilder done
Event: 92.903 Loading class java/util/stream/ReferencePipeline$4$1
Event: 92.904 Loading class java/util/stream/ReferencePipeline$4$1 done
Event: 96.529 Loading class java/util/stream/ReduceOps$4
Event: 96.529 Loading class java/util/stream/ReduceOps$4 done
Event: 96.529 Loading class java/util/stream/ReduceOps$4ReducingSink
Event: 96.530 Loading class java/util/stream/ReduceOps$4ReducingSink done
Event: 96.540 Loading class java/nio/file/Files$2
Event: 96.540 Loading class java/nio/file/Files$2 done

Classes unloaded (20 events):
Event: 5.611 Thread 0x000001c24ce13a70 Unloading class 0x000001c24e17a400 'java/lang/invoke/LambdaForm$MH+0x000001c24e17a400'
Event: 5.611 Thread 0x000001c24ce13a70 Unloading class 0x000001c24e17a000 'java/lang/invoke/LambdaForm$MH+0x000001c24e17a000'
Event: 5.611 Thread 0x000001c24ce13a70 Unloading class 0x000001c24e179c00 'java/lang/invoke/LambdaForm$MH+0x000001c24e179c00'
Event: 5.611 Thread 0x000001c24ce13a70 Unloading class 0x000001c24e179800 'java/lang/invoke/LambdaForm$BMH+0x000001c24e179800'
Event: 5.611 Thread 0x000001c24ce13a70 Unloading class 0x000001c24e179400 'java/lang/invoke/LambdaForm$DMH+0x000001c24e179400'
Event: 5.611 Thread 0x000001c24ce13a70 Unloading class 0x000001c24e178400 'java/lang/invoke/LambdaForm$DMH+0x000001c24e178400'
Event: 9.626 Thread 0x000001c24ce13a70 Unloading class 0x000001c24e2bf400 'java/lang/invoke/LambdaForm$MH+0x000001c24e2bf400'
Event: 9.626 Thread 0x000001c24ce13a70 Unloading class 0x000001c24e2be800 'java/lang/invoke/LambdaForm$MH+0x000001c24e2be800'
Event: 9.626 Thread 0x000001c24ce13a70 Unloading class 0x000001c24e2be000 'java/lang/invoke/LambdaForm$MH+0x000001c24e2be000'
Event: 9.626 Thread 0x000001c24ce13a70 Unloading class 0x000001c24e2bd800 'java/lang/invoke/LambdaForm$MH+0x000001c24e2bd800'
Event: 9.626 Thread 0x000001c24ce13a70 Unloading class 0x000001c24e2bd400 'java/lang/invoke/LambdaForm$DMH+0x000001c24e2bd400'
Event: 9.626 Thread 0x000001c24ce13a70 Unloading class 0x000001c24e2bc800 'java/lang/invoke/LambdaForm$MH+0x000001c24e2bc800'
Event: 9.626 Thread 0x000001c24ce13a70 Unloading class 0x000001c24e2b9000 'java/lang/invoke/LambdaForm$MH+0x000001c24e2b9000'
Event: 9.626 Thread 0x000001c24ce13a70 Unloading class 0x000001c24e2b8800 'java/lang/invoke/LambdaForm$MH+0x000001c24e2b8800'
Event: 9.626 Thread 0x000001c24ce13a70 Unloading class 0x000001c24e2b8000 'java/lang/invoke/LambdaForm$MH+0x000001c24e2b8000'
Event: 9.626 Thread 0x000001c24ce13a70 Unloading class 0x000001c24e2b3800 'java/lang/invoke/LambdaForm$MH+0x000001c24e2b3800'
Event: 9.626 Thread 0x000001c24ce13a70 Unloading class 0x000001c24e2b3000 'java/lang/invoke/LambdaForm$MH+0x000001c24e2b3000'
Event: 9.626 Thread 0x000001c24ce13a70 Unloading class 0x000001c24e2b2c00 'java/lang/invoke/LambdaForm$MH+0x000001c24e2b2c00'
Event: 9.626 Thread 0x000001c24ce13a70 Unloading class 0x000001c24e2b2000 'java/lang/invoke/LambdaForm$MH+0x000001c24e2b2000'
Event: 9.626 Thread 0x000001c24ce13a70 Unloading class 0x000001c24e2b1c00 'java/lang/invoke/LambdaForm$MH+0x000001c24e2b1c00'

Classes redefined (0 events):
No events

Internal exceptions (20 events):
Event: 94.354 Thread 0x000001c298771e80 Exception <a 'sun/nio/fs/WindowsException'{0x00000007c0231af8}> (0x00000007c0231af8) 
thrown [s\src\hotspot\share\prims\jni.cpp, line 520]
Event: 94.359 Thread 0x000001c298771e80 Exception <a 'sun/nio/fs/WindowsException'{0x00000007c0236fa8}> (0x00000007c0236fa8) 
thrown [s\src\hotspot\share\prims\jni.cpp, line 520]
Event: 94.363 Thread 0x000001c298771e80 Exception <a 'sun/nio/fs/WindowsException'{0x00000007c02422c0}> (0x00000007c02422c0) 
thrown [s\src\hotspot\share\prims\jni.cpp, line 520]
Event: 94.368 Thread 0x000001c298771e80 Exception <a 'sun/nio/fs/WindowsException'{0x00000007c0246f68}> (0x00000007c0246f68) 
thrown [s\src\hotspot\share\prims\jni.cpp, line 520]
Event: 94.404 Thread 0x000001c298771e80 Exception <a 'sun/nio/fs/WindowsException'{0x00000007c024bc98}> (0x00000007c024bc98) 
thrown [s\src\hotspot\share\prims\jni.cpp, line 520]
Event: 94.410 Thread 0x000001c298771e80 Exception <a 'sun/nio/fs/WindowsException'{0x00000007c0252608}> (0x00000007c0252608) 
thrown [s\src\hotspot\share\prims\jni.cpp, line 520]
Event: 94.415 Thread 0x000001c298771e80 Exception <a 'sun/nio/fs/WindowsException'{0x00000007c0256e78}> (0x00000007c0256e78) 
thrown [s\src\hotspot\share\prims\jni.cpp, line 520]
Event: 94.419 Thread 0x000001c298771e80 Exception <a 'sun/nio/fs/WindowsException'{0x00000007c025b4d0}> (0x00000007c025b4d0) 
thrown [s\src\hotspot\share\prims\jni.cpp, line 520]
Event: 94.421 Thread 0x000001c298771e80 Exception <a 'sun/nio/fs/WindowsException'{0x00000007c0261d08}> (0x00000007c0261d08) 
thrown [s\src\hotspot\share\prims\jni.cpp, line 520]
Event: 94.429 Thread 0x000001c298771e80 Exception <a 'sun/nio/fs/WindowsException'{0x00000007c02665c8}> (0x00000007c02665c8) 
thrown [s\src\hotspot\share\prims\jni.cpp, line 520]
Event: 94.436 Thread 0x000001c298771e80 Exception <a 'sun/nio/fs/WindowsException'{0x00000007c0000530}> (0x00000007c0000530) 
thrown [s\src\hotspot\share\prims\jni.cpp, line 520]
Event: 94.447 Thread 0x000001c298771e80 Exception <a 'sun/nio/fs/WindowsException'{0x00000007c0006478}> (0x00000007c0006478) 
thrown [s\src\hotspot\share\prims\jni.cpp, line 520]
Event: 94.457 Thread 0x000001c298771e80 Exception <a 'sun/nio/fs/WindowsException'{0x00000007c01a4ed8}> (0x00000007c01a4ed8) 
thrown [s\src\hotspot\share\prims\jni.cpp, line 520]
Event: 94.466 Thread 0x000001c298771e80 Exception <a 'sun/nio/fs/WindowsException'{0x00000007c00247e0}> (0x00000007c00247e0) 
thrown [s\src\hotspot\share\prims\jni.cpp, line 520]
Event: 94.472 Thread 0x000001c298771e80 Exception <a 'sun/nio/fs/WindowsException'{0x00000007c010dfa8}> (0x00000007c010dfa8) 
thrown [s\src\hotspot\share\prims\jni.cpp, line 520]
Event: 94.481 Thread 0x000001c298771e80 Exception <a 'sun/nio/fs/WindowsException'{0x00000007c0241d08}> (0x00000007c0241d08) 
thrown [s\src\hotspot\share\prims\jni.cpp, line 520]
Event: 94.489 Thread 0x000001c298771e80 Exception <a 'sun/nio/fs/WindowsException'{0x00000007c0007680}> (0x00000007c0007680) 
thrown [s\src\hotspot\share\prims\jni.cpp, line 520]
Event: 94.492 Thread 0x000001c298771e80 Exception <a 'sun/nio/fs/WindowsException'{0x00000007c005c9f0}> (0x00000007c005c9f0) 
thrown [s\src\hotspot\share\prims\jni.cpp, line 520]
Event: 96.544 Thread 0x000001c298771e80 Exception <a 'java/lang/NoSuchMethodError'{0x00000007c0151dc0}: 'int java.lang.invoke.DirectMethodHandle$Holder.invokeSpecialIFC(java.lang.Object, java.lang.Object, java.lang.Object)'> (0x00000007c0151dc0) 
thrown [s\src\hotspot\share\interpreter\linkResolver.cpp, line 773]
Event: 97.304 Thread 0x000001c298771e80 Implicit null exception at 0x000001c23f1f114b to 0x000001c23f1f1192

ZGC Phase Switch (0 events):
No events

VM Operations (20 events):
Event: 99.257 Executing safepoint VM operation: ParallelGCFailedAllocation (Allocation Failure)
Event: 99.260 Executing safepoint VM operation: ParallelGCFailedAllocation (Allocation Failure) done
Event: 99.267 Executing safepoint VM operation: ParallelGCFailedAllocation (Allocation Failure)
Event: 99.269 Executing safepoint VM operation: ParallelGCFailedAllocation (Allocation Failure) done
Event: 99.292 Executing safepoint VM operation: ParallelGCFailedAllocation (Allocation Failure)
Event: 99.306 Executing safepoint VM operation: ParallelGCFailedAllocation (Allocation Failure) done
Event: 99.320 Executing safepoint VM operation: ParallelGCFailedAllocation (Allocation Failure)
Event: 99.335 Executing safepoint VM operation: ParallelGCFailedAllocation (Allocation Failure) done
Event: 99.345 Executing safepoint VM operation: ParallelGCFailedAllocation (Allocation Failure)
Event: 99.347 Executing safepoint VM operation: ParallelGCFailedAllocation (Allocation Failure) done
Event: 99.388 Executing safepoint VM operation: ParallelGCFailedAllocation (Allocation Failure)
Event: 99.392 Executing safepoint VM operation: ParallelGCFailedAllocation (Allocation Failure) done
Event: 99.437 Executing safepoint VM operation: ParallelGCFailedAllocation (Allocation Failure)
Event: 99.462 Executing safepoint VM operation: ParallelGCFailedAllocation (Allocation Failure) done
Event: 99.538 Executing safepoint VM operation: ParallelGCFailedAllocation (Allocation Failure)
Event: 99.555 Executing safepoint VM operation: ParallelGCFailedAllocation (Allocation Failure) done
Event: 99.587 Executing safepoint VM operation: ParallelGCFailedAllocation (Allocation Failure)
Event: 99.589 Executing safepoint VM operation: ParallelGCFailedAllocation (Allocation Failure) done
Event: 99.627 Executing safepoint VM operation: ParallelGCFailedAllocation (Allocation Failure)
Event: 99.631 Executing safepoint VM operation: ParallelGCFailedAllocation (Allocation Failure) done

Memory protections (0 events):
No events

Nmethod flushes (20 events):
Event: 32.072 Thread 0x000001c24ce13a70 flushing  nmethod 0x000001c237f00810
Event: 32.072 Thread 0x000001c24ce13a70 flushing  nmethod 0x000001c237f01590
Event: 32.072 Thread 0x000001c24ce13a70 flushing  nmethod 0x000001c237f01b90
Event: 32.072 Thread 0x000001c24ce13a70 flushing  nmethod 0x000001c237f01f10
Event: 32.072 Thread 0x000001c24ce13a70 flushing  nmethod 0x000001c237f03710
Event: 32.072 Thread 0x000001c24ce13a70 flushing  nmethod 0x000001c237f0f210
Event: 32.072 Thread 0x000001c24ce13a70 flushing  nmethod 0x000001c237f11a10
Event: 32.072 Thread 0x000001c24ce13a70 flushing  nmethod 0x000001c237f12a90
Event: 32.072 Thread 0x000001c24ce13a70 flushing  nmethod 0x000001c237f13190
Event: 32.072 Thread 0x000001c24ce13a70 flushing  nmethod 0x000001c237f1b110
Event: 32.072 Thread 0x000001c24ce13a70 flushing  nmethod 0x000001c237f1b910
Event: 32.072 Thread 0x000001c24ce13a70 flushing  nmethod 0x000001c237f1d790
Event: 32.072 Thread 0x000001c24ce13a70 flushing  nmethod 0x000001c237f1e010
Event: 32.072 Thread 0x000001c24ce13a70 flushing  nmethod 0x000001c237f1e410
Event: 32.072 Thread 0x000001c24ce13a70 flushing  nmethod 0x000001c237f1e910
Event: 32.072 Thread 0x000001c24ce13a70 flushing  nmethod 0x000001c237f20290
Event: 32.072 Thread 0x000001c24ce13a70 flushing  nmethod 0x000001c237f20c90
Event: 32.072 Thread 0x000001c24ce13a70 flushing  nmethod 0x000001c237f22390
Event: 32.072 Thread 0x000001c24ce13a70 flushing  nmethod 0x000001c237f22c10
Event: 32.072 Thread 0x000001c24ce13a70 flushing  nmethod 0x000001c237f33290

Events (20 events):
Event: 87.760 Thread 0x000001c29ca706a0 Thread added: 0x000001c29ca6f2f0
Event: 87.760 Thread 0x000001c29ca6d220 Thread added: 0x000001c29ca72e00
Event: 87.761 Thread 0x000001c29ca72770 Thread added: 0x000001c29ca6f980
Event: 87.761 Thread 0x000001c29ca720e0 Thread added: 0x000001c29ca70010
Event: 87.761 Thread 0x000001c29ca70d30 Thread added: 0x000001c2a4bd07c0
Event: 87.762 Thread 0x000001c298770ad0 Thread added: 0x000001c2a4bcf410
Event: 87.762 Thread 0x000001c298770ad0 Thread added: 0x000001c2a4bd0e50
Event: 88.596 Thread 0x000001c29c92ea50 Thread added: 0x000001c29c92c170
Event: 88.764 Thread 0x000001c29c92c170 Thread exited: 0x000001c29c92c170
Event: 89.026 Thread 0x000001c28f51e530 Thread added: 0x000001c29c92e380
Event: 91.840 Thread 0x000001c29c92ea50 Thread added: 0x000001c29c92f7f0
Event: 91.840 Thread 0x000001c29c92ea50 Thread added: 0x000001c29c92fec0
Event: 91.842 Thread 0x000001c28f51e530 Thread added: 0x000001c29c92c840
Event: 92.209 Thread 0x000001c29c92fec0 Thread added: 0x000001c29c930590
Event: 93.937 Thread 0x000001c29c930590 Thread exited: 0x000001c29c930590
Event: 94.121 Thread 0x000001c29c92c840 Thread exited: 0x000001c29c92c840
Event: 94.712 Thread 0x000001c29c92e380 Thread exited: 0x000001c29c92e380
Event: 95.209 Thread 0x000001c29c92f7f0 Thread added: 0x000001c29c92c840
Event: 98.175 Thread 0x000001c29c92c840 Thread exited: 0x000001c29c92c840
Event: 98.264 Thread 0x000001c29c92fec0 Thread added: 0x000001c29c92c840


Dynamic libraries:
0x00007ff7aee80000 - 0x00007ff7aee8e000 	C:\Users\aqwsd\.serena\language_servers\static\EclipseJDTLS\vscode-java-1.54.0-923\extension\jre\21.0.10-win32-x86_64\bin\java.exe
0x00007ffe0b440000 - 0x00007ffe0b6a7000 	C:\WINDOWS\SYSTEM32\ntdll.dll
0x00007ffe0ac20000 - 0x00007ffe0ace9000 	C:\WINDOWS\System32\KERNEL32.DLL
0x00007ffe07e70000 - 0x00007ffe08267000 	C:\WINDOWS\System32\KERNELBASE.dll
0x00007ffe05450000 - 0x00007ffe054f0000 	C:\WINDOWS\SYSTEM32\apphelp.dll
0x00007ffe09070000 - 0x00007ffe091bb000 	C:\WINDOWS\System32\ucrtbase.dll
0x00007ffda9cf0000 - 0x00007ffda9d0e000 	C:\Users\aqwsd\.serena\language_servers\static\EclipseJDTLS\vscode-java-1.54.0-923\extension\jre\21.0.10-win32-x86_64\bin\VCRUNTIME140.dll
0x00007ffd76d80000 - 0x00007ffd76d98000 	C:\Users\aqwsd\.serena\language_servers\static\EclipseJDTLS\vscode-java-1.54.0-923\extension\jre\21.0.10-win32-x86_64\bin\jli.dll
0x00007ffe0a330000 - 0x00007ffe0a4f6000 	C:\WINDOWS\System32\USER32.dll
0x00007ffe08e50000 - 0x00007ffe08e77000 	C:\WINDOWS\System32\win32u.dll
0x00007ffe0b3d0000 - 0x00007ffe0b3fb000 	C:\WINDOWS\System32\GDI32.dll
0x00007ffe08270000 - 0x00007ffe0839c000 	C:\WINDOWS\System32\gdi32full.dll
0x00007ffe08fc0000 - 0x00007ffe09063000 	C:\WINDOWS\System32\msvcp_win.dll
0x00007ffde5260000 - 0x00007ffde54f2000 	C:\WINDOWS\WinSxS\amd64_microsoft.windows.common-controls_6595b64144ccf1df_6.0.26100.8457_none_3e0b2faee331e92d\COMCTL32.dll
0x00007ffe09af0000 - 0x00007ffe09b99000 	C:\WINDOWS\System32\msvcrt.dll
0x00007ffe09940000 - 0x00007ffe09972000 	C:\WINDOWS\System32\IMM32.DLL
0x00007ffdaa3a0000 - 0x00007ffdaa3ac000 	C:\Users\aqwsd\.serena\language_servers\static\EclipseJDTLS\vscode-java-1.54.0-923\extension\jre\21.0.10-win32-x86_64\bin\vcruntime140_1.dll
0x00007ffd46270000 - 0x00007ffd462fd000 	C:\Users\aqwsd\.serena\language_servers\static\EclipseJDTLS\vscode-java-1.54.0-923\extension\jre\21.0.10-win32-x86_64\bin\msvcp140.dll
0x00007ffd3a0f0000 - 0x00007ffd3ae91000 	C:\Users\aqwsd\.serena\language_servers\static\EclipseJDTLS\vscode-java-1.54.0-923\extension\jre\21.0.10-win32-x86_64\bin\server\jvm.dll
0x00007ffe0ad80000 - 0x00007ffe0ae36000 	C:\WINDOWS\System32\ADVAPI32.dll
0x00007ffe09830000 - 0x00007ffe098d7000 	C:\WINDOWS\System32\sechost.dll
0x00007ffe0ae40000 - 0x00007ffe0af58000 	C:\WINDOWS\System32\RPCRT4.dll
0x00007ffe0acf0000 - 0x00007ffe0ad70000 	C:\WINDOWS\System32\WS2_32.dll
0x00007ffdf3b00000 - 0x00007ffdf3b36000 	C:\WINDOWS\SYSTEM32\WINMM.dll
0x00007ffe07cd0000 - 0x00007ffe07d2e000 	C:\WINDOWS\SYSTEM32\POWRPROF.dll
0x00007ffe05fe0000 - 0x00007ffe05feb000 	C:\WINDOWS\SYSTEM32\VERSION.dll
0x00007ffe07cb0000 - 0x00007ffe07cc4000 	C:\WINDOWS\SYSTEM32\UMPDC.dll
0x00007ffe06bc0000 - 0x00007ffe06bdb000 	C:\WINDOWS\SYSTEM32\kernel.appcore.dll
0x00007ffda9e80000 - 0x00007ffda9e8a000 	C:\Users\aqwsd\.serena\language_servers\static\EclipseJDTLS\vscode-java-1.54.0-923\extension\jre\21.0.10-win32-x86_64\bin\jimage.dll
0x00007ffdfced0000 - 0x00007ffdfd112000 	C:\WINDOWS\SYSTEM32\DBGHELP.DLL
0x00007ffe094a0000 - 0x00007ffe09823000 	C:\WINDOWS\System32\combase.dll
0x00007ffe0a9b0000 - 0x00007ffe0aa89000 	C:\WINDOWS\System32\OLEAUT32.dll
0x00007ffdd5ae0000 - 0x00007ffdd5b1b000 	C:\WINDOWS\SYSTEM32\dbgcore.DLL
0x00007ffe08e80000 - 0x00007ffe08f28000 	C:\WINDOWS\System32\bcryptPrimitives.dll
0x00007ffda9cd0000 - 0x00007ffda9cdf000 	C:\Users\aqwsd\.serena\language_servers\static\EclipseJDTLS\vscode-java-1.54.0-923\extension\jre\21.0.10-win32-x86_64\bin\instrument.dll
0x00007ffd76d60000 - 0x00007ffd76d80000 	C:\Users\aqwsd\.serena\language_servers\static\EclipseJDTLS\vscode-java-1.54.0-923\extension\jre\21.0.10-win32-x86_64\bin\java.dll
0x00007ffe09bb0000 - 0x00007ffe0a31e000 	C:\WINDOWS\System32\SHELL32.dll
0x00007ffe085e0000 - 0x00007ffe08e4c000 	C:\WINDOWS\System32\windows.storage.dll
0x00007ffe093a0000 - 0x00007ffe09496000 	C:\WINDOWS\System32\SHCORE.dll
0x00007ffe0b310000 - 0x00007ffe0b376000 	C:\WINDOWS\System32\shlwapi.dll
0x00007ffe07d90000 - 0x00007ffe07db9000 	C:\WINDOWS\SYSTEM32\profapi.dll
0x00007ffd71e50000 - 0x00007ffd71e68000 	C:\Users\aqwsd\.serena\language_servers\static\EclipseJDTLS\vscode-java-1.54.0-923\extension\jre\21.0.10-win32-x86_64\bin\zip.dll
0x00007ffda9a40000 - 0x00007ffda9a50000 	C:\Users\aqwsd\.serena\language_servers\static\EclipseJDTLS\vscode-java-1.54.0-923\extension\jre\21.0.10-win32-x86_64\bin\net.dll
0x00007ffdff080000 - 0x00007ffdff1a9000 	C:\WINDOWS\SYSTEM32\WINHTTP.dll
0x00007ffe07110000 - 0x00007ffe0717c000 	C:\WINDOWS\system32\mswsock.dll
0x00007ffd595e0000 - 0x00007ffd595f6000 	C:\Users\aqwsd\.serena\language_servers\static\EclipseJDTLS\vscode-java-1.54.0-923\extension\jre\21.0.10-win32-x86_64\bin\nio.dll
0x00007ffd4db70000 - 0x00007ffd4dbb5000 	C:\Users\aqwsd\.serena\language_servers\static\EclipseJDTLS\workspaces\fb766bf42144c95c9ec203e42adba588\config_path\org.eclipse.equinox.launcher\org.eclipse.equinox.launcher.win32.win32.x86_64_1.3.0.v20260203-2149\eclipse_11919.dll
0x00007ffe0b170000 - 0x00007ffe0b307000 	C:\WINDOWS\System32\ole32.dll
0x00007ffe07510000 - 0x00007ffe0752b000 	C:\WINDOWS\SYSTEM32\CRYPTSP.dll
0x00007ffe06b20000 - 0x00007ffe06b59000 	C:\WINDOWS\system32\rsaenh.dll
0x00007ffe071c0000 - 0x00007ffe071f3000 	C:\WINDOWS\SYSTEM32\USERENV.dll
0x00007ffe07d60000 - 0x00007ffe07d8a000 	C:\WINDOWS\SYSTEM32\bcrypt.dll
0x00007ffe07370000 - 0x00007ffe0737c000 	C:\WINDOWS\SYSTEM32\CRYPTBASE.dll
0x00007ffe065b0000 - 0x00007ffe065e2000 	C:\WINDOWS\SYSTEM32\IPHLPAPI.DLL
0x00007ffe0ac10000 - 0x00007ffe0ac1a000 	C:\WINDOWS\System32\NSI.dll
0x00007ffda63f0000 - 0x00007ffda6439000 	C:\Users\aqwsd\AppData\Local\Temp\jna-93065944\jna1347127513444300681.dll
0x00007ffe09ba0000 - 0x00007ffe09ba8000 	C:\WINDOWS\System32\PSAPI.DLL
0x00007ffdff3f0000 - 0x00007ffdff40d000 	C:\WINDOWS\SYSTEM32\dhcpcsvc6.DLL
0x00007ffdfee50000 - 0x00007ffdfee75000 	C:\WINDOWS\SYSTEM32\dhcpcsvc.DLL
0x00007ffd467e0000 - 0x00007ffd46807000 	C:\Users\aqwsd\.gradle\native\1def1411415f61bf3af743bc5b6707747c0891f09f0c88961ee8f79bc544acac\windows-amd64\native-platform.dll
0x00007ffda5f70000 - 0x00007ffda5f7a000 	C:\Users\aqwsd\.serena\language_servers\static\EclipseJDTLS\vscode-java-1.54.0-923\extension\jre\21.0.10-win32-x86_64\bin\management.dll
0x00007ffd9f4a0000 - 0x00007ffd9f4ac000 	C:\Users\aqwsd\.serena\language_servers\static\EclipseJDTLS\vscode-java-1.54.0-923\extension\jre\21.0.10-win32-x86_64\bin\management_ext.dll
0x00007ffd4db60000 - 0x00007ffd4db69000 	C:\Users\aqwsd\.serena\language_servers\static\EclipseJDTLS\vscode-java-1.54.0-923\extension\jre\21.0.10-win32-x86_64\bin\extnet.dll
0x00007ffd9b880000 - 0x00007ffd9b88e000 	C:\Users\aqwsd\.serena\language_servers\static\EclipseJDTLS\vscode-java-1.54.0-923\extension\jre\21.0.10-win32-x86_64\bin\sunmscapi.dll
0x00007ffe083a0000 - 0x00007ffe08518000 	C:\WINDOWS\System32\CRYPT32.dll
0x00007ffe07670000 - 0x00007ffe076a0000 	C:\WINDOWS\SYSTEM32\ncrypt.dll
0x00007ffe07620000 - 0x00007ffe0765f000 	C:\WINDOWS\SYSTEM32\NTASN1.dll
0x00007ffd9fd30000 - 0x00007ffd9fd38000 	C:\WINDOWS\system32\wshunix.dll

JVMTI agents:
C:\Users\aqwsd\.serena\language_servers\static\EclipseJDTLS\vscode-java-1.54.0-923\extension\lombok\lombok-1.18.39-4050.jar path:C:\Users\aqwsd\.serena\language_servers\static\EclipseJDTLS\vscode-java-1.54.0-923\extension\jre\21.0.10-win32-x86_64\bin\instrument.dll, loaded, initialized, instrumentlib options:none

dbghelp: loaded successfully - version: 4.0.5 - missing functions: none
symbol engine: initialized successfully - sym options: 0x614 - pdb path: .;C:\Users\aqwsd\.serena\language_servers\static\EclipseJDTLS\vscode-java-1.54.0-923\extension\jre\21.0.10-win32-x86_64\bin;C:\WINDOWS\SYSTEM32;C:\WINDOWS\WinSxS\amd64_microsoft.windows.common-controls_6595b64144ccf1df_6.0.26100.8457_none_3e0b2faee331e92d;C:\Users\aqwsd\.serena\language_servers\static\EclipseJDTLS\vscode-java-1.54.0-923\extension\jre\21.0.10-win32-x86_64\bin\server;C:\Users\aqwsd\.serena\language_servers\static\EclipseJDTLS\workspaces\fb766bf42144c95c9ec203e42adba588\config_path\org.eclipse.equinox.launcher\org.eclipse.equinox.launcher.win32.win32.x86_64_1.3.0.v20260203-2149;C:\Users\aqwsd\AppData\Local\Temp\jna-93065944;C:\Users\aqwsd\.gradle\native\1def1411415f61bf3af743bc5b6707747c0891f09f0c88961ee8f79bc544acac\windows-amd64

VM Arguments:
jvm_args: --add-modules=ALL-SYSTEM --add-opens=java.base/java.util=ALL-UNNAMED --add-opens=java.base/java.lang=ALL-UNNAMED --add-opens=java.base/sun.nio.fs=ALL-UNNAMED -Declipse.application=org.eclipse.jdt.ls.core.id1 -Dosgi.bundles.defaultStartLevel=4 -Declipse.product=org.eclipse.jdt.ls.core.product -Djava.import.generatesMetadataFilesAtProjectRoot=false -Dfile.encoding=utf8 -Xverify:none -XX:+UseParallelGC -XX:GCTimeRatio=4 -XX:AdaptiveSizePolicyWeight=90 -Dsun.zip.disableMemoryMapping=true -Djava.lsp.joinOnCompletion=true -Xmx3G -Xms100m -Xlog:disable -Dlog.level=ALL -javaagent:C:\Users\aqwsd\.serena\language_servers\static\EclipseJDTLS\vscode-java-1.54.0-923\extension\lombok\lombok-1.18.39-4050.jar -Djdt.core.sharedIndexLocation=C:\Users\aqwsd\.serena\language_servers\static\lsp\EclipseJDTLS\sharedIndex 
java_command: C:\Users\aqwsd\.serena\language_servers\static\EclipseJDTLS\vscode-java-1.54.0-923\extension\server\plugins\org.eclipse.equinox.launcher_1.7.100.v20251111-0406.jar -configuration C:\Users\aqwsd\.serena\language_servers\static\EclipseJDTLS\workspaces\fb766bf42144c95c9ec203e42adba588\config_path -data C:\Users\aqwsd\.serena\language_servers\static\EclipseJDTLS\workspaces\fb766bf42144c95c9ec203e42adba588\data_dir
java_class_path (initial): C:\Users\aqwsd\.serena\language_servers\static\EclipseJDTLS\vscode-java-1.54.0-923\extension\server\plugins\org.eclipse.equinox.launcher_1.7.100.v20251111-0406.jar
Launcher Type: SUN_STANDARD

[Global flags]
    uintx AdaptiveSizePolicyWeight                 = 90                                        {product} {command line}
     intx CICompilerCount                          = 15                                        {product} {ergonomic}
    uintx GCTimeRatio                              = 4                                         {product} {command line}
   size_t InitialHeapSize                          = 104857600                                 {product} {command line}
   size_t MaxHeapSize                              = 3221225472                                {product} {command line}
   size_t MaxNewSize                               = 1073741824                                {product} {ergonomic}
   size_t MinHeapDeltaBytes                        = 524288                                    {product} {ergonomic}
   size_t MinHeapSize                              = 104857600                                 {product} {command line}
   size_t NewSize                                  = 34603008                                  {product} {ergonomic}
    uintx NonNMethodCodeHeapSize                   = 8192380                                {pd product} {ergonomic}
    uintx NonProfiledCodeHeapSize                  = 121732930                              {pd product} {ergonomic}
   size_t OldSize                                  = 70254592                                  {product} {ergonomic}
    uintx ProfiledCodeHeapSize                     = 121732930                              {pd product} {ergonomic}
    uintx ReservedCodeCacheSize                    = 251658240                              {pd product} {ergonomic}
     bool SegmentedCodeCache                       = true                                      {product} {ergonomic}
   size_t SoftMaxHeapSize                          = 3221225472                             {manageable} {ergonomic}
     bool UseCompressedOops                        = true                           {product lp64_product} {ergonomic}
     bool UseLargePagesIndividualAllocation        = false                                  {pd product} {ergonomic}
     bool UseParallelGC                            = true                                      {product} {command line}

Logging:
Log output configuration:
 #0: stdout all=off uptime,level,tags foldmultilines=false
 #1: stderr all=off uptime,level,tags foldmultilines=false

Release file:
JAVA_VERSION="21.0.10" 
MODULES="java.base java.compiler java.datatransfer java.xml java.prefs java.desktop java.instrument java.logging java.management java.security.sasl java.naming java.rmi java.management.rmi java.net.http java.scripting java.security.jgss java.transaction.xa java.sql java.sql.rowset java.xml.crypto java.se java.smartcardio jdk.accessibility jdk.internal.jvmstat jdk.attach jdk.charsets jdk.internal.opt jdk.zipfs jdk.compiler jdk.crypto.ec jdk.crypto.cryptoki jdk.crypto.mscapi jdk.dynalink jdk.internal.ed jdk.editpad jdk.hotspot.agent jdk.httpserver jdk.internal.le jdk.internal.vm.ci jdk.internal.vm.compiler jdk.internal.vm.compiler.management jdk.jartool jdk.javadoc jdk.jcmd jdk.management jdk.management.agent jdk.jconsole jdk.jdeps jdk.jdwp.agent jdk.jdi jdk.jfr jdk.jshell jdk.jsobject jdk.jstatd jdk.localedata jdk.management.jfr jdk.naming.dns jdk.naming.rmi jdk.net jdk.nio.mapmode jdk.random jdk.sctp jdk.security.auth jdk.security.jgss jdk.unsupported jdk.unsupported.desktop jdk.xml.dom" 

Environment Variables:
JAVA_HOME=C:\Users\aqwsd\.serena\language_servers\static\EclipseJDTLS\vscode-java-1.54.0-923\extension\jre\21.0.10-win32-x86_64
PATH=C:\Program Files\Eclipse Adoptium\jdk-21.0.9.10-hotspot\bin;C:\Python314\Scripts\;C:\Python314\;C:\Program Files\Common Files\Oracle\Java\javapath;C:\WINDOWS\system32;C:\WINDOWS;C:\WINDOWS\System32\Wbem;C:\WINDOWS\System32\WindowsPowerShell\v1.0\;C:\WINDOWS\System32\OpenSSH\;C:\Program Files (x86)\NVIDIA Corporation\PhysX\Common;C:\Program Files\NVIDIA Corporation\NVIDIA App\NvDLISR;C:\Program Files\nodejs\;C:\ProgramData\chocolatey\bin;C:\Program Files\Bandizip\;C:\Program Files\Git\cmd;C:\Program Files\dotnet\;C:\Program Files\Cloudflare\Cloudflare WARP\;C:\Program Files\Amazon\AWSCLIV2\;C:\Program Files\Amazon\AWSCLIV2;;C:\Program Files\Docker\Docker\resources\bin;C:\Program Files\PuTTY\;C:\Program Files\k6\;C:\Users\aqwsd\AppData\Local\Microsoft\WindowsApps;C:\Users\aqwsd\AppData\Local\Programs\Microsoft VS Code\bin;C:\Users\aqwsd\AppData\Local\GitHubDesktop\bin;C:\Users\aqwsd\AppData\Roaming\npm;C:\Users\aqwsd\.bun\bin;C:\Program Files\nodejs;C:\Python314;C:\Program Files\Git\mingw64\bin;
USERNAME=aqwsd
SHELL=C:\Program Files\Git\bin\bash.exe
OS=Windows_NT
PROCESSOR_IDENTIFIER=Intel64 Family 6 Model 183 Stepping 1, GenuineIntel
TMP=C:\Users\aqwsd\AppData\Local\Temp
TEMP=C:\Users\aqwsd\AppData\Local\Temp




Periodic native trim disabled

---------------  S Y S T E M  ---------------

OS:
 Windows 11 , 64 bit Build 26100 (10.0.26100.8328)
OS uptime: 0 days 7:49 hours
Hyper-V role detected

CPU: total 32 (initial active 32) (16 cores per cpu, 2 threads per core) family 6 model 183 stepping 1 microcode 0x12e, cx8, cmov, fxsr, ht, mmx, 3dnowpref, sse, sse2, sse3, ssse3, sse4.1, sse4.2, popcnt, lzcnt, tsc, tscinvbit, avx, avx2, aes, erms, clmul, bmi1, bmi2, adx, sha, fma, vzeroupper, clflush, clflushopt, clwb, hv, serialize, rdtscp, rdpid, fsrm, f16c, cet_ibt, cet_ss
Processor Information for processor 0
  Max Mhz: 2200, Current Mhz: 2200, Mhz Limit: 2200
Processor Information for processor 1
  Max Mhz: 2200, Current Mhz: 2200, Mhz Limit: 2200
Processor Information for processor 2
  Max Mhz: 2200, Current Mhz: 2200, Mhz Limit: 2200
Processor Information for processor 3
  Max Mhz: 2200, Current Mhz: 2200, Mhz Limit: 2200
Processor Information for processor 4
  Max Mhz: 2200, Current Mhz: 2200, Mhz Limit: 2200
Processor Information for processor 5
  Max Mhz: 2200, Current Mhz: 2200, Mhz Limit: 2200
Processor Information for processor 6
  Max Mhz: 2200, Current Mhz: 1466, Mhz Limit: 2200
Processor Information for processor 7
  Max Mhz: 2200, Current Mhz: 2200, Mhz Limit: 2200
Processor Information for processor 8
  Max Mhz: 2200, Current Mhz: 2200, Mhz Limit: 2200
Processor Information for processor 9
  Max Mhz: 2200, Current Mhz: 2200, Mhz Limit: 2200
Processor Information for processor 10
  Max Mhz: 2200, Current Mhz: 2200, Mhz Limit: 2200
Processor Information for processor 11
  Max Mhz: 2200, Current Mhz: 2200, Mhz Limit: 2200
Processor Information for processor 12
  Max Mhz: 2200, Current Mhz: 2200, Mhz Limit: 2200
Processor Information for processor 13
  Max Mhz: 2200, Current Mhz: 2200, Mhz Limit: 2200
Processor Information for processor 14
  Max Mhz: 2200, Current Mhz: 2200, Mhz Limit: 2200
Processor Information for processor 15
  Max Mhz: 2200, Current Mhz: 2200, Mhz Limit: 2200
Processor Information for processor 16
  Max Mhz: 2200, Current Mhz: 1500, Mhz Limit: 1584
Processor Information for processor 17
  Max Mhz: 2200, Current Mhz: 1500, Mhz Limit: 1584
Processor Information for processor 18
  Max Mhz: 2200, Current Mhz: 1500, Mhz Limit: 1584
Processor Information for processor 19
  Max Mhz: 2200, Current Mhz: 1500, Mhz Limit: 1584
Processor Information for processor 20
  Max Mhz: 2200, Current Mhz: 1500, Mhz Limit: 1584
Processor Information for processor 21
  Max Mhz: 2200, Current Mhz: 1500, Mhz Limit: 1584
Processor Information for processor 22
  Max Mhz: 2200, Current Mhz: 1500, Mhz Limit: 1584
Processor Information for processor 23
  Max Mhz: 2200, Current Mhz: 1500, Mhz Limit: 1584
Processor Information for processor 24
  Max Mhz: 2200, Current Mhz: 1500, Mhz Limit: 1584
Processor Information for processor 25
  Max Mhz: 2200, Current Mhz: 1500, Mhz Limit: 1584
Processor Information for processor 26
  Max Mhz: 2200, Current Mhz: 1500, Mhz Limit: 1584
Processor Information for processor 27
  Max Mhz: 2200, Current Mhz: 1500, Mhz Limit: 1584
Processor Information for processor 28
  Max Mhz: 2200, Current Mhz: 1500, Mhz Limit: 1584
Processor Information for processor 29
  Max Mhz: 2200, Current Mhz: 1500, Mhz Limit: 1584
Processor Information for processor 30
  Max Mhz: 2200, Current Mhz: 1500, Mhz Limit: 1584
Processor Information for processor 31
  Max Mhz: 2200, Current Mhz: 1500, Mhz Limit: 1584

Memory: 4k page, system-wide physical 32559M (550M free)
TotalPageFile size 71506M (AvailPageFile size 1M)
current process WorkingSet (physical memory assigned to process): 798M, peak: 798M
current process commit charge ("private bytes"): 964M, peak: 964M

vm_info: OpenJDK 64-Bit Server VM (21.0.10+7-LTS) for windows-amd64 JRE (21.0.10+7-LTS), built on 2026-01-20T00:00:00Z by "admin" with MS VC++ 17.12 (VS2022)

END.
