#
# There is insufficient memory for the Java Runtime Environment to continue.
# Native memory allocation (malloc) failed to allocate 1894256 bytes. Error detail: Chunk::new
# Possible reasons:
#   The system is out of physical RAM or swap space
#   This process is running with CompressedOops enabled, and the Java Heap may be blocking the growth of the native heap
# Possible solutions:
#   Reduce memory load on the system
#   Increase physical memory or swap space
#   Check if swap backing store is full
#   Decrease Java heap size (-Xmx/-Xms)
#   Decrease number of Java threads
#   Decrease Java thread stack sizes (-Xss)
#   Set larger code cache with -XX:ReservedCodeCacheSize=
#   JVM is running with Zero Based Compressed Oops mode in which the Java heap is
#     placed in the first 32GB address space. The Java Heap base address is the
#     maximum limit for the native heap growth. Please use -XX:HeapBaseMinAddress
#     to set the Java Heap base and to place the Java Heap above 32GB virtual address.
# This output file may be truncated or incomplete.
#
#  Out of Memory Error (arena.cpp:168), pid=45592, tid=52636
#
# JRE version: OpenJDK Runtime Environment Temurin-21.0.10+7 (21.0.10+7) (build 21.0.10+7-LTS)
# Java VM: OpenJDK 64-Bit Server VM Temurin-21.0.10+7 (21.0.10+7-LTS, mixed mode, sharing, tiered, compressed oops, compressed class ptrs, parallel gc, windows-amd64)
# No core dump will be written. Minidumps are not enabled by default on client versions of Windows
#

---------------  S U M M A R Y ------------

Command Line: --add-modules=ALL-SYSTEM --add-opens=java.base/java.util=ALL-UNNAMED --add-opens=java.base/java.lang=ALL-UNNAMED --add-opens=java.base/sun.nio.fs=ALL-UNNAMED -Declipse.application=org.eclipse.jdt.ls.core.id1 -Dosgi.bundles.defaultStartLevel=4 -Declipse.product=org.eclipse.jdt.ls.core.product -Djava.import.generatesMetadataFilesAtProjectRoot=false -Dfile.encoding=utf8 -Xverify:none -XX:+UseParallelGC -XX:GCTimeRatio=4 -XX:AdaptiveSizePolicyWeight=90 -Dsun.zip.disableMemoryMapping=true -Djava.lsp.joinOnCompletion=true -Xmx3G -Xms100m -Xlog:disable -Dlog.level=ALL -javaagent:C:\Users\aqwsd\.serena\language_servers\static\EclipseJDTLS\vscode-java-1.54.0-923\extension\lombok\lombok-1.18.39-4050.jar -Djdt.core.sharedIndexLocation=C:\Users\aqwsd\.serena\language_servers\static\lsp\EclipseJDTLS\sharedIndex C:\Users\aqwsd\.serena\language_servers\static\EclipseJDTLS\vscode-java-1.54.0-923\extension\server\plugins\org.eclipse.equinox.launcher_1.7.100.v20251111-0406.jar -configuration C:\Users\aqwsd\.serena\language_servers\static\EclipseJDTLS\workspaces\fb766bf42144c95c9ec203e42adba588\config_path -data C:\Users\aqwsd\.serena\language_servers\static\EclipseJDTLS\workspaces\fb766bf42144c95c9ec203e42adba588\data_dir

Host: Intel(R) Core(TM) i9-14900HX, 32 cores, 31G,  Windows 11 , 64 bit Build 26100 (10.0.26100.8328)
Time: Mon Jun  8 19:36:59 2026 elapsed time: 101.182352 seconds (0d 0h 1m 41s)

---------------  T H R E A D  ---------------

Current thread (0x0000020b87a000e0):  JavaThread "C2 CompilerThread1" daemon [_thread_in_native, id=52636, stack(0x000000fd35200000,0x000000fd35300000) (1024K)]


Current CompileTask:
C2:101183 19300       4       lombok.eclipse.agent.PatchDelegate::hasDelegateMarkedFieldsOrMethods (181 bytes)

Stack: [0x000000fd35200000,0x000000fd35300000]
Native frames: (J=compiled Java code, j=interpreted, Vv=VM code, C=native code)
V  [jvm.dll+0x6d7a39]
V  [jvm.dll+0x8b4b26]
V  [jvm.dll+0x8b70de]
V  [jvm.dll+0x8b77c3]
V  [jvm.dll+0x284346]
V  [jvm.dll+0xc66ed]
V  [jvm.dll+0xc6c31]
V  [jvm.dll+0x3bec01]
V  [jvm.dll+0x38b162]
V  [jvm.dll+0x38a5aa]
V  [jvm.dll+0x24c560]
V  [jvm.dll+0x24bb40]
V  [jvm.dll+0x1cb34e]
V  [jvm.dll+0x25b85d]
V  [jvm.dll+0x259dea]
V  [jvm.dll+0x3f857e]
V  [jvm.dll+0x85f59d]
V  [jvm.dll+0x6d626d]
C  [ucrtbase.dll+0x37b0]
C  [KERNEL32.DLL+0x2e957]
C  [ntdll.dll+0x427c]


---------------  P R O C E S S  ---------------

Threads class SMR info:
_java_thread_list=0x0000020bf4185e30, length=121, elements={
0x0000020b8cd55890, 0x0000020be91f2d60, 0x0000020bea70ee70, 0x0000020bea7161e0,
0x0000020bea716d70, 0x0000020bea718880, 0x0000020bea73a010, 0x0000020bea740d90,
0x0000020bea74f270, 0x0000020bea9174e0, 0x0000020bf21c19e0, 0x0000020bf2d8a950,
0x0000020bf2c08740, 0x0000020bf29a1160, 0x0000020bf29a3cc0, 0x0000020bf356cff0,
0x0000020bf32a8450, 0x0000020bf3728f00, 0x0000020bf3b0ec70, 0x0000020bf3b0df50,
0x0000020bf3b0d8c0, 0x0000020bf3a59df0, 0x0000020bf3a5ab10, 0x0000020bf3a5b1a0,
0x0000020bf3a5a480, 0x0000020bf3a5b830, 0x0000020bf3a583b0, 0x0000020bf3a5bec0,
0x0000020bf3a5cbe0, 0x0000020bf3a5ecb0, 0x0000020bf3a5f340, 0x0000020bf3a5f9d0,
0x0000020bf86d26b0, 0x0000020bf86d1990, 0x0000020bf86d2020, 0x0000020bf86d2d40,
0x0000020bf86cf8c0, 0x0000020bf86d33d0, 0x0000020bf86cff50, 0x0000020bf86d3a60,
0x0000020bf86d4e10, 0x0000020bf86d40f0, 0x0000020bf86d4780, 0x0000020bf86d54a0,
0x0000020bf7f3bcc0, 0x0000020bf7f39560, 0x0000020bf7f3c350, 0x0000020bf7f3afa0,
0x0000020bf7f39bf0, 0x0000020bf7f3a280, 0x0000020bf7f3a910, 0x0000020bf7f3b630,
0x0000020bf7f38ed0, 0x0000020bf7f3c9e0, 0x0000020bf7f3f140, 0x0000020bf7f3eab0,
0x0000020bf7f3fe60, 0x0000020bf7f3e420, 0x0000020bf7f3dd90, 0x0000020bf7f3f7d0,
0x0000020bf7f404f0, 0x0000020bf7f3d070, 0x0000020bf7f3d700, 0x0000020bf33b92a0,
0x0000020bf33b9fc0, 0x0000020bf33bcdb0, 0x0000020bf33bc090, 0x0000020bf33bace0,
0x0000020bf33b9930, 0x0000020bf33bd440, 0x0000020bf33bdad0, 0x0000020bf33ba650,
0x0000020bf33be160, 0x0000020bf33bb370, 0x0000020bf33be7f0, 0x0000020bf33bee80,
0x0000020bf33bc720, 0x0000020bf33bba00, 0x0000020bf33c0230, 0x0000020bfe21ed70,
0x0000020bfe21d330, 0x0000020bfe220e40, 0x0000020bfe2214d0, 0x0000020bfe2207b0,
0x0000020bfe21f400, 0x0000020bfe2221f0, 0x0000020bfe21fa90, 0x0000020bfe222880,
0x0000020bfe222f10, 0x0000020bfe2235a0, 0x0000020bfe220120, 0x0000020bfe223c30,
0x0000020bfaa23a70, 0x0000020bfaa233e0, 0x0000020bfaa24100, 0x0000020bfaa24e20,
0x0000020bfaa24790, 0x0000020bfaa254b0, 0x0000020bfaa25b40, 0x0000020bfaa22d50,
0x0000020bfaa226c0, 0x0000020bfaa26860, 0x0000020bfaa26ef0, 0x0000020bfaa27580,
0x0000020bfaa27c10, 0x0000020bfaa282a0, 0x0000020bfaa28930, 0x0000020bfd1bacb0,
0x0000020bfd1b8be0, 0x0000020bfd1bb340, 0x0000020bfd1be130, 0x0000020bfd1bd410,
0x0000020bfd1bf4e0, 0x0000020bf86d1300, 0x0000020bf86cf230, 0x0000020bfe21e6e0,
0x0000020bf86cde80, 0x0000020bf3a5c550, 0x0000020bf33bfba0, 0x0000020b879fb5f0,
0x0000020b87a000e0
}

Java Threads: ( => current thread )
  0x0000020b8cd55890 JavaThread "main"                              [_thread_blocked, id=37052, stack(0x000000fd34100000,0x000000fd34200000) (1024K)]
  0x0000020be91f2d60 JavaThread "Reference Handler"          daemon [_thread_blocked, id=48424, stack(0x000000fd34500000,0x000000fd34600000) (1024K)]
  0x0000020bea70ee70 JavaThread "Finalizer"                  daemon [_thread_blocked, id=43176, stack(0x000000fd34600000,0x000000fd34700000) (1024K)]
  0x0000020bea7161e0 JavaThread "Signal Dispatcher"          daemon [_thread_blocked, id=7660, stack(0x000000fd34700000,0x000000fd34800000) (1024K)]
  0x0000020bea716d70 JavaThread "Attach Listener"            daemon [_thread_blocked, id=53108, stack(0x000000fd34800000,0x000000fd34900000) (1024K)]
  0x0000020bea718880 JavaThread "Service Thread"             daemon [_thread_blocked, id=37656, stack(0x000000fd34900000,0x000000fd34a00000) (1024K)]
  0x0000020bea73a010 JavaThread "Monitor Deflation Thread"   daemon [_thread_blocked, id=11000, stack(0x000000fd34a00000,0x000000fd34b00000) (1024K)]
  0x0000020bea740d90 JavaThread "C2 CompilerThread0"         daemon [_thread_in_native, id=47648, stack(0x000000fd34b00000,0x000000fd34c00000) (1024K)]
  0x0000020bea74f270 JavaThread "C1 CompilerThread0"         daemon [_thread_blocked, id=50368, stack(0x000000fd34c00000,0x000000fd34d00000) (1024K)]
  0x0000020bea9174e0 JavaThread "Common-Cleaner"             daemon [_thread_blocked, id=47964, stack(0x000000fd35000000,0x000000fd35100000) (1024K)]
  0x0000020bf21c19e0 JavaThread "Notification Thread"        daemon [_thread_blocked, id=35300, stack(0x000000fd35300000,0x000000fd35400000) (1024K)]
  0x0000020bf2d8a950 JavaThread "Active Thread: Equinox Container: 34b52406-5c9e-4904-93ab-325bca0ae8e2"        [_thread_blocked, id=49004, stack(0x000000fd35d00000,0x000000fd35e00000) (1024K)]
  0x0000020bf2c08740 JavaThread "Refresh Thread: Equinox Container: 34b52406-5c9e-4904-93ab-325bca0ae8e2" daemon [_thread_blocked, id=52816, stack(0x000000fd35e00000,0x000000fd35f00000) (1024K)]
  0x0000020bf29a1160 JavaThread "Framework Event Dispatcher: Equinox Container: 34b52406-5c9e-4904-93ab-325bca0ae8e2" daemon [_thread_blocked, id=48172, stack(0x000000fd36000000,0x000000fd36100000) (1024K)]
  0x0000020bf29a3cc0 JavaThread "Start Level: Equinox Container: 34b52406-5c9e-4904-93ab-325bca0ae8e2" daemon [_thread_blocked, id=52772, stack(0x000000fd36100000,0x000000fd36200000) (1024K)]
  0x0000020bf356cff0 JavaThread "Bundle File Closer"         daemon [_thread_blocked, id=42668, stack(0x000000fd36400000,0x000000fd36500000) (1024K)]
  0x0000020bf32a8450 JavaThread "SCR Component Actor"        daemon [_thread_blocked, id=21936, stack(0x000000fd35400000,0x000000fd35500000) (1024K)]
  0x0000020bf3728f00 JavaThread "Worker-JM"                         [_thread_blocked, id=28496, stack(0x000000fd36500000,0x000000fd36600000) (1024K)]
  0x0000020bf3b0ec70 JavaThread "JNA Cleaner"                daemon [_thread_blocked, id=48096, stack(0x000000fd34f00000,0x000000fd35000000) (1024K)]
  0x0000020bf3b0df50 JavaThread "Worker-0: Java indexing... "        [_thread_blocked, id=43424, stack(0x000000fd36700000,0x000000fd36800000) (1024K)]
  0x0000020bf3b0d8c0 JavaThread "Worker-1"                          [_thread_blocked, id=51468, stack(0x000000fd36c00000,0x000000fd36d00000) (1024K)]
  0x0000020bf3a59df0 JavaThread "Worker-2: Initialize workspace"        [_thread_blocked, id=41184, stack(0x000000fd36d00000,0x000000fd36e00000) (1024K)]
  0x0000020bf3a5ab10 JavaThread "Java indexing"              daemon [_thread_blocked, id=45796, stack(0x000000fd37200000,0x000000fd37300000) (1024K)]
  0x0000020bf3a5b1a0 JavaThread "Worker-3"                          [_thread_blocked, id=29192, stack(0x000000fd37300000,0x000000fd37400000) (1024K)]
  0x0000020bf3a5a480 JavaThread "Worker-4"                          [_thread_blocked, id=10692, stack(0x000000fd37400000,0x000000fd37500000) (1024K)]
  0x0000020bf3a5b830 JavaThread "Worker-5: Building"                [_thread_blocked, id=2748, stack(0x000000fd37d00000,0x000000fd37e00000) (1024K)]
  0x0000020bf3a583b0 JavaThread "Worker-6"                          [_thread_blocked, id=47380, stack(0x000000fd38000000,0x000000fd38100000) (1024K)]
  0x0000020bf3a5bec0 JavaThread "Worker-7: Updating workspace"        [_thread_in_native, id=48528, stack(0x000000fd38100000,0x000000fd38200000) (1024K)]
  0x0000020bf3a5cbe0 JavaThread "pool-2-thread-1"                   [_thread_blocked, id=53556, stack(0x000000fd38200000,0x000000fd38300000) (1024K)]
  0x0000020bf3a5ecb0 JavaThread "Worker-8"                          [_thread_blocked, id=5052, stack(0x000000fd38400000,0x000000fd38500000) (1024K)]
  0x0000020bf3a5f340 JavaThread "WorkspaceEventsHandler"            [_thread_blocked, id=51888, stack(0x000000fd38600000,0x000000fd38700000) (1024K)]
  0x0000020bf3a5f9d0 JavaThread "pool-1-thread-1"                   [_thread_blocked, id=45900, stack(0x000000fd38700000,0x000000fd38800000) (1024K)]
  0x0000020bf86d26b0 JavaThread "LocalFile Deleter"          daemon [_thread_blocked, id=46948, stack(0x000000fd36e00000,0x000000fd36f00000) (1024K)]
  0x0000020bf86d1990 JavaThread "LocalFile Deleter"          daemon [_thread_blocked, id=15708, stack(0x000000fd37500000,0x000000fd37600000) (1024K)]
  0x0000020bf86d2020 JavaThread "LocalFile Deleter"          daemon [_thread_blocked, id=7060, stack(0x000000fd37700000,0x000000fd37800000) (1024K)]
  0x0000020bf86d2d40 JavaThread "LocalFile Deleter"          daemon [_thread_blocked, id=53488, stack(0x000000fd37800000,0x000000fd37900000) (1024K)]
  0x0000020bf86cf8c0 JavaThread "LocalFile Deleter"          daemon [_thread_blocked, id=53216, stack(0x000000fd37900000,0x000000fd37a00000) (1024K)]
  0x0000020bf86d33d0 JavaThread "LocalFile Deleter"          daemon [_thread_blocked, id=2736, stack(0x000000fd38500000,0x000000fd38600000) (1024K)]
  0x0000020bf86cff50 JavaThread "LocalFile Deleter"          daemon [_thread_blocked, id=45528, stack(0x000000fd38800000,0x000000fd38900000) (1024K)]
  0x0000020bf86d3a60 JavaThread "LocalFile Deleter"          daemon [_thread_blocked, id=36132, stack(0x000000fd38900000,0x000000fd38a00000) (1024K)]
  0x0000020bf86d4e10 JavaThread "LocalFile Deleter"          daemon [_thread_blocked, id=38972, stack(0x000000fd38a00000,0x000000fd38b00000) (1024K)]
  0x0000020bf86d40f0 JavaThread "LocalFile Deleter"          daemon [_thread_blocked, id=13412, stack(0x000000fd38b00000,0x000000fd38c00000) (1024K)]
  0x0000020bf86d4780 JavaThread "LocalFile Deleter"          daemon [_thread_blocked, id=50940, stack(0x000000fd38c00000,0x000000fd38d00000) (1024K)]
  0x0000020bf86d54a0 JavaThread "LocalFile Deleter"          daemon [_thread_blocked, id=30420, stack(0x000000fd38d00000,0x000000fd38e00000) (1024K)]
  0x0000020bf7f3bcc0 JavaThread "LocalFile Deleter"          daemon [_thread_blocked, id=52976, stack(0x000000fd38e00000,0x000000fd38f00000) (1024K)]
  0x0000020bf7f39560 JavaThread "LocalFile Deleter"          daemon [_thread_blocked, id=16288, stack(0x000000fd38f00000,0x000000fd39000000) (1024K)]
  0x0000020bf7f3c350 JavaThread "LocalFile Deleter"          daemon [_thread_blocked, id=35980, stack(0x000000fd39000000,0x000000fd39100000) (1024K)]
  0x0000020bf7f3afa0 JavaThread "LocalFile Deleter"          daemon [_thread_blocked, id=49564, stack(0x000000fd39100000,0x000000fd39200000) (1024K)]
  0x0000020bf7f39bf0 JavaThread "LocalFile Deleter"          daemon [_thread_blocked, id=40572, stack(0x000000fd39200000,0x000000fd39300000) (1024K)]
  0x0000020bf7f3a280 JavaThread "LocalFile Deleter"          daemon [_thread_blocked, id=49332, stack(0x000000fd39300000,0x000000fd39400000) (1024K)]
  0x0000020bf7f3a910 JavaThread "LocalFile Deleter"          daemon [_thread_blocked, id=43724, stack(0x000000fd39400000,0x000000fd39500000) (1024K)]
  0x0000020bf7f3b630 JavaThread "LocalFile Deleter"          daemon [_thread_blocked, id=44504, stack(0x000000fd39500000,0x000000fd39600000) (1024K)]
  0x0000020bf7f38ed0 JavaThread "LocalFile Deleter"          daemon [_thread_blocked, id=51220, stack(0x000000fd39600000,0x000000fd39700000) (1024K)]
  0x0000020bf7f3c9e0 JavaThread "LocalFile Deleter"          daemon [_thread_blocked, id=6380, stack(0x000000fd39700000,0x000000fd39800000) (1024K)]
  0x0000020bf7f3f140 JavaThread "LocalFile Deleter"          daemon [_thread_blocked, id=42040, stack(0x000000fd39800000,0x000000fd39900000) (1024K)]
  0x0000020bf7f3eab0 JavaThread "LocalFile Deleter"          daemon [_thread_blocked, id=52016, stack(0x000000fd39900000,0x000000fd39a00000) (1024K)]
  0x0000020bf7f3fe60 JavaThread "LocalFile Deleter"          daemon [_thread_blocked, id=14072, stack(0x000000fd39a00000,0x000000fd39b00000) (1024K)]
  0x0000020bf7f3e420 JavaThread "LocalFile Deleter"          daemon [_thread_blocked, id=50148, stack(0x000000fd39b00000,0x000000fd39c00000) (1024K)]
  0x0000020bf7f3dd90 JavaThread "LocalFile Deleter"          daemon [_thread_blocked, id=41024, stack(0x000000fd39c00000,0x000000fd39d00000) (1024K)]
  0x0000020bf7f3f7d0 JavaThread "LocalFile Deleter"          daemon [_thread_blocked, id=48976, stack(0x000000fd39d00000,0x000000fd39e00000) (1024K)]
  0x0000020bf7f404f0 JavaThread "LocalFile Deleter"          daemon [_thread_blocked, id=38388, stack(0x000000fd39e00000,0x000000fd39f00000) (1024K)]
  0x0000020bf7f3d070 JavaThread "LocalFile Deleter"          daemon [_thread_blocked, id=54192, stack(0x000000fd39f00000,0x000000fd3a000000) (1024K)]
  0x0000020bf7f3d700 JavaThread "LocalFile Deleter"          daemon [_thread_blocked, id=44372, stack(0x000000fd3a000000,0x000000fd3a100000) (1024K)]
  0x0000020bf33b92a0 JavaThread "LocalFile Deleter"          daemon [_thread_blocked, id=43368, stack(0x000000fd3a100000,0x000000fd3a200000) (1024K)]
  0x0000020bf33b9fc0 JavaThread "Compiler Source File Reader" daemon [_thread_blocked, id=49908, stack(0x000000fd35b00000,0x000000fd35c00000) (1024K)]
  0x0000020bf33bcdb0 JavaThread "Compiler Source File Reader" daemon [_thread_blocked, id=53828, stack(0x000000fd3a200000,0x000000fd3a300000) (1024K)]
  0x0000020bf33bc090 JavaThread "Compiler Source File Reader" daemon [_thread_blocked, id=29760, stack(0x000000fd3a300000,0x000000fd3a400000) (1024K)]
  0x0000020bf33bace0 JavaThread "Compiler Source File Reader" daemon [_thread_blocked, id=52012, stack(0x000000fd3a400000,0x000000fd3a500000) (1024K)]
  0x0000020bf33b9930 JavaThread "Compiler Source File Reader" daemon [_thread_blocked, id=17616, stack(0x000000fd3a500000,0x000000fd3a600000) (1024K)]
  0x0000020bf33bd440 JavaThread "Compiler Source File Reader" daemon [_thread_blocked, id=51768, stack(0x000000fd3a600000,0x000000fd3a700000) (1024K)]
  0x0000020bf33bdad0 JavaThread "Compiler Source File Reader" daemon [_thread_blocked, id=52644, stack(0x000000fd3a700000,0x000000fd3a800000) (1024K)]
  0x0000020bf33ba650 JavaThread "Compiler Source File Reader" daemon [_thread_blocked, id=32428, stack(0x000000fd3a800000,0x000000fd3a900000) (1024K)]
  0x0000020bf33be160 JavaThread "Compiler Source File Reader" daemon [_thread_blocked, id=32440, stack(0x000000fd3a900000,0x000000fd3aa00000) (1024K)]
  0x0000020bf33bb370 JavaThread "Compiler Source File Reader" daemon [_thread_blocked, id=46800, stack(0x000000fd3aa00000,0x000000fd3ab00000) (1024K)]
  0x0000020bf33be7f0 JavaThread "Compiler Source File Reader" daemon [_thread_blocked, id=35632, stack(0x000000fd3ab00000,0x000000fd3ac00000) (1024K)]
  0x0000020bf33bee80 JavaThread "Compiler Source File Reader" daemon [_thread_blocked, id=7788, stack(0x000000fd3ac00000,0x000000fd3ad00000) (1024K)]
  0x0000020bf33bc720 JavaThread "Compiler Source File Reader" daemon [_thread_blocked, id=10292, stack(0x000000fd3ad00000,0x000000fd3ae00000) (1024K)]
  0x0000020bf33bba00 JavaThread "Compiler Source File Reader" daemon [_thread_blocked, id=25684, stack(0x000000fd3ae00000,0x000000fd3af00000) (1024K)]
  0x0000020bf33c0230 JavaThread "Compiler Source File Reader" daemon [_thread_blocked, id=43392, stack(0x000000fd3af00000,0x000000fd3b000000) (1024K)]
  0x0000020bfe21ed70 JavaThread "Compiler Processing Task"   daemon [_thread_in_native, id=47580, stack(0x000000fd3b300000,0x000000fd3b400000) (1024K)]
  0x0000020bfe21d330 JavaThread "Compiler Class File Writer" daemon [_thread_blocked, id=52096, stack(0x000000fd3b400000,0x000000fd3b500000) (1024K)]
  0x0000020bfe220e40 JavaThread "Compiler Class File Writer" daemon [_thread_blocked, id=42388, stack(0x000000fd3b500000,0x000000fd3b600000) (1024K)]
  0x0000020bfe2214d0 JavaThread "Compiler Class File Writer" daemon [_thread_blocked, id=45024, stack(0x000000fd3b600000,0x000000fd3b700000) (1024K)]
  0x0000020bfe2207b0 JavaThread "Compiler Class File Writer" daemon [_thread_blocked, id=38476, stack(0x000000fd3b700000,0x000000fd3b800000) (1024K)]
  0x0000020bfe21f400 JavaThread "Compiler Class File Writer" daemon [_thread_blocked, id=48180, stack(0x000000fd3b800000,0x000000fd3b900000) (1024K)]
  0x0000020bfe2221f0 JavaThread "Compiler Class File Writer" daemon [_thread_blocked, id=39520, stack(0x000000fd3b900000,0x000000fd3ba00000) (1024K)]
  0x0000020bfe21fa90 JavaThread "Compiler Class File Writer" daemon [_thread_blocked, id=30200, stack(0x000000fd3ba00000,0x000000fd3bb00000) (1024K)]
  0x0000020bfe222880 JavaThread "Compiler Class File Writer" daemon [_thread_blocked, id=4356, stack(0x000000fd3bb00000,0x000000fd3bc00000) (1024K)]
  0x0000020bfe222f10 JavaThread "Compiler Class File Writer" daemon [_thread_blocked, id=6548, stack(0x000000fd3bc00000,0x000000fd3bd00000) (1024K)]
  0x0000020bfe2235a0 JavaThread "Compiler Class File Writer" daemon [_thread_blocked, id=46644, stack(0x000000fd3bd00000,0x000000fd3be00000) (1024K)]
  0x0000020bfe220120 JavaThread "Compiler Class File Writer" daemon [_thread_blocked, id=19916, stack(0x000000fd3be00000,0x000000fd3bf00000) (1024K)]
  0x0000020bfe223c30 JavaThread "Compiler Class File Writer" daemon [_thread_blocked, id=18020, stack(0x000000fd3bf00000,0x000000fd3c000000) (1024K)]
  0x0000020bfaa23a70 JavaThread "Compiler Class File Writer" daemon [_thread_blocked, id=49560, stack(0x000000fd3c000000,0x000000fd3c100000) (1024K)]
  0x0000020bfaa233e0 JavaThread "Compiler Class File Writer" daemon [_thread_blocked, id=34916, stack(0x000000fd3c100000,0x000000fd3c200000) (1024K)]
  0x0000020bfaa24100 JavaThread "Compiler Class File Writer" daemon [_thread_blocked, id=49256, stack(0x000000fd3c200000,0x000000fd3c300000) (1024K)]
  0x0000020bfaa24e20 JavaThread "Compiler Class File Writer" daemon [_thread_blocked, id=23824, stack(0x000000fd3c300000,0x000000fd3c400000) (1024K)]
  0x0000020bfaa24790 JavaThread "Compiler Class File Writer" daemon [_thread_blocked, id=43056, stack(0x000000fd3c400000,0x000000fd3c500000) (1024K)]
  0x0000020bfaa254b0 JavaThread "Compiler Class File Writer" daemon [_thread_blocked, id=9528, stack(0x000000fd3c500000,0x000000fd3c600000) (1024K)]
  0x0000020bfaa25b40 JavaThread "Compiler Class File Writer" daemon [_thread_blocked, id=42244, stack(0x000000fd3c600000,0x000000fd3c700000) (1024K)]
  0x0000020bfaa22d50 JavaThread "Compiler Class File Writer" daemon [_thread_blocked, id=6440, stack(0x000000fd3c700000,0x000000fd3c800000) (1024K)]
  0x0000020bfaa226c0 JavaThread "Compiler Class File Writer" daemon [_thread_blocked, id=4092, stack(0x000000fd3c800000,0x000000fd3c900000) (1024K)]
  0x0000020bfaa26860 JavaThread "Compiler Class File Writer" daemon [_thread_blocked, id=46268, stack(0x000000fd3c900000,0x000000fd3ca00000) (1024K)]
  0x0000020bfaa26ef0 JavaThread "Compiler Class File Writer" daemon [_thread_blocked, id=47328, stack(0x000000fd3ca00000,0x000000fd3cb00000) (1024K)]
  0x0000020bfaa27580 JavaThread "Compiler Class File Writer" daemon [_thread_blocked, id=42492, stack(0x000000fd3cb00000,0x000000fd3cc00000) (1024K)]
  0x0000020bfaa27c10 JavaThread "Compiler Class File Writer" daemon [_thread_blocked, id=47756, stack(0x000000fd3cc00000,0x000000fd3cd00000) (1024K)]
  0x0000020bfaa282a0 JavaThread "Compiler Class File Writer" daemon [_thread_blocked, id=51256, stack(0x000000fd3cd00000,0x000000fd3ce00000) (1024K)]
  0x0000020bfaa28930 JavaThread "Compiler Class File Writer" daemon [_thread_blocked, id=23756, stack(0x000000fd3ce00000,0x000000fd3cf00000) (1024K)]
  0x0000020bfd1bacb0 JavaThread "Compiler Class File Writer" daemon [_thread_blocked, id=54412, stack(0x000000fd3cf00000,0x000000fd3d000000) (1024K)]
  0x0000020bfd1b8be0 JavaThread "Compiler Class File Writer" daemon [_thread_blocked, id=54432, stack(0x000000fd3d000000,0x000000fd3d100000) (1024K)]
  0x0000020bfd1bb340 JavaThread "Compiler Class File Writer" daemon [_thread_blocked, id=54436, stack(0x000000fd3d100000,0x000000fd3d200000) (1024K)]
  0x0000020bfd1be130 JavaThread "Timer-0"                           [_thread_blocked, id=56296, stack(0x000000fd3b200000,0x000000fd3b300000) (1024K)]
  0x0000020bfd1bd410 JavaThread "Timer-1"                           [_thread_blocked, id=54648, stack(0x000000fd34d00000,0x000000fd34e00000) (1024K)]
  0x0000020bfd1bf4e0 JavaThread "ForkJoinPool.commonPool-worker-1" daemon [_thread_blocked, id=12140, stack(0x000000fd3b100000,0x000000fd3b200000) (1024K)]
  0x0000020bf86d1300 JavaThread "Timer-2"                           [_thread_blocked, id=47292, stack(0x000000fd34000000,0x000000fd34100000) (1024K)]
  0x0000020bf86cf230 JavaThread "Timer-3"                           [_thread_blocked, id=52376, stack(0x000000fd33f00000,0x000000fd34000000) (1024K)]
  0x0000020bfe21e6e0 JavaThread "Timer-4"                           [_thread_blocked, id=56876, stack(0x000000fd34e00000,0x000000fd34f00000) (1024K)]
  0x0000020bf86cde80 JavaThread "Timer-5"                           [_thread_blocked, id=56884, stack(0x000000fd35100000,0x000000fd35200000) (1024K)]
  0x0000020bf3a5c550 JavaThread "Timer-6"                           [_thread_blocked, id=54424, stack(0x000000fd3d600000,0x000000fd3d700000) (1024K)]
  0x0000020bf33bfba0 JavaThread "Timer-7"                           [_thread_blocked, id=56704, stack(0x000000fd3d700000,0x000000fd3d800000) (1024K)]
  0x0000020b879fb5f0 JavaThread "C1 CompilerThread1"         daemon [_thread_blocked, id=55016, stack(0x000000fd33e00000,0x000000fd33f00000) (1024K)]
=>0x0000020b87a000e0 JavaThread "C2 CompilerThread1"         daemon [_thread_in_native, id=52636, stack(0x000000fd35200000,0x000000fd35300000) (1024K)]
Total: 121

Other Threads:
  0x0000020b8f2d2f50 VMThread "VM Thread"                           [id=46352, stack(0x000000fd34400000,0x000000fd34500000) (1024K)]
  0x0000020be90dca00 WatcherThread "VM Periodic Task Thread"        [id=17720, stack(0x000000fd34300000,0x000000fd34400000) (1024K)]
  0x0000020b8f2487d0 WorkerThread "GC Thread#0"                     [id=31980, stack(0x000000fd34200000,0x000000fd34300000) (1024K)]
  0x0000020bf271f720 WorkerThread "GC Thread#1"                     [id=31756, stack(0x000000fd35500000,0x000000fd35600000) (1024K)]
  0x0000020bf2b23990 WorkerThread "GC Thread#2"                     [id=10828, stack(0x000000fd35600000,0x000000fd35700000) (1024K)]
  0x0000020bf29ad590 WorkerThread "GC Thread#3"                     [id=9816, stack(0x000000fd35700000,0x000000fd35800000) (1024K)]
  0x0000020bf2c1c770 WorkerThread "GC Thread#4"                     [id=39296, stack(0x000000fd35800000,0x000000fd35900000) (1024K)]
  0x0000020bf2c1cb20 WorkerThread "GC Thread#5"                     [id=52004, stack(0x000000fd35900000,0x000000fd35a00000) (1024K)]
  0x0000020bf29e8970 WorkerThread "GC Thread#6"                     [id=50708, stack(0x000000fd35a00000,0x000000fd35b00000) (1024K)]
  0x0000020bf293db50 WorkerThread "GC Thread#7"                     [id=1104, stack(0x000000fd35f00000,0x000000fd36000000) (1024K)]
  0x0000020bf32e9b80 WorkerThread "GC Thread#8"                     [id=49132, stack(0x000000fd35c00000,0x000000fd35d00000) (1024K)]
  0x0000020bf2f851b0 WorkerThread "GC Thread#9"                     [id=1240, stack(0x000000fd36200000,0x000000fd36300000) (1024K)]
  0x0000020bf341e010 WorkerThread "GC Thread#10"                    [id=28032, stack(0x000000fd36300000,0x000000fd36400000) (1024K)]
  0x0000020bf3480790 WorkerThread "GC Thread#11"                    [id=53644, stack(0x000000fd36600000,0x000000fd36700000) (1024K)]
  0x0000020bf347f8d0 WorkerThread "GC Thread#12"                    [id=15136, stack(0x000000fd36800000,0x000000fd36900000) (1024K)]
  0x0000020bf347f520 WorkerThread "GC Thread#13"                    [id=3268, stack(0x000000fd36900000,0x000000fd36a00000) (1024K)]
  0x0000020bf3480030 WorkerThread "GC Thread#14"                    [id=51260, stack(0x000000fd36a00000,0x000000fd36b00000) (1024K)]
  0x0000020bf347fc80 WorkerThread "GC Thread#15"                    [id=32008, stack(0x000000fd36b00000,0x000000fd36c00000) (1024K)]
  0x0000020bf34803e0 WorkerThread "GC Thread#16"                    [id=53832, stack(0x000000fd36f00000,0x000000fd37000000) (1024K)]
  0x0000020bf347edc0 WorkerThread "GC Thread#17"                    [id=24244, stack(0x000000fd37000000,0x000000fd37100000) (1024K)]
  0x0000020bf2d703c0 WorkerThread "GC Thread#18"                    [id=47712, stack(0x000000fd37100000,0x000000fd37200000) (1024K)]
  0x0000020bf2d728a0 WorkerThread "GC Thread#19"                    [id=54144, stack(0x000000fd37600000,0x000000fd37700000) (1024K)]
  0x0000020bf2d73760 WorkerThread "GC Thread#20"                    [id=42912, stack(0x000000fd37e00000,0x000000fd37f00000) (1024K)]
  0x0000020bf2d6fc60 WorkerThread "GC Thread#21"                    [id=42716, stack(0x000000fd37f00000,0x000000fd38000000) (1024K)]
  0x0000020bf2d70770 WorkerThread "GC Thread#22"                    [id=2300, stack(0x000000fd38300000,0x000000fd38400000) (1024K)]
Total: 25

Threads with active compile tasks:
C2 CompilerThread0  101522 19485       4       org.eclipse.jdt.internal.compiler.lookup.LookupEnvironment::getTypeFromTypeSignature (770 bytes)
C1 CompilerThread0  101523 19501       3       org.eclipse.jdt.internal.compiler.lookup.Scope::mostSpecificMethodBinding (1701 bytes)
C2 CompilerThread1  101524 19300       4       lombok.eclipse.agent.PatchDelegate::hasDelegateMarkedFieldsOrMethods (181 bytes)
Total: 3

VM state: not at safepoint (normal execution)

VM Mutex/Monitor currently owned by a thread: None

OutOfMemory and StackOverflow Exception counts:
OutOfMemoryError java_heap_errors=1
LinkageErrors=210

Heap address: 0x0000000740000000, size: 3072 MB, Compressed Oops mode: Zero based, Oop shift amount: 3

CDS archive(s) mapped at: [0x0000020ba8000000-0x0000020ba8ba0000-0x0000020ba8ba0000), size 12189696, SharedBaseAddress: 0x0000020ba8000000, ArchiveRelocationMode: 1.
Compressed class space mapped at: 0x0000020ba9000000-0x0000020be9000000, reserved size: 1073741824
Narrow klass base: 0x0000020ba8000000, Narrow klass shift: 0, Narrow klass range: 0x100000000

GC Precious Log:
 CardTable entry size: 512
 CPUs: 32 total, 32 available
 Memory: 32559M
 Large Page Support: Disabled
 NUMA Support: Disabled
 Compressed Oops: Enabled (Zero based)
 Alignments: Space 512K, Generation 512K, Heap 2M
 Heap Min Capacity: 100M
 Heap Initial Capacity: 100M
 Heap Max Capacity: 3G
 Pre-touch: Disabled
 Parallel Workers: 23

Heap:
 PSYoungGen      total 20480K, used 16684K [0x00000007c0000000, 0x00000007c1f00000, 0x0000000800000000)
  eden space 9216K, 64% used [0x00000007c0000000,0x00000007c05d2130,0x00000007c0900000)
  from space 11264K, 96% used [0x00000007c1400000,0x00000007c1e99570,0x00000007c1f00000)
  to   space 11264K, 0% used [0x00000007c0900000,0x00000007c0900000,0x00000007c1400000)
 ParOldGen       total 2097152K, used 212438K [0x0000000740000000, 0x00000007c0000000, 0x00000007c0000000)
  object space 2097152K, 10% used [0x0000000740000000,0x000000074cf75888,0x00000007c0000000)
 Metaspace       used 81063K, committed 82560K, reserved 1179648K
  class space    used 9060K, committed 9728K, reserved 1048576K

Card table byte_map: [0x0000020b8ebc0000,0x0000020b8f1d0000] _byte_map_base: 0x0000020b8b1c0000

Marking Bits: (ParMarkBitMap*) 0x00007ffd3adb3450
 Begin Bits: [0x0000020ba1820000, 0x0000020ba4820000)
 End Bits:   [0x0000020ba4820000, 0x0000020ba7820000)

Polling page: 0x0000020b8d100000

Metaspace:

Usage:
  Non-class:     70.32 MB used.
      Class:      8.85 MB used.
       Both:     79.16 MB used.

Virtual space:
  Non-class space:      128.00 MB reserved,      71.12 MB ( 56%) committed,  2 nodes.
      Class space:        1.00 GB reserved,       9.50 MB ( <1%) committed,  1 nodes.
             Both:        1.12 GB reserved,      80.62 MB (  7%) committed. 

Chunk freelists:
   Non-Class:  8.85 MB
       Class:  6.51 MB
        Both:  15.36 MB

MaxMetaspaceSize: unlimited
CompressedClassSpaceSize: 1.00 GB
Initial GC threshold: 21.00 MB
Current GC threshold: 114.19 MB
CDS: on
 - commit_granule_bytes: 65536.
 - commit_granule_words: 8192.
 - virtual_space_node_default_size: 8388608.
 - enlarge_chunks_in_place: 1.
 - use_allocation_guard: 0.


Internal statistics:

num_allocs_failed_limit: 10.
num_arena_births: 1806.
num_arena_deaths: 436.
num_vsnodes_births: 3.
num_vsnodes_deaths: 0.
num_space_committed: 1290.
num_space_uncommitted: 0.
num_chunks_returned_to_freelist: 491.
num_chunks_taken_from_freelist: 5947.
num_chunk_merges: 119.
num_chunk_splits: 3456.
num_chunks_enlarged: 1992.
num_inconsistent_stats: 0.

CodeHeap 'non-profiled nmethods': size=118848Kb used=16330Kb max_used=16432Kb free=102518Kb
 bounds [0x0000020b9a010000, 0x0000020b9b020000, 0x0000020ba1420000]
CodeHeap 'profiled nmethods': size=118848Kb used=33125Kb max_used=42500Kb free=85722Kb
 bounds [0x0000020b92420000, 0x0000020b94db0000, 0x0000020b99830000]
CodeHeap 'non-nmethods': size=8064Kb used=2012Kb max_used=3816Kb free=6051Kb
 bounds [0x0000020b99830000, 0x0000020b99c00000, 0x0000020b9a010000]
CodeCache: size=245760Kb, used=51467Kb, max_used=62748Kb, free=194291Kb
 total_blobs=15153, nmethods=14390, adapters=664, full_count=0
Compilation: enabled, stopped_count=0, restarted_count=0

Compilation events (20 events):
Event: 101.065 Thread 0x0000020b879fb5f0 nmethod 19456 0x0000020b94346610 code [0x0000020b943467a0, 0x0000020b943468c8]
Event: 101.065 Thread 0x0000020b879fb5f0 19457       2       org.eclipse.jdt.internal.compiler.codegen.StackMapFrameCodeStream$ExceptionMarker::hashCode (16 bytes)
Event: 101.065 Thread 0x0000020bea74f270 nmethod 19455 0x0000020b92dffb10 code [0x0000020b92dffcc0, 0x0000020b92dfffb0]
Event: 101.065 Thread 0x0000020b879fb5f0 nmethod 19457 0x0000020b92dff710 code [0x0000020b92dff8c0, 0x0000020b92dffa28]
Event: 101.077 Thread 0x0000020bea740d90 nmethod 19446 0x0000020b9aaa5690 code [0x0000020b9aaa5a00, 0x0000020b9aaa6e98]
Event: 101.078 Thread 0x0000020bea740d90 19442       4       java.util.WeakHashMap::put (160 bytes)
Event: 101.103 Thread 0x0000020bea74f270 19459       2       org.eclipse.jdt.internal.compiler.ast.NullAnnotationMatching::analyse (15 bytes)
Event: 101.103 Thread 0x0000020bea74f270 nmethod 19459 0x0000020b94430b10 code [0x0000020b94430cc0, 0x0000020b94430dd0]
Event: 101.110 Thread 0x0000020b879fb5f0 19461 % !   3       org.eclipse.jdt.internal.compiler.lookup.Scope::getBinding @ 918 (1577 bytes)
Event: 101.111 Thread 0x0000020bea74f270 19462       1       org.eclipse.jdt.internal.compiler.lookup.Substitution$NullSubstitution::isRawSubstitution (2 bytes)
Event: 101.111 Thread 0x0000020bea74f270 nmethod 19462 0x0000020b9a9ced10 code [0x0000020b9a9ceea0, 0x0000020b9a9cef68]
Event: 101.130 Thread 0x0000020b879fb5f0 nmethod 19461% 0x0000020b93cb1590 code [0x0000020b93cb1ee0, 0x0000020b93cbabf8]
Event: 101.133 Thread 0x0000020bea740d90 nmethod 19442 0x0000020b9ada1a90 code [0x0000020b9ada1d60, 0x0000020b9ada2f58]
Event: 101.135 Thread 0x0000020bea740d90 19460   !   4       org.eclipse.jdt.internal.compiler.lookup.BoundSet::incorporate (137 bytes)
Event: 101.155 Thread 0x0000020bea740d90 nmethod 19460 0x0000020b9aaa4910 code [0x0000020b9aaa4b00, 0x0000020b9aaa5308]
Event: 101.156 Thread 0x0000020bea740d90 19307       4       org.eclipse.jdt.internal.compiler.lookup.MethodBinding::getParameterAnnotations (242 bytes)
Event: 101.169 Thread 0x0000020b879fb5f0 19463   !   3       org.eclipse.jdt.internal.compiler.lookup.Scope::getBinding (1577 bytes)
Event: 101.170 Thread 0x0000020bea740d90 nmethod 19307 0x0000020b9ad80190 code [0x0000020b9ad803c0, 0x0000020b9ad80a48]
Event: 101.170 Thread 0x0000020bea740d90 19296       4       java.util.stream.AbstractPipeline::copyIntoWithCancel (46 bytes)
Event: 101.171 Thread 0x0000020bea74f270 19464       2       org.eclipse.jdt.internal.compiler.ast.TryStatement::exitAnyExceptionHandler (13 bytes)

GC Heap History (20 events):
Event: 99.347 GC heap before
{Heap before GC invocations=1163 (full 5):
 PSYoungGen      total 22016K, used 21985K [0x00000007c0000000, 0x00000007c2580000, 0x0000000800000000)
  eden space 9216K, 100% used [0x00000007c0000000,0x00000007c0900000,0x00000007c0900000)
  from space 12800K, 99% used [0x00000007c0900000,0x00000007c15785a0,0x00000007c1580000)
  to   space 14336K, 0% used [0x00000007c1780000,0x00000007c1780000,0x00000007c2580000)
 ParOldGen       total 2097152K, used 197197K [0x0000000740000000, 0x00000007c0000000, 0x00000007c0000000)
  object space 2097152K, 9% used [0x0000000740000000,0x000000074c0935d8,0x00000007c0000000)
 Metaspace       used 80965K, committed 82432K, reserved 1179648K
  class space    used 9059K, committed 9728K, reserved 1048576K
}
Event: 99.358 GC heap after
{Heap after GC invocations=1163 (full 5):
 PSYoungGen      total 20992K, used 10921K [0x00000007c0000000, 0x00000007c2280000, 0x0000000800000000)
  eden space 9728K, 0% used [0x00000007c0000000,0x00000007c0000000,0x00000007c0980000)
  from space 11264K, 96% used [0x00000007c1780000,0x00000007c222a748,0x00000007c2280000)
  to   space 12288K, 0% used [0x00000007c0a80000,0x00000007c0a80000,0x00000007c1680000)
 ParOldGen       total 2097152K, used 199798K [0x0000000740000000, 0x00000007c0000000, 0x00000007c0000000)
  object space 2097152K, 9% used [0x0000000740000000,0x000000074c31d8f0,0x00000007c0000000)
 Metaspace       used 80965K, committed 82432K, reserved 1179648K
  class space    used 9059K, committed 9728K, reserved 1048576K
}
Event: 99.409 GC heap before
{Heap before GC invocations=1164 (full 5):
 PSYoungGen      total 20992K, used 20649K [0x00000007c0000000, 0x00000007c2280000, 0x0000000800000000)
  eden space 9728K, 100% used [0x00000007c0000000,0x00000007c0980000,0x00000007c0980000)
  from space 11264K, 96% used [0x00000007c1780000,0x00000007c222a748,0x00000007c2280000)
  to   space 12288K, 0% used [0x00000007c0a80000,0x00000007c0a80000,0x00000007c1680000)
 ParOldGen       total 2097152K, used 199798K [0x0000000740000000, 0x00000007c0000000, 0x00000007c0000000)
  object space 2097152K, 9% used [0x0000000740000000,0x000000074c31d8f0,0x00000007c0000000)
 Metaspace       used 80965K, committed 82432K, reserved 1179648K
  class space    used 9059K, committed 9728K, reserved 1048576K
}
Event: 99.418 GC heap after
{Heap after GC invocations=1164 (full 5):
 PSYoungGen      total 21504K, used 11002K [0x00000007c0000000, 0x00000007c2000000, 0x0000000800000000)
  eden space 10240K, 0% used [0x00000007c0000000,0x00000007c0000000,0x00000007c0a00000)
  from space 11264K, 97% used [0x00000007c0a80000,0x00000007c153eb88,0x00000007c1580000)
  to   space 10752K, 0% used [0x00000007c1580000,0x00000007c1580000,0x00000007c2000000)
 ParOldGen       total 2097152K, used 199798K [0x0000000740000000, 0x00000007c0000000, 0x00000007c0000000)
  object space 2097152K, 9% used [0x0000000740000000,0x000000074c31d8f0,0x00000007c0000000)
 Metaspace       used 80965K, committed 82432K, reserved 1179648K
  class space    used 9059K, committed 9728K, reserved 1048576K
}
Event: 99.562 GC heap before
{Heap before GC invocations=1165 (full 5):
 PSYoungGen      total 21504K, used 21242K [0x00000007c0000000, 0x00000007c2000000, 0x0000000800000000)
  eden space 10240K, 100% used [0x00000007c0000000,0x00000007c0a00000,0x00000007c0a00000)
  from space 11264K, 97% used [0x00000007c0a80000,0x00000007c153eb88,0x00000007c1580000)
  to   space 10752K, 0% used [0x00000007c1580000,0x00000007c1580000,0x00000007c2000000)
 ParOldGen       total 2097152K, used 199798K [0x0000000740000000, 0x00000007c0000000, 0x00000007c0000000)
  object space 2097152K, 9% used [0x0000000740000000,0x000000074c31d8f0,0x00000007c0000000)
 Metaspace       used 80965K, committed 82432K, reserved 1179648K
  class space    used 9059K, committed 9728K, reserved 1048576K
}
Event: 99.569 GC heap after
{Heap after GC invocations=1165 (full 5):
 PSYoungGen      total 21504K, used 10737K [0x00000007c0000000, 0x00000007c2080000, 0x0000000800000000)
  eden space 10752K, 0% used [0x00000007c0000000,0x00000007c0000000,0x00000007c0a80000)
  from space 10752K, 99% used [0x00000007c1580000,0x00000007c1ffc748,0x00000007c2000000)
  to   space 11264K, 0% used [0x00000007c0a80000,0x00000007c0a80000,0x00000007c1580000)
 ParOldGen       total 2097152K, used 200126K [0x0000000740000000, 0x00000007c0000000, 0x00000007c0000000)
  object space 2097152K, 9% used [0x0000000740000000,0x000000074c36f900,0x00000007c0000000)
 Metaspace       used 80965K, committed 82432K, reserved 1179648K
  class space    used 9059K, committed 9728K, reserved 1048576K
}
Event: 99.676 GC heap before
{Heap before GC invocations=1166 (full 5):
 PSYoungGen      total 21504K, used 21489K [0x00000007c0000000, 0x00000007c2080000, 0x0000000800000000)
  eden space 10752K, 100% used [0x00000007c0000000,0x00000007c0a80000,0x00000007c0a80000)
  from space 10752K, 99% used [0x00000007c1580000,0x00000007c1ffc748,0x00000007c2000000)
  to   space 11264K, 0% used [0x00000007c0a80000,0x00000007c0a80000,0x00000007c1580000)
 ParOldGen       total 2097152K, used 200126K [0x0000000740000000, 0x00000007c0000000, 0x00000007c0000000)
  object space 2097152K, 9% used [0x0000000740000000,0x000000074c36f900,0x00000007c0000000)
 Metaspace       used 80965K, committed 82432K, reserved 1179648K
  class space    used 9059K, committed 9728K, reserved 1048576K
}
Event: 99.684 GC heap after
{Heap after GC invocations=1166 (full 5):
 PSYoungGen      total 22016K, used 10168K [0x00000007c0000000, 0x00000007c2000000, 0x0000000800000000)
  eden space 10752K, 0% used [0x00000007c0000000,0x00000007c0000000,0x00000007c0a80000)
  from space 11264K, 90% used [0x00000007c0a80000,0x00000007c146e120,0x00000007c1580000)
  to   space 10752K, 0% used [0x00000007c1580000,0x00000007c1580000,0x00000007c2000000)
 ParOldGen       total 2097152K, used 202469K [0x0000000740000000, 0x00000007c0000000, 0x00000007c0000000)
  object space 2097152K, 9% used [0x0000000740000000,0x000000074c5b9548,0x00000007c0000000)
 Metaspace       used 80965K, committed 82432K, reserved 1179648K
  class space    used 9059K, committed 9728K, reserved 1048576K
}
Event: 99.842 GC heap before
{Heap before GC invocations=1167 (full 5):
 PSYoungGen      total 22016K, used 20920K [0x00000007c0000000, 0x00000007c2000000, 0x0000000800000000)
  eden space 10752K, 100% used [0x00000007c0000000,0x00000007c0a80000,0x00000007c0a80000)
  from space 11264K, 90% used [0x00000007c0a80000,0x00000007c146e120,0x00000007c1580000)
  to   space 10752K, 0% used [0x00000007c1580000,0x00000007c1580000,0x00000007c2000000)
 ParOldGen       total 2097152K, used 202469K [0x0000000740000000, 0x00000007c0000000, 0x00000007c0000000)
  object space 2097152K, 9% used [0x0000000740000000,0x000000074c5b9548,0x00000007c0000000)
 Metaspace       used 80969K, committed 82432K, reserved 1179648K
  class space    used 9059K, committed 9728K, reserved 1048576K
}
Event: 99.855 GC heap after
{Heap after GC invocations=1167 (full 5):
 PSYoungGen      total 20992K, used 10721K [0x00000007c0000000, 0x00000007c2200000, 0x0000000800000000)
  eden space 10240K, 0% used [0x00000007c0000000,0x00000007c0000000,0x00000007c0a00000)
  from space 10752K, 99% used [0x00000007c1580000,0x00000007c1ff8678,0x00000007c2000000)
  to   space 11776K, 0% used [0x00000007c0a00000,0x00000007c0a00000,0x00000007c1580000)
 ParOldGen       total 2097152K, used 203227K [0x0000000740000000, 0x00000007c0000000, 0x00000007c0000000)
  object space 2097152K, 9% used [0x0000000740000000,0x000000074c676c78,0x00000007c0000000)
 Metaspace       used 80969K, committed 82432K, reserved 1179648K
  class space    used 9059K, committed 9728K, reserved 1048576K
}
Event: 100.019 GC heap before
{Heap before GC invocations=1168 (full 5):
 PSYoungGen      total 20992K, used 20961K [0x00000007c0000000, 0x00000007c2200000, 0x0000000800000000)
  eden space 10240K, 100% used [0x00000007c0000000,0x00000007c0a00000,0x00000007c0a00000)
  from space 10752K, 99% used [0x00000007c1580000,0x00000007c1ff8678,0x00000007c2000000)
  to   space 11776K, 0% used [0x00000007c0a00000,0x00000007c0a00000,0x00000007c1580000)
 ParOldGen       total 2097152K, used 203227K [0x0000000740000000, 0x00000007c0000000, 0x00000007c0000000)
  object space 2097152K, 9% used [0x0000000740000000,0x000000074c676c78,0x00000007c0000000)
 Metaspace       used 80974K, committed 82432K, reserved 1179648K
  class space    used 9060K, committed 9728K, reserved 1048576K
}
Event: 100.030 GC heap after
{Heap after GC invocations=1168 (full 5):
 PSYoungGen      total 22016K, used 10917K [0x00000007c0000000, 0x00000007c2080000, 0x0000000800000000)
  eden space 10240K, 0% used [0x00000007c0000000,0x00000007c0000000,0x00000007c0a00000)
  from space 11776K, 92% used [0x00000007c0a00000,0x00000007c14a94d0,0x00000007c1580000)
  to   space 11264K, 0% used [0x00000007c1580000,0x00000007c1580000,0x00000007c2080000)
 ParOldGen       total 2097152K, used 205145K [0x0000000740000000, 0x00000007c0000000, 0x00000007c0000000)
  object space 2097152K, 9% used [0x0000000740000000,0x000000074c856700,0x00000007c0000000)
 Metaspace       used 80974K, committed 82432K, reserved 1179648K
  class space    used 9060K, committed 9728K, reserved 1048576K
}
Event: 100.603 GC heap before
{Heap before GC invocations=1169 (full 5):
 PSYoungGen      total 22016K, used 21157K [0x00000007c0000000, 0x00000007c2080000, 0x0000000800000000)
  eden space 10240K, 100% used [0x00000007c0000000,0x00000007c0a00000,0x00000007c0a00000)
  from space 11776K, 92% used [0x00000007c0a00000,0x00000007c14a94d0,0x00000007c1580000)
  to   space 11264K, 0% used [0x00000007c1580000,0x00000007c1580000,0x00000007c2080000)
 ParOldGen       total 2097152K, used 205145K [0x0000000740000000, 0x00000007c0000000, 0x00000007c0000000)
  object space 2097152K, 9% used [0x0000000740000000,0x000000074c856700,0x00000007c0000000)
 Metaspace       used 80986K, committed 82496K, reserved 1179648K
  class space    used 9060K, committed 9728K, reserved 1048576K
}
Event: 100.612 GC heap after
{Heap after GC invocations=1169 (full 5):
 PSYoungGen      total 20480K, used 11245K [0x00000007c0000000, 0x00000007c2380000, 0x0000000800000000)
  eden space 9216K, 0% used [0x00000007c0000000,0x00000007c0000000,0x00000007c0900000)
  from space 11264K, 99% used [0x00000007c1580000,0x00000007c207b540,0x00000007c2080000)
  to   space 12800K, 0% used [0x00000007c0900000,0x00000007c0900000,0x00000007c1580000)
 ParOldGen       total 2097152K, used 206068K [0x0000000740000000, 0x00000007c0000000, 0x00000007c0000000)
  object space 2097152K, 9% used [0x0000000740000000,0x000000074c93d3a8,0x00000007c0000000)
 Metaspace       used 80986K, committed 82496K, reserved 1179648K
  class space    used 9060K, committed 9728K, reserved 1048576K
}
Event: 100.748 GC heap before
{Heap before GC invocations=1170 (full 5):
 PSYoungGen      total 20480K, used 20461K [0x00000007c0000000, 0x00000007c2380000, 0x0000000800000000)
  eden space 9216K, 100% used [0x00000007c0000000,0x00000007c0900000,0x00000007c0900000)
  from space 11264K, 99% used [0x00000007c1580000,0x00000007c207b540,0x00000007c2080000)
  to   space 12800K, 0% used [0x00000007c0900000,0x00000007c0900000,0x00000007c1580000)
 ParOldGen       total 2097152K, used 206068K [0x0000000740000000, 0x00000007c0000000, 0x00000007c0000000)
  object space 2097152K, 9% used [0x0000000740000000,0x000000074c93d3a8,0x00000007c0000000)
 Metaspace       used 80986K, committed 82496K, reserved 1179648K
  class space    used 9060K, committed 9728K, reserved 1048576K
}
Event: 100.761 GC heap after
{Heap after GC invocations=1170 (full 5):
 PSYoungGen      total 19968K, used 10668K [0x00000007c0000000, 0x00000007c1f80000, 0x0000000800000000)
  eden space 9216K, 0% used [0x00000007c0000000,0x00000007c0000000,0x00000007c0900000)
  from space 10752K, 99% used [0x00000007c0900000,0x00000007c136b100,0x00000007c1380000)
  to   space 11264K, 0% used [0x00000007c1480000,0x00000007c1480000,0x00000007c1f80000)
 ParOldGen       total 2097152K, used 207838K [0x0000000740000000, 0x00000007c0000000, 0x00000007c0000000)
  object space 2097152K, 9% used [0x0000000740000000,0x000000074caf7bc0,0x00000007c0000000)
 Metaspace       used 80986K, committed 82496K, reserved 1179648K
  class space    used 9060K, committed 9728K, reserved 1048576K
}
Event: 100.878 GC heap before
{Heap before GC invocations=1171 (full 5):
 PSYoungGen      total 19968K, used 19884K [0x00000007c0000000, 0x00000007c1f80000, 0x0000000800000000)
  eden space 9216K, 100% used [0x00000007c0000000,0x00000007c0900000,0x00000007c0900000)
  from space 10752K, 99% used [0x00000007c0900000,0x00000007c136b100,0x00000007c1380000)
  to   space 11264K, 0% used [0x00000007c1480000,0x00000007c1480000,0x00000007c1f80000)
 ParOldGen       total 2097152K, used 207838K [0x0000000740000000, 0x00000007c0000000, 0x00000007c0000000)
  object space 2097152K, 9% used [0x0000000740000000,0x000000074caf7bc0,0x00000007c0000000)
 Metaspace       used 81033K, committed 82496K, reserved 1179648K
  class space    used 9060K, committed 9728K, reserved 1048576K
}
Event: 100.888 GC heap after
{Heap after GC invocations=1171 (full 5):
 PSYoungGen      total 19968K, used 11240K [0x00000007c0000000, 0x00000007c2180000, 0x0000000800000000)
  eden space 8704K, 0% used [0x00000007c0000000,0x00000007c0000000,0x00000007c0880000)
  from space 11264K, 99% used [0x00000007c1480000,0x00000007c1f7a288,0x00000007c1f80000)
  to   space 12288K, 0% used [0x00000007c0880000,0x00000007c0880000,0x00000007c1480000)
 ParOldGen       total 2097152K, used 208278K [0x0000000740000000, 0x00000007c0000000, 0x00000007c0000000)
  object space 2097152K, 9% used [0x0000000740000000,0x000000074cb65bf0,0x00000007c0000000)
 Metaspace       used 81033K, committed 82496K, reserved 1179648K
  class space    used 9060K, committed 9728K, reserved 1048576K
}
Event: 101.051 GC heap before
{Heap before GC invocations=1172 (full 5):
 PSYoungGen      total 19968K, used 19944K [0x00000007c0000000, 0x00000007c2180000, 0x0000000800000000)
  eden space 8704K, 100% used [0x00000007c0000000,0x00000007c0880000,0x00000007c0880000)
  from space 11264K, 99% used [0x00000007c1480000,0x00000007c1f7a288,0x00000007c1f80000)
  to   space 12288K, 0% used [0x00000007c0880000,0x00000007c0880000,0x00000007c1480000)
 ParOldGen       total 2097152K, used 208278K [0x0000000740000000, 0x00000007c0000000, 0x00000007c0000000)
  object space 2097152K, 9% used [0x0000000740000000,0x000000074cb65bf0,0x00000007c0000000)
 Metaspace       used 81035K, committed 82496K, reserved 1179648K
  class space    used 9060K, committed 9728K, reserved 1048576K
}
Event: 101.062 GC heap after
{Heap after GC invocations=1172 (full 5):
 PSYoungGen      total 19456K, used 10742K [0x00000007c0000000, 0x00000007c1f00000, 0x0000000800000000)
  eden space 8704K, 0% used [0x00000007c0000000,0x00000007c0000000,0x00000007c0880000)
  from space 10752K, 99% used [0x00000007c0880000,0x00000007c12fd988,0x00000007c1300000)
  to   space 11264K, 0% used [0x00000007c1400000,0x00000007c1400000,0x00000007c1f00000)
 ParOldGen       total 2097152K, used 209969K [0x0000000740000000, 0x00000007c0000000, 0x00000007c0000000)
  object space 2097152K, 10% used [0x0000000740000000,0x000000074cd0c688,0x00000007c0000000)
 Metaspace       used 81035K, committed 82496K, reserved 1179648K
  class space    used 9060K, committed 9728K, reserved 1048576K
}

Dll operation events (14 events):
Event: 0.025 Loaded shared library C:\Users\aqwsd\.serena\language_servers\static\EclipseJDTLS\vscode-java-1.54.0-923\extension\jre\21.0.10-win32-x86_64\bin\java.dll
Event: 0.060 Loaded shared library C:\Users\aqwsd\.serena\language_servers\static\EclipseJDTLS\vscode-java-1.54.0-923\extension\jre\21.0.10-win32-x86_64\bin\zip.dll
Event: 0.134 Loaded shared library C:\Users\aqwsd\.serena\language_servers\static\EclipseJDTLS\vscode-java-1.54.0-923\extension\jre\21.0.10-win32-x86_64\bin\instrument.dll
Event: 0.143 Loaded shared library C:\Users\aqwsd\.serena\language_servers\static\EclipseJDTLS\vscode-java-1.54.0-923\extension\jre\21.0.10-win32-x86_64\bin\net.dll
Event: 0.151 Loaded shared library C:\Users\aqwsd\.serena\language_servers\static\EclipseJDTLS\vscode-java-1.54.0-923\extension\jre\21.0.10-win32-x86_64\bin\nio.dll
Event: 0.156 Loaded shared library C:\Users\aqwsd\.serena\language_servers\static\EclipseJDTLS\vscode-java-1.54.0-923\extension\jre\21.0.10-win32-x86_64\bin\zip.dll
Event: 0.176 Loaded shared library C:\Users\aqwsd\.serena\language_servers\static\EclipseJDTLS\vscode-java-1.54.0-923\extension\jre\21.0.10-win32-x86_64\bin\jimage.dll
Event: 2.072 Loaded shared library C:\Users\aqwsd\.serena\language_servers\static\EclipseJDTLS\workspaces\fb766bf42144c95c9ec203e42adba588\config_path\org.eclipse.equinox.launcher\org.eclipse.equinox.launcher.win32.win32.x86_64_1.3.0.v20260203-2149\eclipse_11919.dll
Event: 4.782 Loaded shared library C:\Users\aqwsd\AppData\Local\Temp\jna-93065944\jna8141944768190896798.dll
Event: 52.546 Loaded shared library C:\Users\aqwsd\.gradle\native\1def1411415f61bf3af743bc5b6707747c0891f09f0c88961ee8f79bc544acac\windows-amd64\native-platform.dll
Event: 57.633 Loaded shared library C:\Users\aqwsd\.serena\language_servers\static\EclipseJDTLS\vscode-java-1.54.0-923\extension\jre\21.0.10-win32-x86_64\bin\management.dll
Event: 57.644 Loaded shared library C:\Users\aqwsd\.serena\language_servers\static\EclipseJDTLS\vscode-java-1.54.0-923\extension\jre\21.0.10-win32-x86_64\bin\management_ext.dll
Event: 72.119 Loaded shared library C:\Users\aqwsd\.serena\language_servers\static\EclipseJDTLS\vscode-java-1.54.0-923\extension\jre\21.0.10-win32-x86_64\bin\extnet.dll
Event: 72.445 Loaded shared library C:\Users\aqwsd\.serena\language_servers\static\EclipseJDTLS\vscode-java-1.54.0-923\extension\jre\21.0.10-win32-x86_64\bin\sunmscapi.dll

Deoptimization events (20 events):
Event: 100.811 Thread 0x0000020bfe21ed70 Uncommon trap: trap_request=0xffffffc6 fr.pc=0x0000020b9ae8c948 relative=0x0000000000000108
Event: 100.811 Thread 0x0000020bfe21ed70 Uncommon trap: reason=bimorphic_or_optimized_type_check action=maybe_recompile pc=0x0000020b9ae8c948 method=org.eclipse.jdt.internal.compiler.ast.Expression.checkNPEbyUnboxing(Lorg/eclipse/jdt/internal/compiler/lookup/BlockScope;Lorg/eclipse/jdt/internal/
Event: 100.811 Thread 0x0000020bfe21ed70 DEOPT PACKING pc=0x0000020b9ae8c948 sp=0x000000fd3b3fd4c0
Event: 100.811 Thread 0x0000020bfe21ed70 DEOPT UNPACKING pc=0x0000020b99883aa2 sp=0x000000fd3b3fd428 mode 2
Event: 100.821 Thread 0x0000020bfe21ed70 Uncommon trap: trap_request=0xffffffbe fr.pc=0x0000020b9aab169c relative=0x0000000000000f1c
Event: 100.821 Thread 0x0000020bfe21ed70 Uncommon trap: reason=profile_predicate action=maybe_recompile pc=0x0000020b9aab169c method=org.eclipse.jdt.internal.compiler.lookup.Scope.findExactMethod(Lorg/eclipse/jdt/internal/compiler/lookup/ReferenceBinding;[C[Lorg/eclipse/jdt/internal/compiler/loo
Event: 100.821 Thread 0x0000020bfe21ed70 DEOPT PACKING pc=0x0000020b9aab169c sp=0x000000fd3b3fe2d0
Event: 100.821 Thread 0x0000020bfe21ed70 DEOPT UNPACKING pc=0x0000020b99883aa2 sp=0x000000fd3b3fe288 mode 2
Event: 100.822 Thread 0x0000020bfe21ed70 Uncommon trap: trap_request=0xffffffbe fr.pc=0x0000020b9aab169c relative=0x0000000000000f1c
Event: 100.822 Thread 0x0000020bfe21ed70 Uncommon trap: reason=profile_predicate action=maybe_recompile pc=0x0000020b9aab169c method=org.eclipse.jdt.internal.compiler.lookup.Scope.findExactMethod(Lorg/eclipse/jdt/internal/compiler/lookup/ReferenceBinding;[C[Lorg/eclipse/jdt/internal/compiler/loo
Event: 100.822 Thread 0x0000020bfe21ed70 DEOPT PACKING pc=0x0000020b9aab169c sp=0x000000fd3b3fe2d0
Event: 100.822 Thread 0x0000020bfe21ed70 DEOPT UNPACKING pc=0x0000020b99883aa2 sp=0x000000fd3b3fe288 mode 2
Event: 100.841 Thread 0x0000020bfe21ed70 Uncommon trap: trap_request=0xffffff6e fr.pc=0x0000020b9aab182c relative=0x00000000000010ac
Event: 100.841 Thread 0x0000020bfe21ed70 Uncommon trap: reason=loop_limit_check action=maybe_recompile pc=0x0000020b9aab182c method=org.eclipse.jdt.internal.compiler.lookup.Scope.findExactMethod(Lorg/eclipse/jdt/internal/compiler/lookup/ReferenceBinding;[C[Lorg/eclipse/jdt/internal/compiler/look
Event: 100.841 Thread 0x0000020bfe21ed70 DEOPT PACKING pc=0x0000020b9aab182c sp=0x000000fd3b3fe5b0
Event: 100.841 Thread 0x0000020bfe21ed70 DEOPT UNPACKING pc=0x0000020b99883aa2 sp=0x000000fd3b3fe560 mode 2
Event: 101.109 Thread 0x0000020bfe21ed70 Uncommon trap: trap_request=0xffffff45 fr.pc=0x0000020b9a7a83b0 relative=0x0000000000001630
Event: 101.109 Thread 0x0000020bfe21ed70 Uncommon trap: reason=unstable_if action=reinterpret pc=0x0000020b9a7a83b0 method=org.eclipse.jdt.internal.compiler.lookup.Scope.getBinding([CILorg/eclipse/jdt/internal/compiler/lookup/InvocationSite;Z)Lorg/eclipse/jdt/internal/compiler/lookup/Binding; @ 
Event: 101.109 Thread 0x0000020bfe21ed70 DEOPT PACKING pc=0x0000020b9a7a83b0 sp=0x000000fd3b3fe0f0
Event: 101.109 Thread 0x0000020bfe21ed70 DEOPT UNPACKING pc=0x0000020b99883aa2 sp=0x000000fd3b3fe058 mode 2

Classes loaded (20 events):
Event: 72.578 Loading class java/util/concurrent/Executors$AutoShutdownDelegatedExecutorService
Event: 72.578 Loading class java/util/concurrent/Executors$AutoShutdownDelegatedExecutorService done
Event: 73.223 Loading class java/time/Ser
Event: 73.224 Loading class java/time/Ser done
Event: 79.708 Loading class java/net/Proxy
Event: 79.708 Loading class java/net/Proxy done
Event: 79.734 Loading class java/io/ObjectInputStream$Caches
Event: 79.734 Loading class java/io/ObjectInputStream$Caches done
Event: 79.734 Loading class java/io/ObjectInputStream$Caches$1
Event: 79.734 Loading class java/io/ObjectInputStream$Caches$1 done
Event: 80.244 Loading class java/util/concurrent/ConcurrentLinkedQueue$Itr
Event: 80.244 Loading class java/util/concurrent/ConcurrentLinkedQueue$Itr done
Event: 85.741 Loading class sun/reflect/generics/tree/IntSignature
Event: 85.741 Loading class sun/reflect/generics/tree/IntSignature done
Event: 86.585 Loading class java/util/Hashtable$KeySet
Event: 86.585 Loading class java/util/Hashtable$KeySet done
Event: 86.636 Loading class java/security/DigestInputStream
Event: 86.636 Loading class java/security/DigestInputStream done
Event: 98.039 Loading class jdk/internal/module/IllegalAccessLogger
Event: 98.039 Loading class jdk/internal/module/IllegalAccessLogger done

Classes unloaded (20 events):
Event: 62.500 Thread 0x0000020b8f2d2f50 Unloading class 0x0000020ba9012400 'java/lang/invoke/LambdaForm$MH+0x0000020ba9012400'
Event: 62.500 Thread 0x0000020b8f2d2f50 Unloading class 0x0000020ba900b800 'java/lang/invoke/LambdaForm$MH+0x0000020ba900b800'
Event: 62.500 Thread 0x0000020b8f2d2f50 Unloading class 0x0000020ba900b400 'java/lang/invoke/LambdaForm$MH+0x0000020ba900b400'
Event: 62.500 Thread 0x0000020b8f2d2f50 Unloading class 0x0000020ba900b000 'java/lang/invoke/LambdaForm$MH+0x0000020ba900b000'
Event: 62.500 Thread 0x0000020b8f2d2f50 Unloading class 0x0000020ba900ac00 'java/lang/invoke/LambdaForm$MH+0x0000020ba900ac00'
Event: 62.500 Thread 0x0000020b8f2d2f50 Unloading class 0x0000020ba900a800 'java/lang/invoke/LambdaForm$BMH+0x0000020ba900a800'
Event: 62.500 Thread 0x0000020b8f2d2f50 Unloading class 0x0000020ba900a000 'java/lang/invoke/LambdaForm$DMH+0x0000020ba900a000'
Event: 62.500 Thread 0x0000020b8f2d2f50 Unloading class 0x0000020ba9008c00 'java/lang/invoke/LambdaForm$MH+0x0000020ba9008c00'
Event: 62.500 Thread 0x0000020b8f2d2f50 Unloading class 0x0000020ba9008800 'java/lang/invoke/LambdaForm$MH+0x0000020ba9008800'
Event: 62.500 Thread 0x0000020b8f2d2f50 Unloading class 0x0000020ba9008400 'java/lang/invoke/LambdaForm$MH+0x0000020ba9008400'
Event: 62.500 Thread 0x0000020b8f2d2f50 Unloading class 0x0000020ba9007000 'java/lang/invoke/LambdaForm$MH+0x0000020ba9007000'
Event: 62.500 Thread 0x0000020b8f2d2f50 Unloading class 0x0000020ba9006c00 'java/lang/invoke/LambdaForm$MH+0x0000020ba9006c00'
Event: 62.500 Thread 0x0000020b8f2d2f50 Unloading class 0x0000020ba9006800 'java/lang/invoke/LambdaForm$MH+0x0000020ba9006800'
Event: 62.500 Thread 0x0000020b8f2d2f50 Unloading class 0x0000020ba9006400 'java/lang/invoke/LambdaForm$MH+0x0000020ba9006400'
Event: 62.500 Thread 0x0000020b8f2d2f50 Unloading class 0x0000020ba9005c00 'java/lang/invoke/LambdaForm$BMH+0x0000020ba9005c00'
Event: 62.500 Thread 0x0000020b8f2d2f50 Unloading class 0x0000020ba9004800 'java/lang/invoke/LambdaForm$DMH+0x0000020ba9004800'
Event: 62.500 Thread 0x0000020b8f2d2f50 Unloading class 0x0000020ba9002400 'java/lang/invoke/LambdaForm$MH+0x0000020ba9002400'
Event: 62.500 Thread 0x0000020b8f2d2f50 Unloading class 0x0000020ba9002000 'java/lang/invoke/LambdaForm$MH+0x0000020ba9002000'
Event: 62.500 Thread 0x0000020b8f2d2f50 Unloading class 0x0000020ba9001800 'java/lang/invoke/LambdaForm$MH+0x0000020ba9001800'
Event: 62.500 Thread 0x0000020b8f2d2f50 Unloading class 0x0000020ba9000400 'java/lang/invoke/LambdaForm$MH+0x0000020ba9000400'

Classes redefined (0 events):
No events

Internal exceptions (20 events):
Event: 93.742 Thread 0x0000020bf3a5b830 Exception <a 'sun/nio/fs/WindowsException'{0x00000007c0568448}> (0x00000007c0568448) 
thrown [s\src\hotspot\share\prims\jni.cpp, line 520]
Event: 93.745 Thread 0x0000020bf3a5b830 Exception <a 'sun/nio/fs/WindowsException'{0x00000007c05924a0}> (0x00000007c05924a0) 
thrown [s\src\hotspot\share\prims\jni.cpp, line 520]
Event: 93.751 Thread 0x0000020bf3a5b830 Exception <a 'sun/nio/fs/WindowsException'{0x00000007c05969f8}> (0x00000007c05969f8) 
thrown [s\src\hotspot\share\prims\jni.cpp, line 520]
Event: 93.755 Thread 0x0000020bf3a5b830 Exception <a 'sun/nio/fs/WindowsException'{0x00000007c059af70}> (0x00000007c059af70) 
thrown [s\src\hotspot\share\prims\jni.cpp, line 520]
Event: 93.757 Thread 0x0000020bf3a5b830 Exception <a 'sun/nio/fs/WindowsException'{0x00000007c059f990}> (0x00000007c059f990) 
thrown [s\src\hotspot\share\prims\jni.cpp, line 520]
Event: 93.765 Thread 0x0000020bf3a5b830 Exception <a 'sun/nio/fs/WindowsException'{0x00000007c05a3ae8}> (0x00000007c05a3ae8) 
thrown [s\src\hotspot\share\prims\jni.cpp, line 520]
Event: 93.769 Thread 0x0000020bf3a5b830 Exception <a 'sun/nio/fs/WindowsException'{0x00000007c05a8020}> (0x00000007c05a8020) 
thrown [s\src\hotspot\share\prims\jni.cpp, line 520]
Event: 93.772 Thread 0x0000020bf3a5b830 Exception <a 'sun/nio/fs/WindowsException'{0x00000007c05d5e48}> (0x00000007c05d5e48) 
thrown [s\src\hotspot\share\prims\jni.cpp, line 520]
Event: 93.776 Thread 0x0000020bf3a5b830 Exception <a 'sun/nio/fs/WindowsException'{0x00000007c05da998}> (0x00000007c05da998) 
thrown [s\src\hotspot\share\prims\jni.cpp, line 520]
Event: 93.779 Thread 0x0000020bf3a5b830 Exception <a 'sun/nio/fs/WindowsException'{0x00000007c05dec18}> (0x00000007c05dec18) 
thrown [s\src\hotspot\share\prims\jni.cpp, line 520]
Event: 93.782 Thread 0x0000020bf3a5b830 Exception <a 'sun/nio/fs/WindowsException'{0x00000007c05e34d0}> (0x00000007c05e34d0) 
thrown [s\src\hotspot\share\prims\jni.cpp, line 520]
Event: 93.785 Thread 0x0000020bf3a5b830 Exception <a 'sun/nio/fs/WindowsException'{0x00000007c05e8698}> (0x00000007c05e8698) 
thrown [s\src\hotspot\share\prims\jni.cpp, line 520]
Event: 93.788 Thread 0x0000020bf3a5b830 Exception <a 'sun/nio/fs/WindowsException'{0x00000007c05ecca8}> (0x00000007c05ecca8) 
thrown [s\src\hotspot\share\prims\jni.cpp, line 520]
Event: 93.793 Thread 0x0000020bf3a5b830 Exception <a 'sun/nio/fs/WindowsException'{0x00000007c063c6c0}> (0x00000007c063c6c0) 
thrown [s\src\hotspot\share\prims\jni.cpp, line 520]
Event: 93.797 Thread 0x0000020bf3a5b830 Exception <a 'sun/nio/fs/WindowsException'{0x00000007c0640dd0}> (0x00000007c0640dd0) 
thrown [s\src\hotspot\share\prims\jni.cpp, line 520]
Event: 93.801 Thread 0x0000020bf3a5b830 Exception <a 'sun/nio/fs/WindowsException'{0x00000007c0645f28}> (0x00000007c0645f28) 
thrown [s\src\hotspot\share\prims\jni.cpp, line 520]
Event: 93.905 Thread 0x0000020bf33bace0 Implicit null exception at 0x0000020b9a843438 to 0x0000020b9a84438c
Event: 97.505 Thread 0x0000020bf3a5b830 Implicit null exception at 0x0000020b9a97bbc1 to 0x0000020b9a97d054
Event: 97.513 Thread 0x0000020bf3a5b830 Implicit null exception at 0x0000020b9a976ffa to 0x0000020b9a978214
Event: 97.515 Thread 0x0000020bf3a5b830 Implicit null exception at 0x0000020b9a9704a4 to 0x0000020b9a971684

ZGC Phase Switch (0 events):
No events

VM Operations (20 events):
Event: 99.347 Executing safepoint VM operation: ParallelGCFailedAllocation (Allocation Failure)
Event: 99.358 Executing safepoint VM operation: ParallelGCFailedAllocation (Allocation Failure) done
Event: 99.409 Executing safepoint VM operation: ParallelGCFailedAllocation (Allocation Failure)
Event: 99.418 Executing safepoint VM operation: ParallelGCFailedAllocation (Allocation Failure) done
Event: 99.562 Executing safepoint VM operation: ParallelGCFailedAllocation (Allocation Failure)
Event: 99.569 Executing safepoint VM operation: ParallelGCFailedAllocation (Allocation Failure) done
Event: 99.676 Executing safepoint VM operation: ParallelGCFailedAllocation (Allocation Failure)
Event: 99.684 Executing safepoint VM operation: ParallelGCFailedAllocation (Allocation Failure) done
Event: 99.842 Executing safepoint VM operation: ParallelGCFailedAllocation (Allocation Failure)
Event: 99.855 Executing safepoint VM operation: ParallelGCFailedAllocation (Allocation Failure) done
Event: 100.019 Executing safepoint VM operation: ParallelGCFailedAllocation (Allocation Failure)
Event: 100.030 Executing safepoint VM operation: ParallelGCFailedAllocation (Allocation Failure) done
Event: 100.571 Executing safepoint VM operation: ParallelGCFailedAllocation (Allocation Failure)
Event: 100.612 Executing safepoint VM operation: ParallelGCFailedAllocation (Allocation Failure) done
Event: 100.748 Executing safepoint VM operation: ParallelGCFailedAllocation (Allocation Failure)
Event: 100.761 Executing safepoint VM operation: ParallelGCFailedAllocation (Allocation Failure) done
Event: 100.878 Executing safepoint VM operation: ParallelGCFailedAllocation (Allocation Failure)
Event: 100.888 Executing safepoint VM operation: ParallelGCFailedAllocation (Allocation Failure) done
Event: 101.051 Executing safepoint VM operation: ParallelGCFailedAllocation (Allocation Failure)
Event: 101.062 Executing safepoint VM operation: ParallelGCFailedAllocation (Allocation Failure) done

Memory protections (0 events):
No events

Nmethod flushes (20 events):
Event: 62.561 Thread 0x0000020b8f2d2f50 flushing  nmethod 0x0000020b94c80310
Event: 62.561 Thread 0x0000020b8f2d2f50 flushing  nmethod 0x0000020b94c81590
Event: 62.561 Thread 0x0000020b8f2d2f50 flushing  nmethod 0x0000020b94c86a90
Event: 62.561 Thread 0x0000020b8f2d2f50 flushing  nmethod 0x0000020b94c87e90
Event: 62.561 Thread 0x0000020b8f2d2f50 flushing  nmethod 0x0000020b94c88c10
Event: 62.561 Thread 0x0000020b8f2d2f50 flushing osr nmethod 0x0000020b94c9d710
Event: 62.561 Thread 0x0000020b8f2d2f50 flushing  nmethod 0x0000020b94c9df90
Event: 62.561 Thread 0x0000020b8f2d2f50 flushing  nmethod 0x0000020b94c9e690
Event: 62.561 Thread 0x0000020b8f2d2f50 flushing  nmethod 0x0000020b94c9eb10
Event: 62.561 Thread 0x0000020b8f2d2f50 flushing  nmethod 0x0000020b94ca2110
Event: 62.561 Thread 0x0000020b8f2d2f50 flushing  nmethod 0x0000020b94cc8c90
Event: 62.561 Thread 0x0000020b8f2d2f50 flushing  nmethod 0x0000020b94cd9010
Event: 62.561 Thread 0x0000020b8f2d2f50 flushing  nmethod 0x0000020b94cd9790
Event: 62.561 Thread 0x0000020b8f2d2f50 flushing  nmethod 0x0000020b94cea010
Event: 62.561 Thread 0x0000020b8f2d2f50 flushing  nmethod 0x0000020b94cf3e10
Event: 62.561 Thread 0x0000020b8f2d2f50 flushing  nmethod 0x0000020b94cf4a90
Event: 62.561 Thread 0x0000020b8f2d2f50 flushing  nmethod 0x0000020b94cf7590
Event: 62.561 Thread 0x0000020b8f2d2f50 flushing  nmethod 0x0000020b94cfe390
Event: 62.561 Thread 0x0000020b8f2d2f50 flushing  nmethod 0x0000020b94d35110
Event: 62.561 Thread 0x0000020b8f2d2f50 flushing  nmethod 0x0000020b94d5ed10

Events (20 events):
Event: 89.697 Thread 0x0000020bf3a59df0 Thread added: 0x0000020bf33bfba0
Event: 89.718 Thread 0x0000020bf3a59df0 Thread added: 0x0000020bfd1ba620
Event: 89.767 Thread 0x0000020bfd1ba620 Thread exited: 0x0000020bfd1ba620
Event: 89.873 Thread 0x0000020b879f9ab0 Thread exited: 0x0000020b879f9ab0
Event: 90.579 Thread 0x0000020b879fd130 Thread exited: 0x0000020b879fd130
Event: 90.579 Thread 0x0000020b879fb5f0 Thread exited: 0x0000020b879fb5f0
Event: 90.823 Thread 0x0000020bea74f270 Thread added: 0x0000020b879fb5f0
Event: 90.823 Thread 0x0000020bea74f270 Thread added: 0x0000020b879fd130
Event: 90.823 Thread 0x0000020bea74f270 Thread added: 0x0000020b879f9ab0
Event: 90.823 Thread 0x0000020bea74f270 Thread added: 0x0000020b879ff340
Event: 91.069 Thread 0x0000020b879fb5f0 Thread added: 0x0000020b87a000e0
Event: 91.282 Thread 0x0000020b87a000e0 Thread exited: 0x0000020b87a000e0
Event: 91.362 Thread 0x0000020b879ff340 Thread exited: 0x0000020b879ff340
Event: 91.449 Thread 0x0000020b879f9ab0 Thread added: 0x0000020b879ff340
Event: 91.668 Thread 0x0000020b879ff340 Thread exited: 0x0000020b879ff340
Event: 92.079 Thread 0x0000020bea74f270 Thread added: 0x0000020b87a000e0
Event: 92.523 Thread 0x0000020b87a000e0 Thread exited: 0x0000020b87a000e0
Event: 93.244 Thread 0x0000020b879f9ab0 Thread exited: 0x0000020b879f9ab0
Event: 94.324 Thread 0x0000020b879fd130 Thread exited: 0x0000020b879fd130
Event: 94.340 Thread 0x0000020bea740d90 Thread added: 0x0000020b87a000e0


Dynamic libraries:
0x00007ff7aee80000 - 0x00007ff7aee8e000 	C:\Users\aqwsd\.serena\language_servers\static\EclipseJDTLS\vscode-java-1.54.0-923\extension\jre\21.0.10-win32-x86_64\bin\java.exe
0x00007ffe0b440000 - 0x00007ffe0b6a7000 	C:\WINDOWS\SYSTEM32\ntdll.dll
0x00007ffe0ac20000 - 0x00007ffe0ace9000 	C:\WINDOWS\System32\KERNEL32.DLL
0x00007ffe07e70000 - 0x00007ffe08267000 	C:\WINDOWS\System32\KERNELBASE.dll
0x00007ffe05450000 - 0x00007ffe054f0000 	C:\WINDOWS\SYSTEM32\apphelp.dll
0x00007ffe09070000 - 0x00007ffe091bb000 	C:\WINDOWS\System32\ucrtbase.dll
0x00007ffd76d80000 - 0x00007ffd76d98000 	C:\Users\aqwsd\.serena\language_servers\static\EclipseJDTLS\vscode-java-1.54.0-923\extension\jre\21.0.10-win32-x86_64\bin\jli.dll
0x00007ffda9cf0000 - 0x00007ffda9d0e000 	C:\Users\aqwsd\.serena\language_servers\static\EclipseJDTLS\vscode-java-1.54.0-923\extension\jre\21.0.10-win32-x86_64\bin\VCRUNTIME140.dll
0x00007ffe0a330000 - 0x00007ffe0a4f6000 	C:\WINDOWS\System32\USER32.dll
0x00007ffe08e50000 - 0x00007ffe08e77000 	C:\WINDOWS\System32\win32u.dll
0x00007ffe0b3d0000 - 0x00007ffe0b3fb000 	C:\WINDOWS\System32\GDI32.dll
0x00007ffe08270000 - 0x00007ffe0839c000 	C:\WINDOWS\System32\gdi32full.dll
0x00007ffe08fc0000 - 0x00007ffe09063000 	C:\WINDOWS\System32\msvcp_win.dll
0x00007ffde5260000 - 0x00007ffde54f2000 	C:\WINDOWS\WinSxS\amd64_microsoft.windows.common-controls_6595b64144ccf1df_6.0.26100.8457_none_3e0b2faee331e92d\COMCTL32.dll
0x00007ffe09af0000 - 0x00007ffe09b99000 	C:\WINDOWS\System32\msvcrt.dll
0x00007ffe09940000 - 0x00007ffe09972000 	C:\WINDOWS\System32\IMM32.DLL
0x00007ffdaa3a0000 - 0x00007ffdaa3ac000 	C:\Users\aqwsd\.serena\language_servers\static\EclipseJDTLS\vscode-java-1.54.0-923\extension\jre\21.0.10-win32-x86_64\bin\vcruntime140_1.dll
0x00007ffd46270000 - 0x00007ffd462fd000 	C:\Users\aqwsd\.serena\language_servers\static\EclipseJDTLS\vscode-java-1.54.0-923\extension\jre\21.0.10-win32-x86_64\bin\msvcp140.dll
0x00007ffd3a0f0000 - 0x00007ffd3ae91000 	C:\Users\aqwsd\.serena\language_servers\static\EclipseJDTLS\vscode-java-1.54.0-923\extension\jre\21.0.10-win32-x86_64\bin\server\jvm.dll
0x00007ffe0ad80000 - 0x00007ffe0ae36000 	C:\WINDOWS\System32\ADVAPI32.dll
0x00007ffe09830000 - 0x00007ffe098d7000 	C:\WINDOWS\System32\sechost.dll
0x00007ffe0ae40000 - 0x00007ffe0af58000 	C:\WINDOWS\System32\RPCRT4.dll
0x00007ffe0acf0000 - 0x00007ffe0ad70000 	C:\WINDOWS\System32\WS2_32.dll
0x00007ffe07cd0000 - 0x00007ffe07d2e000 	C:\WINDOWS\SYSTEM32\POWRPROF.dll
0x00007ffdf3b00000 - 0x00007ffdf3b36000 	C:\WINDOWS\SYSTEM32\WINMM.dll
0x00007ffe05fe0000 - 0x00007ffe05feb000 	C:\WINDOWS\SYSTEM32\VERSION.dll
0x00007ffe07cb0000 - 0x00007ffe07cc4000 	C:\WINDOWS\SYSTEM32\UMPDC.dll
0x00007ffe06bc0000 - 0x00007ffe06bdb000 	C:\WINDOWS\SYSTEM32\kernel.appcore.dll
0x00007ffda9e80000 - 0x00007ffda9e8a000 	C:\Users\aqwsd\.serena\language_servers\static\EclipseJDTLS\vscode-java-1.54.0-923\extension\jre\21.0.10-win32-x86_64\bin\jimage.dll
0x00007ffdfced0000 - 0x00007ffdfd112000 	C:\WINDOWS\SYSTEM32\DBGHELP.DLL
0x00007ffe094a0000 - 0x00007ffe09823000 	C:\WINDOWS\System32\combase.dll
0x00007ffe0a9b0000 - 0x00007ffe0aa89000 	C:\WINDOWS\System32\OLEAUT32.dll
0x00007ffdd5ae0000 - 0x00007ffdd5b1b000 	C:\WINDOWS\SYSTEM32\dbgcore.DLL
0x00007ffe08e80000 - 0x00007ffe08f28000 	C:\WINDOWS\System32\bcryptPrimitives.dll
0x00007ffda9cd0000 - 0x00007ffda9cdf000 	C:\Users\aqwsd\.serena\language_servers\static\EclipseJDTLS\vscode-java-1.54.0-923\extension\jre\21.0.10-win32-x86_64\bin\instrument.dll
0x00007ffd76d60000 - 0x00007ffd76d80000 	C:\Users\aqwsd\.serena\language_servers\static\EclipseJDTLS\vscode-java-1.54.0-923\extension\jre\21.0.10-win32-x86_64\bin\java.dll
0x00007ffe09bb0000 - 0x00007ffe0a31e000 	C:\WINDOWS\System32\SHELL32.dll
0x00007ffe085e0000 - 0x00007ffe08e4c000 	C:\WINDOWS\System32\windows.storage.dll
0x00007ffe093a0000 - 0x00007ffe09496000 	C:\WINDOWS\System32\SHCORE.dll
0x00007ffe0b310000 - 0x00007ffe0b376000 	C:\WINDOWS\System32\shlwapi.dll
0x00007ffe07d90000 - 0x00007ffe07db9000 	C:\WINDOWS\SYSTEM32\profapi.dll
0x00007ffd71e50000 - 0x00007ffd71e68000 	C:\Users\aqwsd\.serena\language_servers\static\EclipseJDTLS\vscode-java-1.54.0-923\extension\jre\21.0.10-win32-x86_64\bin\zip.dll
0x00007ffda9a40000 - 0x00007ffda9a50000 	C:\Users\aqwsd\.serena\language_servers\static\EclipseJDTLS\vscode-java-1.54.0-923\extension\jre\21.0.10-win32-x86_64\bin\net.dll
0x00007ffdff080000 - 0x00007ffdff1a9000 	C:\WINDOWS\SYSTEM32\WINHTTP.dll
0x00007ffe07110000 - 0x00007ffe0717c000 	C:\WINDOWS\system32\mswsock.dll
0x00007ffd595e0000 - 0x00007ffd595f6000 	C:\Users\aqwsd\.serena\language_servers\static\EclipseJDTLS\vscode-java-1.54.0-923\extension\jre\21.0.10-win32-x86_64\bin\nio.dll
0x00007ffd4db70000 - 0x00007ffd4dbb5000 	C:\Users\aqwsd\.serena\language_servers\static\EclipseJDTLS\workspaces\fb766bf42144c95c9ec203e42adba588\config_path\org.eclipse.equinox.launcher\org.eclipse.equinox.launcher.win32.win32.x86_64_1.3.0.v20260203-2149\eclipse_11919.dll
0x00007ffe0b170000 - 0x00007ffe0b307000 	C:\WINDOWS\System32\ole32.dll
0x00007ffe07510000 - 0x00007ffe0752b000 	C:\WINDOWS\SYSTEM32\CRYPTSP.dll
0x00007ffe06b20000 - 0x00007ffe06b59000 	C:\WINDOWS\system32\rsaenh.dll
0x00007ffe071c0000 - 0x00007ffe071f3000 	C:\WINDOWS\SYSTEM32\USERENV.dll
0x00007ffe07d60000 - 0x00007ffe07d8a000 	C:\WINDOWS\SYSTEM32\bcrypt.dll
0x00007ffe07370000 - 0x00007ffe0737c000 	C:\WINDOWS\SYSTEM32\CRYPTBASE.dll
0x00007ffe065b0000 - 0x00007ffe065e2000 	C:\WINDOWS\SYSTEM32\IPHLPAPI.DLL
0x00007ffe0ac10000 - 0x00007ffe0ac1a000 	C:\WINDOWS\System32\NSI.dll
0x00007ffda7dc0000 - 0x00007ffda7e09000 	C:\Users\aqwsd\AppData\Local\Temp\jna-93065944\jna8141944768190896798.dll
0x00007ffe09ba0000 - 0x00007ffe09ba8000 	C:\WINDOWS\System32\PSAPI.DLL
0x00007ffdff3f0000 - 0x00007ffdff40d000 	C:\WINDOWS\SYSTEM32\dhcpcsvc6.DLL
0x00007ffdfee50000 - 0x00007ffdfee75000 	C:\WINDOWS\SYSTEM32\dhcpcsvc.DLL
0x00007ffd467e0000 - 0x00007ffd46807000 	C:\Users\aqwsd\.gradle\native\1def1411415f61bf3af743bc5b6707747c0891f09f0c88961ee8f79bc544acac\windows-amd64\native-platform.dll
0x00007ffda5f70000 - 0x00007ffda5f7a000 	C:\Users\aqwsd\.serena\language_servers\static\EclipseJDTLS\vscode-java-1.54.0-923\extension\jre\21.0.10-win32-x86_64\bin\management.dll
0x00007ffd9f4a0000 - 0x00007ffd9f4ac000 	C:\Users\aqwsd\.serena\language_servers\static\EclipseJDTLS\vscode-java-1.54.0-923\extension\jre\21.0.10-win32-x86_64\bin\management_ext.dll
0x00007ffd4db60000 - 0x00007ffd4db69000 	C:\Users\aqwsd\.serena\language_servers\static\EclipseJDTLS\vscode-java-1.54.0-923\extension\jre\21.0.10-win32-x86_64\bin\extnet.dll
0x00007ffd9b880000 - 0x00007ffd9b88e000 	C:\Users\aqwsd\.serena\language_servers\static\EclipseJDTLS\vscode-java-1.54.0-923\extension\jre\21.0.10-win32-x86_64\bin\sunmscapi.dll
0x00007ffe083a0000 - 0x00007ffe08518000 	C:\WINDOWS\System32\CRYPT32.dll
0x00007ffe07670000 - 0x00007ffe076a0000 	C:\WINDOWS\SYSTEM32\ncrypt.dll
0x00007ffe07620000 - 0x00007ffe0765f000 	C:\WINDOWS\SYSTEM32\NTASN1.dll
0x00007ffd9fd30000 - 0x00007ffd9fd38000 	C:\WINDOWS\system32\wshunix.dll

JVMTI agents:
C:\Users\aqwsd\.serena\language_servers\static\EclipseJDTLS\vscode-java-1.54.0-923\extension\lombok\lombok-1.18.39-4050.jar path:C:\Users\aqwsd\.serena\language_servers\static\EclipseJDTLS\vscode-java-1.54.0-923\extension\jre\21.0.10-win32-x86_64\bin\instrument.dll, loaded, initialized, instrumentlib options:none

dbghelp: loaded successfully - version: 4.0.5 - missing functions: none
symbol engine: initialized successfully - sym options: 0x614 - pdb path: .;C:\Users\aqwsd\.serena\language_servers\static\EclipseJDTLS\vscode-java-1.54.0-923\extension\jre\21.0.10-win32-x86_64\bin;C:\WINDOWS\SYSTEM32;C:\WINDOWS\WinSxS\amd64_microsoft.windows.common-controls_6595b64144ccf1df_6.0.26100.8457_none_3e0b2faee331e92d;C:\Users\aqwsd\.serena\language_servers\static\EclipseJDTLS\vscode-java-1.54.0-923\extension\jre\21.0.10-win32-x86_64\bin\server;C:\Users\aqwsd\.serena\language_servers\static\EclipseJDTLS\workspaces\fb766bf42144c95c9ec203e42adba588\config_path\org.eclipse.equinox.launcher\org.eclipse.equinox.launcher.win32.win32.x86_64_1.3.0.v20260203-2149;C:\Users\aqwsd\AppData\Local\Temp\jna-93065944;C:\Users\aqwsd\.gradle\native\1def1411415f61bf3af743bc5b6707747c0891f09f0c88961ee8f79bc544acac\windows-amd64

VM Arguments:
jvm_args: --add-modules=ALL-SYSTEM --add-opens=java.base/java.util=ALL-UNNAMED --add-opens=java.base/java.lang=ALL-UNNAMED --add-opens=java.base/sun.nio.fs=ALL-UNNAMED -Declipse.application=org.eclipse.jdt.ls.core.id1 -Dosgi.bundles.defaultStartLevel=4 -Declipse.product=org.eclipse.jdt.ls.core.product -Djava.import.generatesMetadataFilesAtProjectRoot=false -Dfile.encoding=utf8 -Xverify:none -XX:+UseParallelGC -XX:GCTimeRatio=4 -XX:AdaptiveSizePolicyWeight=90 -Dsun.zip.disableMemoryMapping=true -Djava.lsp.joinOnCompletion=true -Xmx3G -Xms100m -Xlog:disable -Dlog.level=ALL -javaagent:C:\Users\aqwsd\.serena\language_servers\static\EclipseJDTLS\vscode-java-1.54.0-923\extension\lombok\lombok-1.18.39-4050.jar -Djdt.core.sharedIndexLocation=C:\Users\aqwsd\.serena\language_servers\static\lsp\EclipseJDTLS\sharedIndex 
java_command: C:\Users\aqwsd\.serena\language_servers\static\EclipseJDTLS\vscode-java-1.54.0-923\extension\server\plugins\org.eclipse.equinox.launcher_1.7.100.v20251111-0406.jar -configuration C:\Users\aqwsd\.serena\language_servers\static\EclipseJDTLS\workspaces\fb766bf42144c95c9ec203e42adba588\config_path -data C:\Users\aqwsd\.serena\language_servers\static\EclipseJDTLS\workspaces\fb766bf42144c95c9ec203e42adba588\data_dir
java_class_path (initial): C:\Users\aqwsd\.serena\language_servers\static\EclipseJDTLS\vscode-java-1.54.0-923\extension\server\plugins\org.eclipse.equinox.launcher_1.7.100.v20251111-0406.jar
Launcher Type: SUN_STANDARD

[Global flags]
    uintx AdaptiveSizePolicyWeight                 = 90                                        {product} {command line}
     intx CICompilerCount                          = 15                                        {product} {ergonomic}
    uintx GCTimeRatio                              = 4                                         {product} {command line}
   size_t InitialHeapSize                          = 104857600                                 {product} {command line}
   size_t MaxHeapSize                              = 3221225472                                {product} {command line}
   size_t MaxNewSize                               = 1073741824                                {product} {ergonomic}
   size_t MinHeapDeltaBytes                        = 524288                                    {product} {ergonomic}
   size_t MinHeapSize                              = 104857600                                 {product} {command line}
   size_t NewSize                                  = 34603008                                  {product} {ergonomic}
    uintx NonNMethodCodeHeapSize                   = 8192380                                {pd product} {ergonomic}
    uintx NonProfiledCodeHeapSize                  = 121732930                              {pd product} {ergonomic}
   size_t OldSize                                  = 70254592                                  {product} {ergonomic}
    uintx ProfiledCodeHeapSize                     = 121732930                              {pd product} {ergonomic}
    uintx ReservedCodeCacheSize                    = 251658240                              {pd product} {ergonomic}
     bool SegmentedCodeCache                       = true                                      {product} {ergonomic}
   size_t SoftMaxHeapSize                          = 3221225472                             {manageable} {ergonomic}
     bool UseCompressedOops                        = true                           {product lp64_product} {ergonomic}
     bool UseLargePagesIndividualAllocation        = false                                  {pd product} {ergonomic}
     bool UseParallelGC                            = true                                      {product} {command line}

Logging:
Log output configuration:
 #0: stdout all=off uptime,level,tags foldmultilines=false
 #1: stderr all=off uptime,level,tags foldmultilines=false

Release file:
JAVA_VERSION="21.0.10" 
MODULES="java.base java.compiler java.datatransfer java.xml java.prefs java.desktop java.instrument java.logging java.management java.security.sasl java.naming java.rmi java.management.rmi java.net.http java.scripting java.security.jgss java.transaction.xa java.sql java.sql.rowset java.xml.crypto java.se java.smartcardio jdk.accessibility jdk.internal.jvmstat jdk.attach jdk.charsets jdk.internal.opt jdk.zipfs jdk.compiler jdk.crypto.ec jdk.crypto.cryptoki jdk.crypto.mscapi jdk.dynalink jdk.internal.ed jdk.editpad jdk.hotspot.agent jdk.httpserver jdk.internal.le jdk.internal.vm.ci jdk.internal.vm.compiler jdk.internal.vm.compiler.management jdk.jartool jdk.javadoc jdk.jcmd jdk.management jdk.management.agent jdk.jconsole jdk.jdeps jdk.jdwp.agent jdk.jdi jdk.jfr jdk.jshell jdk.jsobject jdk.jstatd jdk.localedata jdk.management.jfr jdk.naming.dns jdk.naming.rmi jdk.net jdk.nio.mapmode jdk.random jdk.sctp jdk.security.auth jdk.security.jgss jdk.unsupported jdk.unsupported.desktop jdk.xml.dom" 

Environment Variables:
JAVA_HOME=C:\Users\aqwsd\.serena\language_servers\static\EclipseJDTLS\vscode-java-1.54.0-923\extension\jre\21.0.10-win32-x86_64
PATH=C:\Program Files\Eclipse Adoptium\jdk-21.0.9.10-hotspot\bin;C:\Python314\Scripts\;C:\Python314\;C:\Program Files\Common Files\Oracle\Java\javapath;C:\WINDOWS\system32;C:\WINDOWS;C:\WINDOWS\System32\Wbem;C:\WINDOWS\System32\WindowsPowerShell\v1.0\;C:\WINDOWS\System32\OpenSSH\;C:\Program Files (x86)\NVIDIA Corporation\PhysX\Common;C:\Program Files\NVIDIA Corporation\NVIDIA App\NvDLISR;C:\Program Files\nodejs\;C:\ProgramData\chocolatey\bin;C:\Program Files\Bandizip\;C:\Program Files\Git\cmd;C:\Program Files\dotnet\;C:\Program Files\Cloudflare\Cloudflare WARP\;C:\Program Files\Amazon\AWSCLIV2\;C:\Program Files\Amazon\AWSCLIV2;;C:\Program Files\Docker\Docker\resources\bin;C:\Program Files\PuTTY\;C:\Program Files\k6\;C:\Users\aqwsd\AppData\Local\Microsoft\WindowsApps;C:\Users\aqwsd\AppData\Local\Programs\Microsoft VS Code\bin;C:\Users\aqwsd\AppData\Local\GitHubDesktop\bin;C:\Users\aqwsd\AppData\Roaming\npm;C:\Users\aqwsd\.bun\bin;C:\Program Files\nodejs;C:\Python314;C:\Program Files\Git\mingw64\bin;
USERNAME=aqwsd
SHELL=C:\Program Files\Git\bin\bash.exe
OS=Windows_NT
PROCESSOR_IDENTIFIER=Intel64 Family 6 Model 183 Stepping 1, GenuineIntel
TMP=C:\Users\aqwsd\AppData\Local\Temp
TEMP=C:\Users\aqwsd\AppData\Local\Temp




Periodic native trim disabled

---------------  S Y S T E M  ---------------

OS:
 Windows 11 , 64 bit Build 26100 (10.0.26100.8328)
OS uptime: 0 days 7:49 hours
Hyper-V role detected

CPU: total 32 (initial active 32) (16 cores per cpu, 2 threads per core) family 6 model 183 stepping 1 microcode 0x12e, cx8, cmov, fxsr, ht, mmx, 3dnowpref, sse, sse2, sse3, ssse3, sse4.1, sse4.2, popcnt, lzcnt, tsc, tscinvbit, avx, avx2, aes, erms, clmul, bmi1, bmi2, adx, sha, fma, vzeroupper, clflush, clflushopt, clwb, hv, serialize, rdtscp, rdpid, fsrm, f16c, cet_ibt, cet_ss
Processor Information for processor 0
  Max Mhz: 2200, Current Mhz: 2200, Mhz Limit: 2200
Processor Information for processor 1
  Max Mhz: 2200, Current Mhz: 2200, Mhz Limit: 2200
Processor Information for processor 2
  Max Mhz: 2200, Current Mhz: 2200, Mhz Limit: 2200
Processor Information for processor 3
  Max Mhz: 2200, Current Mhz: 2200, Mhz Limit: 2200
Processor Information for processor 4
  Max Mhz: 2200, Current Mhz: 2200, Mhz Limit: 2200
Processor Information for processor 5
  Max Mhz: 2200, Current Mhz: 2200, Mhz Limit: 2200
Processor Information for processor 6
  Max Mhz: 2200, Current Mhz: 2200, Mhz Limit: 2200
Processor Information for processor 7
  Max Mhz: 2200, Current Mhz: 2200, Mhz Limit: 2200
Processor Information for processor 8
  Max Mhz: 2200, Current Mhz: 2200, Mhz Limit: 2200
Processor Information for processor 9
  Max Mhz: 2200, Current Mhz: 2200, Mhz Limit: 2200
Processor Information for processor 10
  Max Mhz: 2200, Current Mhz: 2200, Mhz Limit: 2200
Processor Information for processor 11
  Max Mhz: 2200, Current Mhz: 2200, Mhz Limit: 2200
Processor Information for processor 12
  Max Mhz: 2200, Current Mhz: 2200, Mhz Limit: 2200
Processor Information for processor 13
  Max Mhz: 2200, Current Mhz: 2200, Mhz Limit: 2200
Processor Information for processor 14
  Max Mhz: 2200, Current Mhz: 2200, Mhz Limit: 2200
Processor Information for processor 15
  Max Mhz: 2200, Current Mhz: 2200, Mhz Limit: 2200
Processor Information for processor 16
  Max Mhz: 2200, Current Mhz: 1600, Mhz Limit: 1584
Processor Information for processor 17
  Max Mhz: 2200, Current Mhz: 1500, Mhz Limit: 1584
Processor Information for processor 18
  Max Mhz: 2200, Current Mhz: 1600, Mhz Limit: 1584
Processor Information for processor 19
  Max Mhz: 2200, Current Mhz: 1500, Mhz Limit: 1584
Processor Information for processor 20
  Max Mhz: 2200, Current Mhz: 1600, Mhz Limit: 1584
Processor Information for processor 21
  Max Mhz: 2200, Current Mhz: 1600, Mhz Limit: 1584
Processor Information for processor 22
  Max Mhz: 2200, Current Mhz: 1500, Mhz Limit: 1584
Processor Information for processor 23
  Max Mhz: 2200, Current Mhz: 1500, Mhz Limit: 1584
Processor Information for processor 24
  Max Mhz: 2200, Current Mhz: 1600, Mhz Limit: 1584
Processor Information for processor 25
  Max Mhz: 2200, Current Mhz: 1500, Mhz Limit: 1584
Processor Information for processor 26
  Max Mhz: 2200, Current Mhz: 1500, Mhz Limit: 1584
Processor Information for processor 27
  Max Mhz: 2200, Current Mhz: 1600, Mhz Limit: 1584
Processor Information for processor 28
  Max Mhz: 2200, Current Mhz: 1600, Mhz Limit: 1584
Processor Information for processor 29
  Max Mhz: 2200, Current Mhz: 1600, Mhz Limit: 1584
Processor Information for processor 30
  Max Mhz: 2200, Current Mhz: 1600, Mhz Limit: 1584
Processor Information for processor 31
  Max Mhz: 2200, Current Mhz: 1500, Mhz Limit: 1584

Memory: 4k page, system-wide physical 32559M (646M free)
TotalPageFile size 71506M (AvailPageFile size 272M)
current process WorkingSet (physical memory assigned to process): 658M, peak: 686M
current process commit charge ("private bytes"): 2634M, peak: 2638M

vm_info: OpenJDK 64-Bit Server VM (21.0.10+7-LTS) for windows-amd64 JRE (21.0.10+7-LTS), built on 2026-01-20T00:00:00Z by "admin" with MS VC++ 17.12 (VS2022)

END.
